Archive member included to satisfy reference by file (symbol)

.pio/build/uno_r4_wifi/lib883/libWiFiS3.a(WiFiClient.cpp.o)
                              .pio/build/uno_r4_wifi/src/main.cpp.o (WiFiClient::~WiFiClient())
.pio/build/uno_r4_wifi/lib883/libWiFiS3.a(WiFiServer.cpp.o)
                              .pio/build/uno_r4_wifi/src/main.cpp.o (vtable for WiFiServer)
.pio/build/uno_r4_wifi/lib883/libWiFiS3.a(Modem.cpp.o)
                              .pio/build/uno_r4_wifi/lib883/libWiFiS3.a(WiFiClient.cpp.o) (ModemClass::write_nowait(std::__cxx11::basic_string<char, std::char_traits<char>, std::allocator<char> > const&, std::__cxx11::basic_string<char, std::char_traits<char>, std::allocator<char> >&, char const*, ...))
.pio/build/uno_r4_wifi/lib5ab/libController.a(Controller.cpp.o)
                              .pio/build/uno_r4_wifi/src/main.cpp.o (Controller::Controller(char const*, char const*))
.pio/build/uno_r4_wifi/libFrameworkArduinoVariant.a(main.c.o)
                              /Users/oscartesniere/.platformio/packages/toolchain-gccarmnoneeabi/bin/../lib/gcc/arm-none-eabi/7.2.1/../../../../arm-none-eabi/lib/thumb/v7e-m/fpv4-sp/hard/crt0.o (main)
.pio/build/uno_r4_wifi/libFrameworkArduino.a(Serial.cpp.o)
                              .pio/build/uno_r4_wifi/src/main.cpp.o (UART::operator bool())
.pio/build/uno_r4_wifi/libFrameworkArduino.a(SerialObj1.cpp.o)
                              .pio/build/uno_r4_wifi/src/main.cpp.o (_UART1_)
.pio/build/uno_r4_wifi/libFrameworkArduino.a(SerialObj3.cpp.o)
                              .pio/build/uno_r4_wifi/lib883/libWiFiS3.a(Modem.cpp.o) (_UART3_)
.pio/build/uno_r4_wifi/libFrameworkArduino.a(analog.cpp.o)
                              .pio/build/uno_r4_wifi/lib5ab/libController.a(Controller.cpp.o) (analogWrite)
.pio/build/uno_r4_wifi/libFrameworkArduino.a(Common.cpp.o)
                              .pio/build/uno_r4_wifi/lib5ab/libController.a(Controller.cpp.o) (map(long, long, long, long, long))
.pio/build/uno_r4_wifi/libFrameworkArduino.a(IPAddress.cpp.o)
                              .pio/build/uno_r4_wifi/lib883/libWiFiS3.a(WiFiClient.cpp.o) (arduino::IPAddress::IPAddress())
.pio/build/uno_r4_wifi/libFrameworkArduino.a(Print.cpp.o)
                              .pio/build/uno_r4_wifi/libFrameworkArduino.a(Serial.cpp.o) (arduino::Print::write(unsigned char const*, unsigned int))
.pio/build/uno_r4_wifi/libFrameworkArduino.a(Stream.cpp.o)
                              .pio/build/uno_r4_wifi/lib5ab/libController.a(Controller.cpp.o) (arduino::Stream::setTimeout(unsigned long))
.pio/build/uno_r4_wifi/libFrameworkArduino.a(String.cpp.o)
                              .pio/build/uno_r4_wifi/lib5ab/libController.a(Controller.cpp.o) (arduino::String::String(arduino::String&&))
.pio/build/uno_r4_wifi/libFrameworkArduino.a(dac.cpp.o)
                              .pio/build/uno_r4_wifi/libFrameworkArduino.a(analog.cpp.o) (CDac::analogWrite(int))
.pio/build/uno_r4_wifi/libFrameworkArduino.a(digital.cpp.o)
                              .pio/build/uno_r4_wifi/lib5ab/libController.a(Controller.cpp.o) (pinMode)
.pio/build/uno_r4_wifi/libFrameworkArduino.a(itoa.c.o)
                              .pio/build/uno_r4_wifi/libFrameworkArduino.a(String.cpp.o) (dtostrf)
.pio/build/uno_r4_wifi/libFrameworkArduino.a(main.cpp.o)
                              .pio/build/uno_r4_wifi/libFrameworkArduinoVariant.a(main.c.o) (hal_entry)
.pio/build/uno_r4_wifi/libFrameworkArduino.a(pinDefinitions.cpp.o)
                              .pio/build/uno_r4_wifi/libFrameworkArduino.a(analog.cpp.o) (pinPeripheral(e_bsp_io_port_pin_t, unsigned long))
.pio/build/uno_r4_wifi/libFrameworkArduino.a(pwm.cpp.o)
                              .pio/build/uno_r4_wifi/libFrameworkArduino.a(analog.cpp.o) (PwmOut::PwmOut(int))
.pio/build/uno_r4_wifi/libFrameworkArduino.a(time.cpp.o)
                              .pio/build/uno_r4_wifi/libFrameworkArduino.a(analog.cpp.o) (delayMicroseconds)
.pio/build/uno_r4_wifi/libFrameworkArduino.a(variant_helper.cpp.o)
                              .pio/build/uno_r4_wifi/libFrameworkArduino.a(Serial.cpp.o) (getPinCfgs(unsigned char, PinCfgReq_t))
.pio/build/uno_r4_wifi/libFrameworkArduino.a(vector_table.c.o)
                              .pio/build/uno_r4_wifi/libFrameworkArduino.a(main.cpp.o) (g_vector_table)
.pio/build/uno_r4_wifi/libFrameworkArduino.a(FspTimer.cpp.o)
                              .pio/build/uno_r4_wifi/libFrameworkArduino.a(pwm.cpp.o) (FspTimer::FspTimer())
.pio/build/uno_r4_wifi/libFrameworkArduino.a(IRQManager.cpp.o)
                              .pio/build/uno_r4_wifi/libFrameworkArduino.a(Serial.cpp.o) (IRQManager::getInstance())
.pio/build/uno_r4_wifi/libFrameworkArduino.a(cm_backtrace.c.o)
                              .pio/build/uno_r4_wifi/libFrameworkArduino.a(main.cpp.o) (cm_backtrace_init)
.pio/build/uno_r4_wifi/libFrameworkArduino.a(cortex_handlers.c.o)
[...]
Memory Configuration

Name             Origin             Length             Attributes
FLASH            0x0000000000004000 0x000000000003c000 xr
RAM              0x0000000020000000 0x0000000000008000 xrw
DATA_FLASH       0x0000000040100000 0x0000000000002000 xr
OPTION_SETTING   0x0000000000000000 0x0000000000000000 r
OPTION_SETTING_S 0x0000000000000000 0x0000000000000000 r
ID_CODE          0x0000000001010018 0x0000000000000020 xr
*default*        0x0000000000000000 0xffffffffffffffff

Linker script and memory map

LOAD /Users/oscartesniere/.platformio/packages/toolchain-gccarmnoneeabi/bin/../lib/gcc/arm-none-eabi/7.2.1/thumb/v7e-m/fpv4-sp/hard/crti.o
LOAD /Users/oscartesniere/.platformio/packages/toolchain-gccarmnoneeabi/bin/../lib/gcc/arm-none-eabi/7.2.1/thumb/v7e-m/fpv4-sp/hard/crtbegin.o
LOAD /Users/oscartesniere/.platformio/packages/toolchain-gccarmnoneeabi/bin/../lib/gcc/arm-none-eabi/7.2.1/../../../../arm-none-eabi/lib/thumb/v7e-m/fpv4-sp/hard/crt0.o
LOAD .pio/build/uno_r4_wifi/src/main.cpp.o
START GROUP
LOAD .pio/build/uno_r4_wifi/lib883/libWiFiS3.a
LOAD .pio/build/uno_r4_wifi/lib5ab/libController.a
LOAD .pio/build/uno_r4_wifi/libFrameworkArduinoVariant.a
LOAD .pio/build/uno_r4_wifi/libFrameworkArduino.a
LOAD /Users/oscartesniere/.platformio/packages/framework-arduinorenesas-uno/variants/UNOWIFIR4/libs/libfsp.a
LOAD /Users/oscartesniere/.platformio/packages/toolchain-gccarmnoneeabi/bin/../lib/gcc/arm-none-eabi/7.2.1/../../../../arm-none-eabi/lib/thumb/v7e-m/fpv4-sp/hard/libstdc++_nano.a
LOAD /Users/oscartesniere/.platformio/packages/toolchain-gccarmnoneeabi/bin/../lib/gcc/arm-none-eabi/7.2.1/../../../../arm-none-eabi/lib/thumb/v7e-m/fpv4-sp/hard/libsupc++_nano.a
LOAD /Users/oscartesniere/.platformio/packages/toolchain-gccarmnoneeabi/bin/../lib/gcc/arm-none-eabi/7.2.1/thumb/v7e-m/fpv4-sp/hard/libgcc.a
LOAD /Users/oscartesniere/.platformio/packages/toolchain-gccarmnoneeabi/bin/../lib/gcc/arm-none-eabi/7.2.1/../../../../arm-none-eabi/lib/thumb/v7e-m/fpv4-sp/hard/libnosys.a
END GROUP
LOAD /Users/oscartesniere/.platformio/packages/toolchain-gccarmnoneeabi/bin/../lib/gcc/arm-none-eabi/7.2.1/../../../../arm-none-eabi/lib/thumb/v7e-m/fpv4-sp/hard/libstdc++_nano.a
LOAD /Users/oscartesniere/.platformio/packages/toolchain-gccarmnoneeabi/bin/../lib/gcc/arm-none-eabi/7.2.1/../../../../arm-none-eabi/lib/thumb/v7e-m/fpv4-sp/hard/libm.a
LOAD /Users/oscartesniere/.platformio/packages/toolchain-gccarmnoneeabi/bin/../lib/gcc/arm-none-eabi/7.2.1/../../../../arm-none-eabi/lib/thumb/v7e-m/fpv4-sp/hard/libc_nano.a
START GROUP
LOAD /Users/oscartesniere/.platformio/packages/toolchain-gccarmnoneeabi/bin/../lib/gcc/arm-none-eabi/7.2.1/thumb/v7e-m/fpv4-sp/hard/libgcc.a
LOAD /Users/oscartesniere/.platformio/packages/toolchain-gccarmnoneeabi/bin/../lib/gcc/arm-none-eabi/7.2.1/../../../../arm-none-eabi/lib/thumb/v7e-m/fpv4-sp/hard/libc_nano.a
END GROUP
START GROUP
LOAD /Users/oscartesniere/.platformio/packages/toolchain-gccarmnoneeabi/bin/../lib/gcc/arm-none-eabi/7.2.1/thumb/v7e-m/fpv4-sp/hard/libgcc.a
LOAD /Users/oscartesniere/.platformio/packages/toolchain-gccarmnoneeabi/bin/../lib/gcc/arm-none-eabi/7.2.1/../../../../arm-none-eabi/lib/thumb/v7e-m/fpv4-sp/hard/libc_nano.a
LOAD /Users/oscartesniere/.platformio/packages/toolchain-gccarmnoneeabi/bin/../lib/gcc/arm-none-eabi/7.2.1/../../../../arm-none-eabi/lib/thumb/v7e-m/fpv4-sp/hard/libnosys.a
END GROUP
START GROUP
LOAD /Users/oscartesniere/.platformio/packages/toolchain-gccarmnoneeabi/bin/../lib/gcc/arm-none-eabi/7.2.1/thumb/v7e-m/fpv4-sp/hard/libgcc.a
LOAD /Users/oscartesniere/.platformio/packages/toolchain-gccarmnoneeabi/bin/../lib/gcc/arm-none-eabi/7.2.1/../../../../arm-none-eabi/lib/thumb/v7e-m/fpv4-sp/hard/libc_nano.a
LOAD /Users/oscartesniere/.platformio/packages/toolchain-gccarmnoneeabi/bin/../lib/gcc/arm-none-eabi/7.2.1/../../../../arm-none-eabi/lib/thumb/v7e-m/fpv4-sp/hard/libnosys.a
END GROUP
LOAD /Users/oscartesniere/.platformio/packages/toolchain-gccarmnoneeabi/bin/../lib/gcc/arm-none-eabi/7.2.1/thumb/v7e-m/fpv4-sp/hard/crtend.o
LOAD /Users/oscartesniere/.platformio/packages/toolchain-gccarmnoneeabi/bin/../lib/gcc/arm-none-eabi/7.2.1/thumb/v7e-m/fpv4-sp/hard/crtn.o
                0x0000000020000000                RAM_START = 0x20000000
                0x0000000000008000                RAM_LENGTH = 0x8000
                0x0000000000000000                FLASH_START = 0x0
                0x0000000000040000                FLASH_LENGTH = 0x40000
                0x0000000040100000                DATA_FLASH_START = 0x40100000
                0x0000000000002000                DATA_FLASH_LENGTH = 0x2000
                0x0000000000000000                OPTION_SETTING_START = 0x0
                0x0000000000000000                OPTION_SETTING_LENGTH = 0x0
                0x0000000000000000                OPTION_SETTING_S_START = 0x0
                0x0000000000000000                OPTION_SETTING_S_LENGTH = 0x0
                0x0000000001010018                ID_CODE_START = 0x1010018
                0x0000000000000020                ID_CODE_LENGTH = 0x20
                0x0000000090000000                SDRAM_START = 0x90000000
                0x0000000000000000                SDRAM_LENGTH = 0x0
                0x0000000060000000                QSPI_FLASH_START = 0x60000000
                0x0000000000000000                QSPI_FLASH_LENGTH = 0x0
                0x0000000068000000                OSPI_DEVICE_0_START = 0x68000000
                0x0000000000000000                OSPI_DEVICE_0_LENGTH = 0x0
                0x0000000070000000                OSPI_DEVICE_1_START = 0x70000000
                0x0000000000000000                OSPI_DEVICE_1_LENGTH = 0x0
                0x0000000000004000                FLASH_IMAGE_START = 0x4000
                0x0000000000000100                VECTOR_TABLE_LENGTH = 0x100
                0x0000000000000400                BSP_CFG_STACK_MAIN_BYTES = 0x400
START GROUP
LOAD /Users/oscartesniere/.platformio/packages/toolchain-gccarmnoneeabi/bin/../lib/gcc/arm-none-eabi/7.2.1/thumb/v7e-m/fpv4-sp/hard/libgcc.a
LOAD /Users/oscartesniere/.platformio/packages/toolchain-gccarmnoneeabi/bin/../lib/gcc/arm-none-eabi/7.2.1/../../../../arm-none-eabi/lib/thumb/v7e-m/fpv4-sp/hard/libc.a
LOAD /Users/oscartesniere/.platformio/packages/toolchain-gccarmnoneeabi/bin/../lib/gcc/arm-none-eabi/7.2.1/../../../../arm-none-eabi/lib/thumb/v7e-m/fpv4-sp/hard/libm.a
LOAD /Users/oscartesniere/.platformio/packages/toolchain-gccarmnoneeabi/bin/../lib/gcc/arm-none-eabi/7.2.1/../../../../arm-none-eabi/lib/thumb/v7e-m/fpv4-sp/hard/libnosys.a
END GROUP

.text           0x0000000000004000    0x10afc
                0x0000000000000000                __tz_FLASH_S = ABSOLUTE (FLASH_START)
                0x0000000000004000                __ROM_Start = .
 *(.sketch_boot)
                0x0000000000004000                . = ALIGN (0x800)
 *(.fixed_vectors*)
 .fixed_vectors
                0x0000000000004000       0x40 /Users/oscartesniere/.platformio/packages/framework-arduinorenesas-uno/variants/UNOWIFIR4/libs/libfsp.a(startup.o)
                0x0000000000004000                __Vectors
 *(.application_vectors*)
 .application_vectors
                0x0000000000004040       0x80 .pio/build/uno_r4_wifi/libFrameworkArduino.a(vector_table.c.o)
                0x0000000000004040                g_vector_table
                0x00000000000040c0                __Vectors_End = .
 *(.text*)
 .text          0x00000000000040c0       0x40 /Users/oscartesniere/.platformio/packages/toolchain-gccarmnoneeabi/bin/../lib/gcc/arm-none-eabi/7.2.1/thumb/v7e-m/fpv4-sp/hard/crtbegin.o
 .text._Z7onPressv
                0x0000000000004100       0x10 .pio/build/uno_r4_wifi/src/main.cpp.o
                0x0000000000004100                onPress()
 .text.loop     0x0000000000004110        0xc .pio/build/uno_r4_wifi/src/main.cpp.o
                0x0000000000004110                loop
 .text.startup._GLOBAL__sub_I_ctrl
                0x000000000000411c       0x18 .pio/build/uno_r4_wifi/src/main.cpp.o
 .text.exit._GLOBAL__sub_D_ctrl
                0x0000000000004134       0x34 .pio/build/uno_r4_wifi/src/main.cpp.o
 .text.setup    0x0000000000004168       0x74 .pio/build/uno_r4_wifi/src/main.cpp.o
                0x0000000000004168                setup
 .text._ZN7arduino5Print17availableForWriteEv
                0x00000000000041dc        0x4 .pio/build/uno_r4_wifi/lib883/libWiFiS3.a(WiFiClient.cpp.o)
                0x00000000000041dc                arduino::Print::availableForWrite()
 .text._ZN10WiFiClientcvbEv
                0x00000000000041e0        0xa .pio/build/uno_r4_wifi/lib883/libWiFiS3.a(WiFiClient.cpp.o)
                0x00000000000041e0                WiFiClient::operator bool()
 .text._ZN10WiFiClientneERKS_
                0x00000000000041ea       0x10 .pio/build/uno_r4_wifi/lib883/libWiFiS3.a(WiFiClient.cpp.o)
                0x00000000000041ea                WiFiClient::operator!=(WiFiClient const&)
 .text._ZN10WiFiClient5writeEh
                0x00000000000041fa       0x16 .pio/build/uno_r4_wifi/lib883/libWiFiS3.a(WiFiClient.cpp.o)
                0x00000000000041fa                WiFiClient::write(unsigned char)
 .text._ZN10WiFiClient4readEv
                0x0000000000004210       0x20 .pio/build/uno_r4_wifi/lib883/libWiFiS3.a(WiFiClient.cpp.o)
                0x0000000000004210                WiFiClient::read()
 .text._ZN10WiFiClienteqERKS_
                0x0000000000004230        0xc .pio/build/uno_r4_wifi/lib883/libWiFiS3.a(WiFiClient.cpp.o)
                0x0000000000004230                WiFiClient::operator==(WiFiClient const&)
 .text._ZNSt15_Sp_counted_ptrIPN7arduino10FifoBufferIhLm1024EEELN9__gnu_cxx12_Lock_policyE0EED2Ev
                0x000000000000423c        0x2 .pio/build/uno_r4_wifi/lib883/libWiFiS3.a(WiFiClient.cpp.o)
                0x000000000000423c                std::_Sp_counted_ptr<arduino::FifoBuffer<unsigned char, 1024ul>*, (__gnu_cxx::_Lock_policy)0>::~_Sp_counted_ptr()
                0x000000000000423c                std::_Sp_counted_ptr<arduino::FifoBuffer<unsigned char, 1024ul>*, (__gnu_cxx::_Lock_policy)0>::~_Sp_counted_ptr()
 .text._ZNSt15_Sp_counted_ptrIPN7arduino10FifoBufferIhLm1024EEELN9__gnu_cxx12_Lock_policyE0EE14_M_get_deleterERKSt9type_info
                0x000000000000423e        0x4 .pio/build/uno_r4_wifi/lib883/libWiFiS3.a(WiFiClient.cpp.o)
                0x000000000000423e                std::_Sp_counted_ptr<arduino::FifoBuffer<unsigned char, 1024ul>*, (__gnu_cxx::_Lock_policy)0>::_M_get_deleter(std::type_info const&)
 .text._ZNSt15_Sp_counted_ptrIPN7arduino10FifoBufferIhLm1024EEELN9__gnu_cxx12_Lock_policyE0EE10_M_disposeEv
                0x0000000000004242        0xa .pio/build/uno_r4_wifi/lib883/libWiFiS3.a(WiFiClient.cpp.o)
                0x0000000000004242                std::_Sp_counted_ptr<arduino::FifoBuffer<unsigned char, 1024ul>*, (__gnu_cxx::_Lock_policy)0>::_M_dispose()
 .text._ZNSt15_Sp_counted_ptrIPN7arduino10FifoBufferIhLm1024EEELN9__gnu_cxx12_Lock_policyE0EED0Ev
                0x000000000000424c        0xe .pio/build/uno_r4_wifi/lib883/libWiFiS3.a(WiFiClient.cpp.o)
                0x000000000000424c                std::_Sp_counted_ptr<arduino::FifoBuffer<unsigned char, 1024ul>*, (__gnu_cxx::_Lock_policy)0>::~_Sp_counted_ptr()
 .text._ZNSt15_Sp_counted_ptrIPN7arduino10FifoBufferIhLm1024EEELN9__gnu_cxx12_Lock_policyE0EE10_M_destroyEv
                0x000000000000425a        0x8 .pio/build/uno_r4_wifi/lib883/libWiFiS3.a(WiFiClient.cpp.o)
                0x000000000000425a                std::_Sp_counted_ptr<arduino::FifoBuffer<unsigned char, 1024ul>*, (__gnu_cxx::_Lock_policy)0>::_M_destroy()
 .text._ZN10WiFiClient7connectEN7arduino9IPAddressEt
                0x0000000000004262       0x26 .pio/build/uno_r4_wifi/lib883/libWiFiS3.a(WiFiClient.cpp.o)
                0x0000000000004262                WiFiClient::connect(arduino::IPAddress, unsigned short)
 .text._ZNSt16_Sp_counted_baseILN9__gnu_cxx12_Lock_policyE0EE10_M_releaseEv.part.6
                0x0000000000004288       0x20 .pio/build/uno_r4_wifi/lib883/libWiFiS3.a(WiFiClient.cpp.o)
 .text._ZNSt7__cxx1112basic_stringIcSt11char_traitsIcESaIcEEC2EPKcRKS3_.constprop.43
                0x00000000000042a8       0x54 .pio/build/uno_r4_wifi/lib883/libWiFiS3.a(WiFiClient.cpp.o)
 .text._ZN7__GuardD2Ev
                0x00000000000042fc        0xc .pio/build/uno_r4_wifi/lib883/libWiFiS3.a(WiFiClient.cpp.o)
                0x00000000000042fc                __Guard::~__Guard()
                0x00000000000042fc                __Guard::~__Guard()
 .text._ZN7arduino10FifoBufferIhLm1024EE9availableEv.isra.7
                0x0000000000004308       0x2c .pio/build/uno_r4_wifi/lib883/libWiFiS3.a(WiFiClient.cpp.o)
 .text._ZN7arduino10FifoBufferIhLm1024EE9nextIndexEm.isra.14
                0x0000000000004334       0x2e .pio/build/uno_r4_wifi/lib883/libWiFiS3.a(WiFiClient.cpp.o)
 *fill*         0x0000000000004362        0x2 ff
 .text._ZN10WiFiClientC2ERKS_
                0x0000000000004364       0x30 .pio/build/uno_r4_wifi/lib883/libWiFiS3.a(WiFiClient.cpp.o)
                0x0000000000004364                WiFiClient::WiFiClient(WiFiClient const&)
                0x0000000000004364                WiFiClient::WiFiClient(WiFiClient const&)
 .text._ZNSt14__shared_countILN9__gnu_cxx12_Lock_policyE0EED2Ev
                0x0000000000004394       0x18 .pio/build/uno_r4_wifi/lib883/libWiFiS3.a(WiFiClient.cpp.o)
                0x0000000000004394                std::__shared_count<(__gnu_cxx::_Lock_policy)0>::~__shared_count()
                0x0000000000004394                std::__shared_count<(__gnu_cxx::_Lock_policy)0>::~__shared_count()
 .text._ZN10WiFiClientD2Ev
                0x00000000000043ac       0x18 .pio/build/uno_r4_wifi/lib883/libWiFiS3.a(WiFiClient.cpp.o)
                0x00000000000043ac                WiFiClient::~WiFiClient()
                0x00000000000043ac                WiFiClient::~WiFiClient()
 .text._ZNSt7__cxx1112basic_stringIcSt11char_traitsIcESaIcEE10_M_disposeEv
                0x00000000000043c4       0x10 .pio/build/uno_r4_wifi/lib883/libWiFiS3.a(WiFiClient.cpp.o)
                0x00000000000043c4                std::__cxx11::basic_string<char, std::char_traits<char>, std::allocator<char> >::_M_dispose()
 .text._ZN10WiFiClient9getSocketEv
                0x00000000000043d4       0x80 .pio/build/uno_r4_wifi/lib883/libWiFiS3.a(WiFiClient.cpp.o)
                0x00000000000043d4                WiFiClient::getSocket()
 .text._ZN10WiFiClient7connectEPKct
                0x0000000000004454       0xb0 .pio/build/uno_r4_wifi/lib883/libWiFiS3.a(WiFiClient.cpp.o)
                0x0000000000004454                WiFiClient::connect(char const*, unsigned short)
 .text._ZN10WiFiClient5writeEPKhj
                0x0000000000004504       0x80 .pio/build/uno_r4_wifi/lib883/libWiFiS3.a(WiFiClient.cpp.o)
                0x0000000000004504                WiFiClient::write(unsigned char const*, unsigned int)
 .text._ZN10WiFiClient9availableEv
                0x0000000000004584       0x98 .pio/build/uno_r4_wifi/lib883/libWiFiS3.a(WiFiClient.cpp.o)
                0x0000000000004584                WiFiClient::available()
 .text._ZN10WiFiClient5_readEv
                0x000000000000461c      0x138 .pio/build/uno_r4_wifi/lib883/libWiFiS3.a(WiFiClient.cpp.o)
                0x000000000000461c                WiFiClient::_read()
 .text._ZN10WiFiClient14read_if_neededEj
                0x0000000000004754       0x22 .pio/build/uno_r4_wifi/lib883/libWiFiS3.a(WiFiClient.cpp.o)
                0x0000000000004754                WiFiClient::read_if_needed(unsigned int)
 .text._ZN10WiFiClient4readEPhj
                0x0000000000004776       0x88 .pio/build/uno_r4_wifi/lib883/libWiFiS3.a(WiFiClient.cpp.o)
                0x0000000000004776                WiFiClient::read(unsigned char*, unsigned int)
 .text._ZN10WiFiClient4peekEv
                0x00000000000047fe       0x2c .pio/build/uno_r4_wifi/lib883/libWiFiS3.a(WiFiClient.cpp.o)
                0x00000000000047fe                WiFiClient::peek()
 *fill*         0x000000000000482a        0x2 ff
 .text._ZN10WiFiClient5flushEv
                0x000000000000482c       0x60 .pio/build/uno_r4_wifi/lib883/libWiFiS3.a(WiFiClient.cpp.o)
                0x000000000000482c                WiFiClient::flush()
 .text._ZN10WiFiClient4stopEv
                0x000000000000488c       0x78 .pio/build/uno_r4_wifi/lib883/libWiFiS3.a(WiFiClient.cpp.o)
                0x000000000000488c                WiFiClient::stop()
 .text._ZN10WiFiClient9connectedEv
                0x0000000000004904       0x80 .pio/build/uno_r4_wifi/lib883/libWiFiS3.a(WiFiClient.cpp.o)
                0x0000000000004904                WiFiClient::connected()
 .text._ZN10WiFiClient8remoteIPEv
                0x0000000000004984       0xa8 .pio/build/uno_r4_wifi/lib883/libWiFiS3.a(WiFiClient.cpp.o)
                0x0000000000004984                WiFiClient::remoteIP()
 .text._ZN10WiFiClient10remotePortEv
                0x0000000000004a2c       0x74 .pio/build/uno_r4_wifi/lib883/libWiFiS3.a(WiFiClient.cpp.o)
                0x0000000000004a2c                WiFiClient::remotePort()
 .text._ZNSt12__shared_ptrIN7arduino10FifoBufferIhLm1024EEELN9__gnu_cxx12_Lock_policyE0EEaSEOS5_
                0x0000000000004aa0       0x28 .pio/build/uno_r4_wifi/lib883/libWiFiS3.a(WiFiClient.cpp.o)
                0x0000000000004aa0                std::__shared_ptr<arduino::FifoBuffer<unsigned char, 1024ul>, (__gnu_cxx::_Lock_policy)0>::operator=(std::__shared_ptr<arduino::FifoBuffer<unsigned char, 1024ul>, (__gnu_cxx::_Lock_policy)0>&&)
 .text._ZN10WiFiClientC2Ev
                0x0000000000004ac8       0x74 .pio/build/uno_r4_wifi/lib883/libWiFiS3.a(WiFiClient.cpp.o)
                0x0000000000004ac8                WiFiClient::WiFiClient()
                0x0000000000004ac8                WiFiClient::WiFiClient()
 .text._ZN10WiFiClientC2Ei
                0x0000000000004b3c       0x70 .pio/build/uno_r4_wifi/lib883/libWiFiS3.a(WiFiClient.cpp.o)
                0x0000000000004b3c                WiFiClient::WiFiClient(int)
                0x0000000000004b3c                WiFiClient::WiFiClient(int)
 .text._ZN7arduino5Print5flushEv
                0x0000000000004bac        0x2 .pio/build/uno_r4_wifi/lib883/libWiFiS3.a(WiFiServer.cpp.o)
                0x0000000000004bac                arduino::Print::flush()
 .text._ZN10WiFiServerneERKS_
                0x0000000000004bae       0x10 .pio/build/uno_r4_wifi/lib883/libWiFiS3.a(WiFiServer.cpp.o)
                0x0000000000004bae                WiFiServer::operator!=(WiFiServer const&)
 .text._ZN10WiFiServer5writeEh
                0x0000000000004bbe       0x16 .pio/build/uno_r4_wifi/lib883/libWiFiS3.a(WiFiServer.cpp.o)
                0x0000000000004bbe                WiFiServer::write(unsigned char)
 .text._ZN10WiFiServereqERKS_
                0x0000000000004bd4        0xc .pio/build/uno_r4_wifi/lib883/libWiFiS3.a(WiFiServer.cpp.o)
                0x0000000000004bd4                WiFiServer::operator==(WiFiServer const&)
 .text._ZN10WiFiServerC2Ei
                0x0000000000004be0       0x24 .pio/build/uno_r4_wifi/lib883/libWiFiS3.a(WiFiServer.cpp.o)
                0x0000000000004be0                WiFiServer::WiFiServer(int)
                0x0000000000004be0                WiFiServer::WiFiServer(int)
 .text._ZNSt7__cxx1112basic_stringIcSt11char_traitsIcESaIcEEC2EPKcRKS3_
                0x0000000000004c04       0x54 .pio/build/uno_r4_wifi/lib883/libWiFiS3.a(WiFiServer.cpp.o)
                0x0000000000004c04                std::__cxx11::basic_string<char, std::char_traits<char>, std::allocator<char> >::basic_string(char const*, std::allocator<char> const&)
                0x0000000000004c04                std::__cxx11::basic_string<char, std::char_traits<char>, std::allocator<char> >::basic_string(char const*, std::allocator<char> const&)
 .text._ZN10WiFiServer9availableEv
                0x0000000000004c58       0xf4 .pio/build/uno_r4_wifi/lib883/libWiFiS3.a(WiFiServer.cpp.o)
                0x0000000000004c58                WiFiServer::available()
 .text._ZN10WiFiServer5beginEi
                0x0000000000004d4c       0x70 .pio/build/uno_r4_wifi/lib883/libWiFiS3.a(WiFiServer.cpp.o)
                0x0000000000004d4c                WiFiServer::begin(int)
 .text._ZN10WiFiServer5beginEv
                0x0000000000004dbc        0x6 .pio/build/uno_r4_wifi/lib883/libWiFiS3.a(WiFiServer.cpp.o)
                0x0000000000004dbc                WiFiServer::begin()
 *fill*         0x0000000000004dc2        0x2 ff
 .text._ZN10WiFiServer5writeEPKhj
                0x0000000000004dc4       0x84 .pio/build/uno_r4_wifi/lib883/libWiFiS3.a(WiFiServer.cpp.o)
                0x0000000000004dc4                WiFiServer::write(unsigned char const*, unsigned int)
 .text._ZNSt7__cxx1112basic_stringIcSt11char_traitsIcESaIcEE9_M_createERjj.isra.21
                0x0000000000004e48       0x34 .pio/build/uno_r4_wifi/lib883/libWiFiS3.a(Modem.cpp.o)
 .text._ZN10ModemClassD2Ev
                0x0000000000004e7c       0x18 .pio/build/uno_r4_wifi/lib883/libWiFiS3.a(Modem.cpp.o)
                0x0000000000004e7c                ModemClass::~ModemClass()
                0x0000000000004e7c                ModemClass::~ModemClass()
 .text._ZN10ModemClass12write_nowaitERKNSt7__cxx1112basic_stringIcSt11char_traitsIcESaIcEEERS5_PKcz
                0x0000000000004e94       0x6c .pio/build/uno_r4_wifi/lib883/libWiFiS3.a(Modem.cpp.o)
                0x0000000000004e94                ModemClass::write_nowait(std::__cxx11::basic_string<char, std::char_traits<char>, std::allocator<char> > const&, std::__cxx11::basic_string<char, std::char_traits<char>, std::allocator<char> >&, char const*, ...)
 .text._ZNKSt7__cxx1112basic_stringIcSt11char_traitsIcESaIcEE7compareEPKc
                0x0000000000004f00       0x28 .pio/build/uno_r4_wifi/lib883/libWiFiS3.a(Modem.cpp.o)
                0x0000000000004f00                std::__cxx11::basic_string<char, std::char_traits<char>, std::allocator<char> >::compare(char const*) const
 .text._ZNSt7__cxx1112basic_stringIcSt11char_traitsIcESaIcEE7_S_copyEPcPKcj
                0x0000000000004f28       0x1a .pio/build/uno_r4_wifi/lib883/libWiFiS3.a(Modem.cpp.o)
                0x0000000000004f28                std::__cxx11::basic_string<char, std::char_traits<char>, std::allocator<char> >::_S_copy(char*, char const*, unsigned int)
 .text._ZNSt7__cxx1112basic_stringIcSt11char_traitsIcESaIcEE9_M_mutateEjjPKcj
                0x0000000000004f42       0x7e .pio/build/uno_r4_wifi/lib883/libWiFiS3.a(Modem.cpp.o)
                0x0000000000004f42                std::__cxx11::basic_string<char, std::char_traits<char>, std::allocator<char> >::_M_mutate(unsigned int, unsigned int, char const*, unsigned int)
 .text._ZNSt7__cxx1112basic_stringIcSt11char_traitsIcESaIcEE9push_backEc
                0x0000000000004fc0       0x3e .pio/build/uno_r4_wifi/lib883/libWiFiS3.a(Modem.cpp.o)
                0x0000000000004fc0                std::__cxx11::basic_string<char, std::char_traits<char>, std::allocator<char> >::push_back(char)
 .text._ZNSt7__cxx1112basic_stringIcSt11char_traitsIcESaIcEE7_S_moveEPcPKcj
                0x0000000000004ffe       0x1a .pio/build/uno_r4_wifi/lib883/libWiFiS3.a(Modem.cpp.o)
                0x0000000000004ffe                std::__cxx11::basic_string<char, std::char_traits<char>, std::allocator<char> >::_S_move(char*, char const*, unsigned int)
 .text._ZNSt7__cxx1112basic_stringIcSt11char_traitsIcESaIcEE10_M_replaceEjjPKcj
                0x0000000000005018       0xfc .pio/build/uno_r4_wifi/lib883/libWiFiS3.a(Modem.cpp.o)
                0x0000000000005018                std::__cxx11::basic_string<char, std::char_traits<char>, std::allocator<char> >::_M_replace(unsigned int, unsigned int, char const*, unsigned int)
 .text._ZNSt7__cxx1112basic_stringIcSt11char_traitsIcESaIcEEaSEPKc
                0x0000000000005114       0x1e .pio/build/uno_r4_wifi/lib883/libWiFiS3.a(Modem.cpp.o)
                0x0000000000005114                std::__cxx11::basic_string<char, std::char_traits<char>, std::allocator<char> >::operator=(char const*)
 *fill*         0x0000000000005132        0x2 ff
 .text._ZN10ModemClass8buf_readERKNSt7__cxx1112basic_stringIcSt11char_traitsIcESaIcEEERS5_
                0x0000000000005134      0x338 .pio/build/uno_r4_wifi/lib883/libWiFiS3.a(Modem.cpp.o)
                0x0000000000005134                ModemClass::buf_read(std::__cxx11::basic_string<char, std::char_traits<char>, std::allocator<char> > const&, std::__cxx11::basic_string<char, std::char_traits<char>, std::allocator<char> >&)
 .text._ZN10ModemClass11passthroughEPKhj
                0x000000000000546c       0xa0 .pio/build/uno_r4_wifi/lib883/libWiFiS3.a(Modem.cpp.o)
                0x000000000000546c                ModemClass::passthrough(unsigned char const*, unsigned int)
 .text._ZN10ModemClass5writeERKNSt7__cxx1112basic_stringIcSt11char_traitsIcESaIcEEERS5_PKcz
                0x000000000000550c       0xdc .pio/build/uno_r4_wifi/lib883/libWiFiS3.a(Modem.cpp.o)
                0x000000000000550c                ModemClass::write(std::__cxx11::basic_string<char, std::char_traits<char>, std::allocator<char> > const&, std::__cxx11::basic_string<char, std::char_traits<char>, std::allocator<char> >&, char const*, ...)
 .text._ZN10ModemClass5beginEii
                0x00000000000055e8       0x94 .pio/build/uno_r4_wifi/lib883/libWiFiS3.a(Modem.cpp.o)
                0x00000000000055e8                ModemClass::begin(int, int)
 .text.startup._GLOBAL__sub_I__ZN10ModemClassC2Eii
                0x000000000000567c       0x28 .pio/build/uno_r4_wifi/lib883/libWiFiS3.a(Modem.cpp.o)
 .text.exit._GLOBAL__sub_D__ZN10ModemClassC2Eii
                0x00000000000056a4        0xc .pio/build/uno_r4_wifi/lib883/libWiFiS3.a(Modem.cpp.o)
 .text._ZN10ControllerC2EPKcS1_
                0x00000000000056b0       0x94 .pio/build/uno_r4_wifi/lib5ab/libController.a(Controller.cpp.o)
                0x00000000000056b0                Controller::Controller(char const*, char const*)
                0x00000000000056b0                Controller::Controller(char const*, char const*)
 .text._ZN10Controller14registerButtonEPKcPFvvE
                0x0000000000005744       0x30 .pio/build/uno_r4_wifi/lib5ab/libController.a(Controller.cpp.o)
                0x0000000000005744                Controller::registerButton(char const*, void (*)())
 .text._ZN10Controller20setFailsafeTimeoutMsEt
                0x0000000000005774        0x6 .pio/build/uno_r4_wifi/lib5ab/libController.a(Controller.cpp.o)
                0x0000000000005774                Controller::setFailsafeTimeoutMs(unsigned short)
 .text._ZN10Controller14configureL298NEhhhhhh
                0x000000000000577a       0x2e .pio/build/uno_r4_wifi/lib5ab/libController.a(Controller.cpp.o)
                0x000000000000577a                Controller::configureL298N(unsigned char, unsigned char, unsigned char, unsigned char, unsigned char, unsigned char)
 .text._ZN10Controller20wifiSSIDExistsNearbyEv
                0x00000000000057a8       0x50 .pio/build/uno_r4_wifi/lib5ab/libController.a(Controller.cpp.o)
                0x00000000000057a8                Controller::wifiSSIDExistsNearby()
 .text._ZNK10Controller15printWiFiStatusEv
                0x00000000000057f8       0x6c .pio/build/uno_r4_wifi/lib5ab/libController.a(Controller.cpp.o)
                0x00000000000057f8                Controller::printWiFiStatus() const
 .text._ZN10Controller15readRequestLineER10WiFiClient
                0x0000000000005864       0x64 .pio/build/uno_r4_wifi/lib5ab/libController.a(Controller.cpp.o)
                0x0000000000005864                Controller::readRequestLine(WiFiClient&)
 .text._ZN10Controller10sendHttpOkER10WiFiClientPKcRKN7arduino6StringE
                0x00000000000058c8       0x5c .pio/build/uno_r4_wifi/lib5ab/libController.a(Controller.cpp.o)
                0x00000000000058c8                Controller::sendHttpOk(WiFiClient&, char const*, arduino::String const&)
 .text._ZN10Controller16sendHttpNotFoundER10WiFiClient
                0x0000000000005924       0x64 .pio/build/uno_r4_wifi/lib5ab/libController.a(Controller.cpp.o)
                0x0000000000005924                Controller::sendHttpNotFound(WiFiClient&)
 .text._ZN10Controller15extractQueryIntERKN7arduino6StringEPKcRi
                0x0000000000005988       0xe0 .pio/build/uno_r4_wifi/lib5ab/libController.a(Controller.cpp.o)
                0x0000000000005988                Controller::extractQueryInt(arduino::String const&, char const*, int&)
 .text._ZN10Controller12handleHealthER10WiFiClient
                0x0000000000005a68       0x30 .pio/build/uno_r4_wifi/lib5ab/libController.a(Controller.cpp.o)
                0x0000000000005a68                Controller::handleHealth(WiFiClient&)
 .text._ZN10Controller16handleControlMsgER10WiFiClientRKN7arduino6StringE
                0x0000000000005a98       0xa8 .pio/build/uno_r4_wifi/lib5ab/libController.a(Controller.cpp.o)
                0x0000000000005a98                Controller::handleControlMsg(WiFiClient&, arduino::String const&)
 .text._ZN10Controller9handleBtnER10WiFiClientRKN7arduino6StringE
                0x0000000000005b40       0xa4 .pio/build/uno_r4_wifi/lib5ab/libController.a(Controller.cpp.o)
                0x0000000000005b40                Controller::handleBtn(WiFiClient&, arduino::String const&)
 .text._ZN10Controller15enableStatusLEDEh
                0x0000000000005be4       0x1c .pio/build/uno_r4_wifi/lib5ab/libController.a(Controller.cpp.o)
                0x0000000000005be4                Controller::enableStatusLED(unsigned char)
 .text._ZN10Controller11setLedStateENS_8LedStateE
                0x0000000000005c00       0x1a .pio/build/uno_r4_wifi/lib5ab/libController.a(Controller.cpp.o)
                0x0000000000005c00                Controller::setLedState(Controller::LedState)
 .text._ZN10Controller15setLedStateHoldENS_8LedStateEt
                0x0000000000005c1a       0x1a .pio/build/uno_r4_wifi/lib5ab/libController.a(Controller.cpp.o)
                0x0000000000005c1a                Controller::setLedStateHold(Controller::LedState, unsigned short)
 .text._ZN10Controller11handleDriveER10WiFiClientRKN7arduino6StringE
                0x0000000000005c34       0xe4 .pio/build/uno_r4_wifi/lib5ab/libController.a(Controller.cpp.o)
                0x0000000000005c34                Controller::handleDrive(WiFiClient&, arduino::String const&)
 .text._ZN10Controller16setLedStateForceENS_8LedStateE
                0x0000000000005d18       0x18 .pio/build/uno_r4_wifi/lib5ab/libController.a(Controller.cpp.o)
                0x0000000000005d18                Controller::setLedStateForce(Controller::LedState)
 .text._ZN10Controller15updateStatusLEDEv
                0x0000000000005d30       0x58 .pio/build/uno_r4_wifi/lib5ab/libController.a(Controller.cpp.o)
                0x0000000000005d30                Controller::updateStatusLED()
 .text._ZN10Controller10handleRootER10WiFiClient
                0x0000000000005d88      0x640 .pio/build/uno_r4_wifi/lib5ab/libController.a(Controller.cpp.o)
                0x0000000000005d88                Controller::handleRoot(WiFiClient&)
 .text._ZN10Controller12handleClientER10WiFiClient
                0x00000000000063c8      0x154 .pio/build/uno_r4_wifi/lib5ab/libController.a(Controller.cpp.o)
                0x00000000000063c8                Controller::handleClient(WiFiClient&)
 .text._ZN10Controller17motorInitSafeStopEv
                0x000000000000651c       0x44 .pio/build/uno_r4_wifi/lib5ab/libController.a(Controller.cpp.o)
                0x000000000000651c                Controller::motorInitSafeStop()
 .text._ZN10Controller10speedToCmdEaRbRh
                0x0000000000006560       0x30 .pio/build/uno_r4_wifi/lib5ab/libController.a(Controller.cpp.o)
                0x0000000000006560                Controller::speedToCmd(signed char, bool&, unsigned char&)
 .text._ZN10Controller11setMotorOneEhhha
                0x0000000000006590       0x66 .pio/build/uno_r4_wifi/lib5ab/libController.a(Controller.cpp.o)
                0x0000000000006590                Controller::setMotorOne(unsigned char, unsigned char, unsigned char, signed char)
 *fill*         0x00000000000065f6        0x2 ff
 .text._ZN10Controller11debugMotorsEaa
                0x00000000000065f8       0xf4 .pio/build/uno_r4_wifi/lib5ab/libController.a(Controller.cpp.o)
                0x00000000000065f8                Controller::debugMotors(signed char, signed char)
 .text._ZN10Controller10motorApplyEaa
                0x00000000000066ec       0x34 .pio/build/uno_r4_wifi/lib5ab/libController.a(Controller.cpp.o)
                0x00000000000066ec                Controller::motorApply(signed char, signed char)
 .text._ZN10Controller23applySmoothingAndNotifyEv
                0x0000000000006720       0xb6 .pio/build/uno_r4_wifi/lib5ab/libController.a(Controller.cpp.o)
                0x0000000000006720                Controller::applySmoothingAndNotify()
 *fill*         0x00000000000067d6        0x2 ff
 .text._ZN10Controller7beginAPEb
                0x00000000000067d8      0x16c .pio/build/uno_r4_wifi/lib5ab/libController.a(Controller.cpp.o)
                0x00000000000067d8                Controller::beginAP(bool)
 .text._ZN10Controller6updateEv
                0x0000000000006944       0x6c .pio/build/uno_r4_wifi/lib5ab/libController.a(Controller.cpp.o)
                0x0000000000006944                Controller::update()
 .text.startup.main
                0x00000000000069b0        0xa .pio/build/uno_r4_wifi/libFrameworkArduinoVariant.a(main.c.o)
                0x00000000000069b0                main
 .text._ZN4UARTcvbEv
                0x00000000000069ba        0x4 .pio/build/uno_r4_wifi/libFrameworkArduino.a(Serial.cpp.o)
                0x00000000000069ba                UART::operator bool()
 .text._ZN4UART5beginEm
                0x00000000000069be        0xa .pio/build/uno_r4_wifi/libFrameworkArduino.a(Serial.cpp.o)
                0x00000000000069be                UART::begin(unsigned long)
 .text._ZN4UART5flushEv
                0x00000000000069c8        0xa .pio/build/uno_r4_wifi/libFrameworkArduino.a(Serial.cpp.o)
                0x00000000000069c8                UART::flush()
 .text._ZN4UART4peekEv
                0x00000000000069d2       0x18 .pio/build/uno_r4_wifi/libFrameworkArduino.a(Serial.cpp.o)
                0x00000000000069d2                UART::peek()
 .text._ZN4UART5writeEh
                0x00000000000069ea       0x34 .pio/build/uno_r4_wifi/libFrameworkArduino.a(Serial.cpp.o)
                0x00000000000069ea                UART::write(unsigned char)
 .text._ZN4UART3endEv
                0x0000000000006a1e       0x22 .pio/build/uno_r4_wifi/libFrameworkArduino.a(Serial.cpp.o)
                0x0000000000006a1e                UART::end()
 .text._ZN4UART9availableEv
                0x0000000000006a40       0x32 .pio/build/uno_r4_wifi/libFrameworkArduino.a(Serial.cpp.o)
                0x0000000000006a40                UART::available()
 *fill*         0x0000000000006a72        0x2 ff
 .text._ZN4UART15WrapperCallbackEP20st_uart_callback_arg
                0x0000000000006a74       0x90 .pio/build/uno_r4_wifi/libFrameworkArduino.a(Serial.cpp.o)
                0x0000000000006a74                UART::WrapperCallback(st_uart_callback_arg*)
 .text._ZN4UART4readEv
                0x0000000000006b04       0x5c .pio/build/uno_r4_wifi/libFrameworkArduino.a(Serial.cpp.o)
                0x0000000000006b04                UART::read()
 .text._ZN4UARTC2Eiiii
                0x0000000000006b60       0x78 .pio/build/uno_r4_wifi/libFrameworkArduino.a(Serial.cpp.o)
                0x0000000000006b60                UART::UART(int, int, int, int)
                0x0000000000006b60                UART::UART(int, int, int, int)
 .text._ZN4UART13setUpUartIrqsER11st_uart_cfg
                0x0000000000006bd8       0x14 .pio/build/uno_r4_wifi/libFrameworkArduino.a(Serial.cpp.o)
                0x0000000000006bd8                UART::setUpUartIrqs(st_uart_cfg&)
 .text._ZN4UART5writeEPhj
                0x0000000000006bec       0x2e .pio/build/uno_r4_wifi/libFrameworkArduino.a(Serial.cpp.o)
                0x0000000000006bec                UART::write(unsigned char*, unsigned int)
 *fill*         0x0000000000006c1a        0x2 ff
 .text._ZN4UART8cfg_pinsEi
                0x0000000000006c1c       0xe8 .pio/build/uno_r4_wifi/libFrameworkArduino.a(Serial.cpp.o)
                0x0000000000006c1c                UART::cfg_pins(int)
 .text._ZN4UART5beginEmt
                0x0000000000006d04      0x1a8 .pio/build/uno_r4_wifi/libFrameworkArduino.a(Serial.cpp.o)
                0x0000000000006d04                UART::begin(unsigned long, unsigned short)
 .text._ZN4UART9write_rawEPhj
                0x0000000000006eac       0x1e .pio/build/uno_r4_wifi/libFrameworkArduino.a(Serial.cpp.o)
                0x0000000000006eac                UART::write_raw(unsigned char*, unsigned int)
 *fill*         0x0000000000006eca        0x2 ff
 .text.startup._GLOBAL__sub_I__UART1_
                0x0000000000006ecc       0x1c .pio/build/uno_r4_wifi/libFrameworkArduino.a(SerialObj1.cpp.o)
 .text.startup._GLOBAL__sub_I__UART3_
                0x0000000000006ee8       0x1c .pio/build/uno_r4_wifi/libFrameworkArduino.a(SerialObj3.cpp.o)
 .text._ZL13readAllGroupAP13ADC_Container
                0x0000000000006f04       0x2c .pio/build/uno_r4_wifi/libFrameworkArduino.a(analog.cpp.o)
 .text._ZL11ADC_irq_cbkP20st_adc_callback_args
                0x0000000000006f30       0x58 .pio/build/uno_r4_wifi/libFrameworkArduino.a(analog.cpp.o)
 .text._ZL10adcConvertP13ADC_Containert
                0x0000000000006f88       0xa4 .pio/build/uno_r4_wifi/libFrameworkArduino.a(analog.cpp.o)
 .text._ZL21get_ADC_container_ptrlRt.constprop.4
                0x000000000000702c       0x38 .pio/build/uno_r4_wifi/libFrameworkArduino.a(analog.cpp.o)
 .text._ZN13ADC_ContainerC2EhPFvP20st_adc_callback_argsEPv
                0x0000000000007064       0x6e .pio/build/uno_r4_wifi/libFrameworkArduino.a(analog.cpp.o)
                0x0000000000007064                ADC_Container::ADC_Container(unsigned char, void (*)(st_adc_callback_args*), void*)
                0x0000000000007064                ADC_Container::ADC_Container(unsigned char, void (*)(st_adc_callback_args*), void*)
 .text._ZN13ADC_ContainerD2Ev
                0x00000000000070d2       0x12 .pio/build/uno_r4_wifi/libFrameworkArduino.a(analog.cpp.o)
                0x00000000000070d2                ADC_Container::~ADC_Container()
                0x00000000000070d2                ADC_Container::~ADC_Container()
 .text.analogRead
                0x00000000000070e4       0x3c .pio/build/uno_r4_wifi/libFrameworkArduino.a(analog.cpp.o)
                0x00000000000070e4                analogRead
 .text.analogReference
                0x0000000000007120       0x5c .pio/build/uno_r4_wifi/libFrameworkArduino.a(analog.cpp.o)
                0x0000000000007120                analogReference
 *fill*         0x000000000000717c        0x4 ff
 .text._Z15analogReferencev
                0x0000000000007180      0x10c .pio/build/uno_r4_wifi/libFrameworkArduino.a(analog.cpp.o)
                0x0000000000007180                analogReference()
 .text._Z21analogWriteResolutionv
                0x000000000000728c        0xc .pio/build/uno_r4_wifi/libFrameworkArduino.a(analog.cpp.o)
                0x000000000000728c                analogWriteResolution()
 .text.analogWrite
                0x0000000000007298      0x120 .pio/build/uno_r4_wifi/libFrameworkArduino.a(analog.cpp.o)
                0x0000000000007298                analogWrite
 .text._Z23__get_timer_for_channeli
                0x00000000000073b8       0x2c .pio/build/uno_r4_wifi/libFrameworkArduino.a(analog.cpp.o)
                0x00000000000073b8                __get_timer_for_channel(int)
 .text.startup._GLOBAL__sub_I__ZN13ADC_ContainerC2EhPFvP20st_adc_callback_argsEPv
                0x00000000000073e4       0x4c .pio/build/uno_r4_wifi/libFrameworkArduino.a(analog.cpp.o)
 .text.exit._GLOBAL__sub_D__ZN13ADC_ContainerC2EhPFvP20st_adc_callback_argsEPv
                0x0000000000007430       0x1c .pio/build/uno_r4_wifi/libFrameworkArduino.a(analog.cpp.o)
 .text._Z3maplllll
                0x000000000000744c       0x14 .pio/build/uno_r4_wifi/libFrameworkArduino.a(Common.cpp.o)
                0x000000000000744c                map(long, long, long, long, long)
 .text._ZNK7arduino9IPAddress7printToERNS_5PrintE
                0x0000000000007460      0x17c .pio/build/uno_r4_wifi/libFrameworkArduino.a(IPAddress.cpp.o)
                0x0000000000007460                arduino::IPAddress::printTo(arduino::Print&) const
 .text._ZN7arduino9IPAddressC2ENS_6IPTypeE
                0x00000000000075dc       0x1c .pio/build/uno_r4_wifi/libFrameworkArduino.a(IPAddress.cpp.o)
                0x00000000000075dc                arduino::IPAddress::IPAddress(arduino::IPType)
                0x00000000000075dc                arduino::IPAddress::IPAddress(arduino::IPType)
 .text._ZN7arduino9IPAddressC2Ev
                0x00000000000075f8        0xe .pio/build/uno_r4_wifi/libFrameworkArduino.a(IPAddress.cpp.o)
                0x00000000000075f8                arduino::IPAddress::IPAddress()
                0x00000000000075f8                arduino::IPAddress::IPAddress()
 *fill*         0x0000000000007606        0x2 ff
 .text._ZN7arduino9IPAddressC2Ehhhh
                0x0000000000007608       0x30 .pio/build/uno_r4_wifi/libFrameworkArduino.a(IPAddress.cpp.o)
                0x0000000000007608                arduino::IPAddress::IPAddress(unsigned char, unsigned char, unsigned char, unsigned char)
                0x0000000000007608                arduino::IPAddress::IPAddress(unsigned char, unsigned char, unsigned char, unsigned char)
 .text._ZNK7arduino9IPAddress9toString4Ev
                0x0000000000007638       0x34 .pio/build/uno_r4_wifi/libFrameworkArduino.a(IPAddress.cpp.o)
                0x0000000000007638                arduino::IPAddress::toString4() const
 .text._ZNK7arduino9IPAddress9toString6Ev
                0x000000000000766c       0x60 .pio/build/uno_r4_wifi/libFrameworkArduino.a(IPAddress.cpp.o)
                0x000000000000766c                arduino::IPAddress::toString6() const
 .text._ZNK7arduino9IPAddress8toStringEv
                0x00000000000076cc       0x16 .pio/build/uno_r4_wifi/libFrameworkArduino.a(IPAddress.cpp.o)
                0x00000000000076cc                arduino::IPAddress::toString() const
 .text._ZN7arduino9IPAddress11fromString4EPKc
                0x00000000000076e2       0x70 .pio/build/uno_r4_wifi/libFrameworkArduino.a(IPAddress.cpp.o)
                0x00000000000076e2                arduino::IPAddress::fromString4(char const*)
 .text._ZN7arduino9IPAddress11fromString6EPKc
                0x0000000000007752       0xfa .pio/build/uno_r4_wifi/libFrameworkArduino.a(IPAddress.cpp.o)
                0x0000000000007752                arduino::IPAddress::fromString6(char const*)
 .text._ZN7arduino9IPAddress10fromStringEPKc
                0x000000000000784c       0x1a .pio/build/uno_r4_wifi/libFrameworkArduino.a(IPAddress.cpp.o)
                0x000000000000784c                arduino::IPAddress::fromString(char const*)
 .text._ZN7arduino9IPAddressixEi
                0x0000000000007866        0xe .pio/build/uno_r4_wifi/libFrameworkArduino.a(IPAddress.cpp.o)
                0x0000000000007866                arduino::IPAddress::operator[](int)
 .text.startup._GLOBAL__sub_I__ZN7arduino9IPAddressC2Ev
                0x0000000000007874       0x28 .pio/build/uno_r4_wifi/libFrameworkArduino.a(IPAddress.cpp.o)
 .text._ZN7arduino5Print5writeEPKhj
                0x000000000000789c       0x2c .pio/build/uno_r4_wifi/libFrameworkArduino.a(Print.cpp.o)
                0x000000000000789c                arduino::Print::write(unsigned char const*, unsigned int)
 .text._ZN7arduino5Print5writeEPKc.part.2
                0x00000000000078c8       0x1e .pio/build/uno_r4_wifi/libFrameworkArduino.a(Print.cpp.o)
 .text._ZN7arduino5Print5writeEPKc
                0x00000000000078e6        0xa .pio/build/uno_r4_wifi/libFrameworkArduino.a(Print.cpp.o)
                0x00000000000078e6                arduino::Print::write(char const*)
 .text._ZN7arduino5Print5printERKNS_6StringE
                0x00000000000078f0        0xa .pio/build/uno_r4_wifi/libFrameworkArduino.a(Print.cpp.o)
                0x00000000000078f0                arduino::Print::print(arduino::String const&)
 .text._ZN7arduino5Print5printEPKc
                0x00000000000078fa        0x8 .pio/build/uno_r4_wifi/libFrameworkArduino.a(Print.cpp.o)
                0x00000000000078fa                arduino::Print::print(char const*)
 .text._ZN7arduino5Print5printEc
                0x0000000000007902        0x8 .pio/build/uno_r4_wifi/libFrameworkArduino.a(Print.cpp.o)
                0x0000000000007902                arduino::Print::print(char)
 .text._ZN7arduino5Print5printERKNS_9PrintableE
                0x000000000000790a        0xc .pio/build/uno_r4_wifi/libFrameworkArduino.a(Print.cpp.o)
                0x000000000000790a                arduino::Print::print(arduino::Printable const&)
 *fill*         0x0000000000007916        0x2 ff
 .text._ZN7arduino5Print7printlnEv
                0x0000000000007918        0xc .pio/build/uno_r4_wifi/libFrameworkArduino.a(Print.cpp.o)
                0x0000000000007918                arduino::Print::println()
 .text._ZN7arduino5Print7printlnEPKc
                0x0000000000007924       0x14 .pio/build/uno_r4_wifi/libFrameworkArduino.a(Print.cpp.o)
                0x0000000000007924                arduino::Print::println(char const*)
 .text._ZN7arduino5Print7printlnERKNS_9PrintableE
                0x0000000000007938       0x14 .pio/build/uno_r4_wifi/libFrameworkArduino.a(Print.cpp.o)
                0x0000000000007938                arduino::Print::println(arduino::Printable const&)
 .text._ZN7arduino5Print11printNumberEmh
                0x000000000000794c       0x3c .pio/build/uno_r4_wifi/libFrameworkArduino.a(Print.cpp.o)
                0x000000000000794c                arduino::Print::printNumber(unsigned long, unsigned char)
 .text._ZN7arduino5Print5printEli
                0x0000000000007988       0x44 .pio/build/uno_r4_wifi/libFrameworkArduino.a(Print.cpp.o)
                0x0000000000007988                arduino::Print::print(long, int)
 .text._ZN7arduino5Print5printEii
                0x00000000000079cc        0x4 .pio/build/uno_r4_wifi/libFrameworkArduino.a(Print.cpp.o)
                0x00000000000079cc                arduino::Print::print(int, int)
 .text._ZN7arduino5Print7printlnEii
                0x00000000000079d0       0x14 .pio/build/uno_r4_wifi/libFrameworkArduino.a(Print.cpp.o)
                0x00000000000079d0                arduino::Print::println(int, int)
 .text._ZN7arduino5Print5printEmi
                0x00000000000079e4       0x1a .pio/build/uno_r4_wifi/libFrameworkArduino.a(Print.cpp.o)
                0x00000000000079e4                arduino::Print::print(unsigned long, int)
 .text._ZN7arduino5Print5printEhi
                0x00000000000079fe        0x4 .pio/build/uno_r4_wifi/libFrameworkArduino.a(Print.cpp.o)
                0x00000000000079fe                arduino::Print::print(unsigned char, int)
 .text._ZN7arduino5Print7printlnEhi
                0x0000000000007a02       0x14 .pio/build/uno_r4_wifi/libFrameworkArduino.a(Print.cpp.o)
                0x0000000000007a02                arduino::Print::println(unsigned char, int)
 .text._ZN7arduino5Print5printEji
                0x0000000000007a16        0x4 .pio/build/uno_r4_wifi/libFrameworkArduino.a(Print.cpp.o)
                0x0000000000007a16                arduino::Print::print(unsigned int, int)
 .text._ZN7arduino5Print7printlnEji
                0x0000000000007a1a       0x14 .pio/build/uno_r4_wifi/libFrameworkArduino.a(Print.cpp.o)
                0x0000000000007a1a                arduino::Print::println(unsigned int, int)
 .text._ZN7arduino6Stream9timedReadEv
                0x0000000000007a2e       0x2a .pio/build/uno_r4_wifi/libFrameworkArduino.a(Stream.cpp.o)
                0x0000000000007a2e                arduino::Stream::timedRead()
 .text._ZN7arduino6Stream10setTimeoutEm
                0x0000000000007a58        0x4 .pio/build/uno_r4_wifi/libFrameworkArduino.a(Stream.cpp.o)
                0x0000000000007a58                arduino::Stream::setTimeout(unsigned long)
 .text._ZN7arduino6Stream15readStringUntilEc
                0x0000000000007a5c       0x30 .pio/build/uno_r4_wifi/libFrameworkArduino.a(Stream.cpp.o)
                0x0000000000007a5c                arduino::Stream::readStringUntil(char)
 .text._ZN7arduino6StringC2EOS0_
                0x0000000000007a8c       0x16 .pio/build/uno_r4_wifi/libFrameworkArduino.a(String.cpp.o)
                0x0000000000007a8c                arduino::String::String(arduino::String&&)
                0x0000000000007a8c                arduino::String::String(arduino::String&&)
 .text._ZN7arduino6StringD2Ev
                0x0000000000007aa2       0x10 .pio/build/uno_r4_wifi/libFrameworkArduino.a(String.cpp.o)
                0x0000000000007aa2                arduino::String::~String()
                0x0000000000007aa2                arduino::String::~String()
 .text._ZN7arduino6String10invalidateEv
                0x0000000000007ab2       0x16 .pio/build/uno_r4_wifi/libFrameworkArduino.a(String.cpp.o)
                0x0000000000007ab2                arduino::String::invalidate()
 .text._ZN7arduino6String12changeBufferEj
                0x0000000000007ac8       0x18 .pio/build/uno_r4_wifi/libFrameworkArduino.a(String.cpp.o)
                0x0000000000007ac8                arduino::String::changeBuffer(unsigned int)
 .text._ZN7arduino6String7reserveEj
                0x0000000000007ae0       0x28 .pio/build/uno_r4_wifi/libFrameworkArduino.a(String.cpp.o)
                0x0000000000007ae0                arduino::String::reserve(unsigned int)
 .text._ZN7arduino6String4copyEPKcj
                0x0000000000007b08       0x30 .pio/build/uno_r4_wifi/libFrameworkArduino.a(String.cpp.o)
                0x0000000000007b08                arduino::String::copy(char const*, unsigned int)
 .text._ZN7arduino6StringC2EPKc
                0x0000000000007b38       0x24 .pio/build/uno_r4_wifi/libFrameworkArduino.a(String.cpp.o)
                0x0000000000007b38                arduino::String::String(char const*)
                0x0000000000007b38                arduino::String::String(char const*)
 .text._ZN7arduino6StringaSEPKc.part.4
                0x0000000000007b5c       0x1a .pio/build/uno_r4_wifi/libFrameworkArduino.a(String.cpp.o)
 .text._ZN7arduino6StringaSERKS0_
                0x0000000000007b76       0x1e .pio/build/uno_r4_wifi/libFrameworkArduino.a(String.cpp.o)
                0x0000000000007b76                arduino::String::operator=(arduino::String const&)
 .text._ZN7arduino6StringC2ERKS0_
                0x0000000000007b94       0x14 .pio/build/uno_r4_wifi/libFrameworkArduino.a(String.cpp.o)
                0x0000000000007b94                arduino::String::String(arduino::String const&)
                0x0000000000007b94                arduino::String::String(arduino::String const&)
 .text._ZN7arduino6StringaSEPKc
                0x0000000000007ba8       0x14 .pio/build/uno_r4_wifi/libFrameworkArduino.a(String.cpp.o)
                0x0000000000007ba8                arduino::String::operator=(char const*)
 .text._ZN7arduino6String6concatEPKcj
                0x0000000000007bbc       0x42 .pio/build/uno_r4_wifi/libFrameworkArduino.a(String.cpp.o)
                0x0000000000007bbc                arduino::String::concat(char const*, unsigned int)
 .text._ZN7arduino6String6concatERKS0_
                0x0000000000007bfe        0x8 .pio/build/uno_r4_wifi/libFrameworkArduino.a(String.cpp.o)
                0x0000000000007bfe                arduino::String::concat(arduino::String const&)
 .text._ZN7arduino6String6concatEPKc.part.6
                0x0000000000007c06       0x1a .pio/build/uno_r4_wifi/libFrameworkArduino.a(String.cpp.o)
 .text._ZN7arduino6String6concatEPKc
                0x0000000000007c20        0xa .pio/build/uno_r4_wifi/libFrameworkArduino.a(String.cpp.o)
                0x0000000000007c20                arduino::String::concat(char const*)
 .text._ZN7arduino6String6concatEc
                0x0000000000007c2a       0x16 .pio/build/uno_r4_wifi/libFrameworkArduino.a(String.cpp.o)
                0x0000000000007c2a                arduino::String::concat(char)
 .text._ZN7arduino6String6concatEh
                0x0000000000007c40       0x1a .pio/build/uno_r4_wifi/libFrameworkArduino.a(String.cpp.o)
                0x0000000000007c40                arduino::String::concat(unsigned char)
 .text._ZN7arduinoplERKNS_15StringSumHelperERKNS_6StringE
                0x0000000000007c5a       0x18 .pio/build/uno_r4_wifi/libFrameworkArduino.a(String.cpp.o)
                0x0000000000007c5a                arduino::operator+(arduino::StringSumHelper const&, arduino::String const&)
 .text._ZN7arduinoplERKNS_15StringSumHelperEPKc
                0x0000000000007c72       0x1a .pio/build/uno_r4_wifi/libFrameworkArduino.a(String.cpp.o)
                0x0000000000007c72                arduino::operator+(arduino::StringSumHelper const&, char const*)
 .text._ZNK7arduino6String9compareToEPKc
                0x0000000000007c8c       0x2a .pio/build/uno_r4_wifi/libFrameworkArduino.a(String.cpp.o)
                0x0000000000007c8c                arduino::String::compareTo(char const*) const
 .text._ZNK7arduino6String6equalsEPKc
                0x0000000000007cb6       0x28 .pio/build/uno_r4_wifi/libFrameworkArduino.a(String.cpp.o)
                0x0000000000007cb6                arduino::String::equals(char const*) const
 .text._ZNK7arduino6String10startsWithERKS0_j
                0x0000000000007cde       0x2c .pio/build/uno_r4_wifi/libFrameworkArduino.a(String.cpp.o)
                0x0000000000007cde                arduino::String::startsWith(arduino::String const&, unsigned int) const
 .text._ZNK7arduino6String10startsWithERKS0_
                0x0000000000007d0a       0x12 .pio/build/uno_r4_wifi/libFrameworkArduino.a(String.cpp.o)
                0x0000000000007d0a                arduino::String::startsWith(arduino::String const&) const
 .text._ZNK7arduino6String7indexOfEcj
                0x0000000000007d1c       0x22 .pio/build/uno_r4_wifi/libFrameworkArduino.a(String.cpp.o)
                0x0000000000007d1c                arduino::String::indexOf(char, unsigned int) const
 .text._ZNK7arduino6String7indexOfEc
                0x0000000000007d3e        0x6 .pio/build/uno_r4_wifi/libFrameworkArduino.a(String.cpp.o)
                0x0000000000007d3e                arduino::String::indexOf(char) const
 .text._ZNK7arduino6String7indexOfERKS0_j
                0x0000000000007d44       0x24 .pio/build/uno_r4_wifi/libFrameworkArduino.a(String.cpp.o)
                0x0000000000007d44                arduino::String::indexOf(arduino::String const&, unsigned int) const
 .text._ZNK7arduino6String7indexOfERKS0_
                0x0000000000007d68        0x6 .pio/build/uno_r4_wifi/libFrameworkArduino.a(String.cpp.o)
                0x0000000000007d68                arduino::String::indexOf(arduino::String const&) const
 .text._ZNK7arduino6String11lastIndexOfERKS0_j
                0x0000000000007d6e       0x48 .pio/build/uno_r4_wifi/libFrameworkArduino.a(String.cpp.o)
                0x0000000000007d6e                arduino::String::lastIndexOf(arduino::String const&, unsigned int) const
 *fill*         0x0000000000007db6        0x2 ff
 .text._ZNK7arduino6String9substringEjj
                0x0000000000007db8       0x40 .pio/build/uno_r4_wifi/libFrameworkArduino.a(String.cpp.o)
                0x0000000000007db8                arduino::String::substring(unsigned int, unsigned int) const
 .text._ZN7arduino6String7replaceERKS0_S2_
                0x0000000000007df8      0x110 .pio/build/uno_r4_wifi/libFrameworkArduino.a(String.cpp.o)
                0x0000000000007df8                arduino::String::replace(arduino::String const&, arduino::String const&)
 .text._ZN7arduino6String4trimEv
                0x0000000000007f08       0x52 .pio/build/uno_r4_wifi/libFrameworkArduino.a(String.cpp.o)
                0x0000000000007f08                arduino::String::trim()
 .text._ZNK7arduino6String5toIntEv
                0x0000000000007f5a        0xa .pio/build/uno_r4_wifi/libFrameworkArduino.a(String.cpp.o)
                0x0000000000007f5a                arduino::String::toInt() const
 .text._ZN4CDacC2Eh
                0x0000000000007f64       0x6c .pio/build/uno_r4_wifi/libFrameworkArduino.a(dac.cpp.o)
                0x0000000000007f64                CDac::CDac(unsigned char)
                0x0000000000007f64                CDac::CDac(unsigned char)
 .text._ZN4CDac11analogWriteEi
                0x0000000000007fd0       0x88 .pio/build/uno_r4_wifi/libFrameworkArduino.a(dac.cpp.o)
                0x0000000000007fd0                CDac::analogWrite(int)
 .text.startup._GLOBAL__sub_I__ZN4CDacC2Eh
                0x0000000000008058        0xc .pio/build/uno_r4_wifi/libFrameworkArduino.a(dac.cpp.o)
 .text.pinMode  0x0000000000008064       0x30 .pio/build/uno_r4_wifi/libFrameworkArduino.a(digital.cpp.o)
                0x0000000000008064                pinMode
 .text.digitalWrite
                0x0000000000008094       0x18 .pio/build/uno_r4_wifi/libFrameworkArduino.a(digital.cpp.o)
                0x0000000000008094                digitalWrite
 .text.ltoa     0x00000000000080ac       0x70 .pio/build/uno_r4_wifi/libFrameworkArduino.a(itoa.c.o)
                0x00000000000080ac                ltoa
 .text.itoa     0x000000000000811c        0x4 .pio/build/uno_r4_wifi/libFrameworkArduino.a(itoa.c.o)
                0x000000000000811c                itoa
 .text.R_BSP_PinAccessEnable
                0x0000000000008120       0x2c .pio/build/uno_r4_wifi/libFrameworkArduino.a(main.cpp.o)
 .text.start_freertos_on_header_inclusion
                0x000000000000814c        0x2 .pio/build/uno_r4_wifi/libFrameworkArduino.a(main.cpp.o)
                0x000000000000814c                start_freertos_on_header_inclusion
 .text.early_start_freertos_on_header_inclusion
                0x000000000000814e        0x2 .pio/build/uno_r4_wifi/libFrameworkArduino.a(main.cpp.o)
                0x000000000000814e                early_start_freertos_on_header_inclusion
 .text._Z12arduino_mainv
                0x0000000000008150       0x94 .pio/build/uno_r4_wifi/libFrameworkArduino.a(main.cpp.o)
                0x0000000000008150                arduino_main()
 .text._write   0x00000000000081e4        0xc .pio/build/uno_r4_wifi/libFrameworkArduino.a(main.cpp.o)
                0x00000000000081e4                _write
 .text.hal_entry
                0x00000000000081f0        0x6 .pio/build/uno_r4_wifi/libFrameworkArduino.a(main.cpp.o)
                0x00000000000081f0                hal_entry
 .text.atexit   0x00000000000081f6        0x4 .pio/build/uno_r4_wifi/libFrameworkArduino.a(main.cpp.o)
                0x00000000000081f6                atexit
 *fill*         0x00000000000081fa        0x2 ff
 .text._Z13pinPeripheral19e_bsp_io_port_pin_tm
                0x00000000000081fc       0x10 .pio/build/uno_r4_wifi/libFrameworkArduino.a(pinDefinitions.cpp.o)
                0x00000000000081fc                pinPeripheral(e_bsp_io_port_pin_t, unsigned long)
 .text._ZN6PwmOutC2Ei
                0x000000000000820c       0x14 .pio/build/uno_r4_wifi/libFrameworkArduino.a(pwm.cpp.o)
                0x000000000000820c                PwmOut::PwmOut(int)
                0x000000000000820c                PwmOut::PwmOut(int)
 .text._ZN6PwmOutD2Ev
                0x0000000000008220        0xe .pio/build/uno_r4_wifi/libFrameworkArduino.a(pwm.cpp.o)
                0x0000000000008220                PwmOut::~PwmOut()
                0x0000000000008220                PwmOut::~PwmOut()
 *fill*         0x000000000000822e        0x2 ff
 .text._ZN6PwmOut7cfg_pinEi
                0x0000000000008230       0x74 .pio/build/uno_r4_wifi/libFrameworkArduino.a(pwm.cpp.o)
                0x0000000000008230                PwmOut::cfg_pin(int)
 .text._ZN6PwmOut5beginEv
                0x00000000000082a4       0x28 .pio/build/uno_r4_wifi/libFrameworkArduino.a(pwm.cpp.o)
                0x00000000000082a4                PwmOut::begin()
 .text._ZN6PwmOut14pulseWidth_rawEi
                0x00000000000082cc        0x8 .pio/build/uno_r4_wifi/libFrameworkArduino.a(pwm.cpp.o)
                0x00000000000082cc                PwmOut::pulseWidth_raw(int)
 .text._ZN6PwmOut10pulse_percEf
                0x00000000000082d4       0x40 .pio/build/uno_r4_wifi/libFrameworkArduino.a(pwm.cpp.o)
                0x00000000000082d4                PwmOut::pulse_perc(float)
 .text._ZN6PwmOut3endEv
                0x0000000000008314       0x10 .pio/build/uno_r4_wifi/libFrameworkArduino.a(pwm.cpp.o)
                0x0000000000008314                PwmOut::end()
 .text._ZL21timer_micros_callbackP22st_timer_callback_args
                0x0000000000008324       0x10 .pio/build/uno_r4_wifi/libFrameworkArduino.a(time.cpp.o)
 .text.delayMicroseconds
                0x0000000000008334        0x6 .pio/build/uno_r4_wifi/libFrameworkArduino.a(time.cpp.o)
                0x0000000000008334                delayMicroseconds
 .text.yield    0x000000000000833a        0x2 .pio/build/uno_r4_wifi/libFrameworkArduino.a(time.cpp.o)
                0x000000000000833a                yield
 .text.delay    0x000000000000833c       0x1c .pio/build/uno_r4_wifi/libFrameworkArduino.a(time.cpp.o)
                0x000000000000833c                delay
 .text._Z8startAgtv
                0x0000000000008358       0x6c .pio/build/uno_r4_wifi/libFrameworkArduino.a(time.cpp.o)
                0x0000000000008358                startAgt()
 .text.millis   0x00000000000083c4        0xc .pio/build/uno_r4_wifi/libFrameworkArduino.a(time.cpp.o)
                0x00000000000083c4                millis
 .text.startup._GLOBAL__sub_I_delayMicroseconds
                0x00000000000083d0        0xc .pio/build/uno_r4_wifi/libFrameworkArduino.a(time.cpp.o)
 .text.exit._GLOBAL__sub_D_delayMicroseconds
                0x00000000000083dc        0xc .pio/build/uno_r4_wifi/libFrameworkArduino.a(time.cpp.o)
 .text._Z10getPinCfgsh11PinCfgReq_t
                0x00000000000083e8       0xe0 .pio/build/uno_r4_wifi/libFrameworkArduino.a(variant_helper.cpp.o)
                0x00000000000083e8                getPinCfgs(unsigned char, PinCfgReq_t)
 .text.R_FSP_SystemClockHzGet
                0x00000000000084c8       0x24 .pio/build/uno_r4_wifi/libFrameworkArduino.a(FspTimer.cpp.o)
 .text._ZN8FspTimer17set_period_countsEhfm.part.2
                0x00000000000084ec      0x158 .pio/build/uno_r4_wifi/libFrameworkArduino.a(FspTimer.cpp.o)
 .text._ZN8FspTimerC2Ev
                0x0000000000008644       0x18 .pio/build/uno_r4_wifi/libFrameworkArduino.a(FspTimer.cpp.o)
                0x0000000000008644                FspTimer::FspTimer()
                0x0000000000008644                FspTimer::FspTimer()
 .text._ZN8FspTimer5beginE12e_timer_modehhmm18e_timer_source_divPFvP22st_timer_callback_argsEPv
                0x000000000000865c      0x16c .pio/build/uno_r4_wifi/libFrameworkArduino.a(FspTimer.cpp.o)
                0x000000000000865c                FspTimer::begin(e_timer_mode, unsigned char, unsigned char, unsigned long, unsigned long, e_timer_source_div, void (*)(st_timer_callback_args*), void*)
 .text._ZN8FspTimer17set_period_countsEhfm
                0x00000000000087c8       0xd8 .pio/build/uno_r4_wifi/libFrameworkArduino.a(FspTimer.cpp.o)
                0x00000000000087c8                FspTimer::set_period_counts(unsigned char, float, unsigned long)
 .text._ZN8FspTimer5beginE12e_timer_modehhffPFvP22st_timer_callback_argsEPv
                0x00000000000088a0       0xb8 .pio/build/uno_r4_wifi/libFrameworkArduino.a(FspTimer.cpp.o)
                0x00000000000088a0                FspTimer::begin(e_timer_mode, unsigned char, unsigned char, float, float, void (*)(st_timer_callback_args*), void*)
 .text._ZN8FspTimer18enable_pwm_channelE17TimerPWMChannel_t
                0x0000000000008958       0x36 .pio/build/uno_r4_wifi/libFrameworkArduino.a(FspTimer.cpp.o)
                0x0000000000008958                FspTimer::enable_pwm_channel(TimerPWMChannel_t)
 .text._ZN8FspTimer14get_period_rawEv
                0x000000000000898e       0x2c .pio/build/uno_r4_wifi/libFrameworkArduino.a(FspTimer.cpp.o)
                0x000000000000898e                FspTimer::get_period_raw()
 .text._ZN8FspTimer20add_pwm_extended_cfgEv
                0x00000000000089ba       0x38 .pio/build/uno_r4_wifi/libFrameworkArduino.a(FspTimer.cpp.o)
                0x00000000000089ba                FspTimer::add_pwm_extended_cfg()
 .text._ZN8FspTimer4openEv
                0x00000000000089f2       0x4e .pio/build/uno_r4_wifi/libFrameworkArduino.a(FspTimer.cpp.o)
                0x00000000000089f2                FspTimer::open()
 .text._ZN8FspTimer5startEv
                0x0000000000008a40       0x2e .pio/build/uno_r4_wifi/libFrameworkArduino.a(FspTimer.cpp.o)
                0x0000000000008a40                FspTimer::start()
 *fill*         0x0000000000008a6e        0x2 ff
 .text._ZN8FspTimer9begin_pwmEhh17TimerPWMChannel_t
                0x0000000000008a70       0x60 .pio/build/uno_r4_wifi/libFrameworkArduino.a(FspTimer.cpp.o)
                0x0000000000008a70                FspTimer::begin_pwm(unsigned char, unsigned char, TimerPWMChannel_t)
 .text._ZN8FspTimer14set_duty_cycleEm17TimerPWMChannel_t
                0x0000000000008ad0       0x3c .pio/build/uno_r4_wifi/libFrameworkArduino.a(FspTimer.cpp.o)
                0x0000000000008ad0                FspTimer::set_duty_cycle(unsigned long, TimerPWMChannel_t)
 .text._ZN8FspTimer5closeEv
                0x0000000000008b0c       0x2e .pio/build/uno_r4_wifi/libFrameworkArduino.a(FspTimer.cpp.o)
                0x0000000000008b0c                FspTimer::close()
 *fill*         0x0000000000008b3a        0x2 ff
 .text._ZN8FspTimer3endEv
                0x0000000000008b3c       0x48 .pio/build/uno_r4_wifi/libFrameworkArduino.a(FspTimer.cpp.o)
                0x0000000000008b3c                FspTimer::end()
 .text._ZN8FspTimerD2Ev
                0x0000000000008b84        0xc .pio/build/uno_r4_wifi/libFrameworkArduino.a(FspTimer.cpp.o)
                0x0000000000008b84                FspTimer::~FspTimer()
                0x0000000000008b84                FspTimer::~FspTimer()
 .text._ZN8FspTimer15get_cfg_for_irqEv
                0x0000000000008b90       0x14 .pio/build/uno_r4_wifi/libFrameworkArduino.a(FspTimer.cpp.o)
                0x0000000000008b90                FspTimer::get_cfg_for_irq()
 .text._ZN8FspTimer9is_openedEv
                0x0000000000008ba4       0x18 .pio/build/uno_r4_wifi/libFrameworkArduino.a(FspTimer.cpp.o)
                0x0000000000008ba4                FspTimer::is_opened()
 .text._ZN8FspTimer18setup_overflow_irqEhPFvvE
                0x0000000000008bbc       0x4e .pio/build/uno_r4_wifi/libFrameworkArduino.a(FspTimer.cpp.o)
                0x0000000000008bbc                FspTimer::setup_overflow_irq(unsigned char, void (*)())
 *fill*         0x0000000000008c0a        0x2 ff
 .text.__NVIC_SetPriority
                0x0000000000008c0c       0x28 .pio/build/uno_r4_wifi/libFrameworkArduino.a(IRQManager.cpp.o)
 .text.R_BSP_IrqEnable
                0x0000000000008c34       0x34 .pio/build/uno_r4_wifi/libFrameworkArduino.a(IRQManager.cpp.o)
 .text.R_BSP_IrqDisable
                0x0000000000008c68       0x24 .pio/build/uno_r4_wifi/libFrameworkArduino.a(IRQManager.cpp.o)
 .text.__tcf_0  0x0000000000008c8c        0x2 .pio/build/uno_r4_wifi/libFrameworkArduino.a(IRQManager.cpp.o)
 *fill*         0x0000000000008c8e        0x2 ff
 .text._ZN10IRQManager11getInstanceEv
                0x0000000000008c90       0x38 .pio/build/uno_r4_wifi/libFrameworkArduino.a(IRQManager.cpp.o)
                0x0000000000008c90                IRQManager::getInstance()
 .text._ZN10IRQManager18set_ext_link_eventEii
                0x0000000000008cc8       0xc8 .pio/build/uno_r4_wifi/libFrameworkArduino.a(IRQManager.cpp.o)
                0x0000000000008cc8                IRQManager::set_ext_link_event(int, int)
 .text._ZN10IRQManager23set_gpt_over_link_eventEii
                0x0000000000008d90       0x70 .pio/build/uno_r4_wifi/libFrameworkArduino.a(IRQManager.cpp.o)
                0x0000000000008d90                IRQManager::set_gpt_over_link_event(int, int)
 .text._ZN10IRQManager18set_agt_link_eventEii
                0x0000000000008e00       0x28 .pio/build/uno_r4_wifi/libFrameworkArduino.a(IRQManager.cpp.o)
                0x0000000000008e00                IRQManager::set_agt_link_event(int, int)
 .text._ZN10IRQManager16addTimerOverflowER5timerPFvvE
                0x0000000000008e28       0x80 .pio/build/uno_r4_wifi/libFrameworkArduino.a(IRQManager.cpp.o)
                0x0000000000008e28                IRQManager::addTimerOverflow(timer&, void (*)())
 .text._ZN10IRQManager21set_iic_tx_link_eventEii
                0x0000000000008ea8       0x20 .pio/build/uno_r4_wifi/libFrameworkArduino.a(IRQManager.cpp.o)
                0x0000000000008ea8                IRQManager::set_iic_tx_link_event(int, int)
 .text._ZN10IRQManager21set_iic_rx_link_eventEii
                0x0000000000008ec8       0x20 .pio/build/uno_r4_wifi/libFrameworkArduino.a(IRQManager.cpp.o)
                0x0000000000008ec8                IRQManager::set_iic_rx_link_event(int, int)
 .text._ZN10IRQManager22set_iic_tei_link_eventEii
                0x0000000000008ee8       0x20 .pio/build/uno_r4_wifi/libFrameworkArduino.a(IRQManager.cpp.o)
                0x0000000000008ee8                IRQManager::set_iic_tei_link_event(int, int)
 .text._ZN10IRQManager22set_iic_eri_link_eventEii
                0x0000000000008f08       0x20 .pio/build/uno_r4_wifi/libFrameworkArduino.a(IRQManager.cpp.o)
                0x0000000000008f08                IRQManager::set_iic_eri_link_event(int, int)
 .text._ZN10IRQManager21set_sci_tx_link_eventEii
                0x0000000000008f28       0x38 .pio/build/uno_r4_wifi/libFrameworkArduino.a(IRQManager.cpp.o)
                0x0000000000008f28                IRQManager::set_sci_tx_link_event(int, int)
 .text._ZN10IRQManager21set_sci_rx_link_eventEii
                0x0000000000008f60       0x38 .pio/build/uno_r4_wifi/libFrameworkArduino.a(IRQManager.cpp.o)
                0x0000000000008f60                IRQManager::set_sci_rx_link_event(int, int)
 .text._ZN10IRQManager22set_sci_tei_link_eventEii
                0x0000000000008f98       0x38 .pio/build/uno_r4_wifi/libFrameworkArduino.a(IRQManager.cpp.o)
                0x0000000000008f98                IRQManager::set_sci_tei_link_event(int, int)
 .text._ZN10IRQManager22set_sci_eri_link_eventEii
                0x0000000000008fd0       0x38 .pio/build/uno_r4_wifi/libFrameworkArduino.a(IRQManager.cpp.o)
                0x0000000000008fd0                IRQManager::set_sci_eri_link_event(int, int)
 .text._ZN10IRQManager21set_spi_tx_link_eventEii
                0x0000000000009008       0x20 .pio/build/uno_r4_wifi/libFrameworkArduino.a(IRQManager.cpp.o)
                0x0000000000009008                IRQManager::set_spi_tx_link_event(int, int)
 .text._ZN10IRQManager21set_spi_rx_link_eventEii
                0x0000000000009028       0x20 .pio/build/uno_r4_wifi/libFrameworkArduino.a(IRQManager.cpp.o)
                0x0000000000009028                IRQManager::set_spi_rx_link_event(int, int)
 .text._ZN10IRQManager22set_spi_tei_link_eventEii
                0x0000000000009048       0x20 .pio/build/uno_r4_wifi/libFrameworkArduino.a(IRQManager.cpp.o)
                0x0000000000009048                IRQManager::set_spi_tei_link_event(int, int)
 .text._ZN10IRQManager22set_spi_eri_link_eventEii
                0x0000000000009068       0x20 .pio/build/uno_r4_wifi/libFrameworkArduino.a(IRQManager.cpp.o)
                0x0000000000009068                IRQManager::set_spi_eri_link_event(int, int)
 .text._ZN10IRQManager13addPeripheralE12Peripheral_tPv
                0x0000000000009088      0x904 .pio/build/uno_r4_wifi/libFrameworkArduino.a(IRQManager.cpp.o)
                0x0000000000009088                IRQManager::addPeripheral(Peripheral_t, void*)
 .text.dump_stack
                0x000000000000998c       0x7c .pio/build/uno_r4_wifi/libFrameworkArduino.a(cm_backtrace.c.o)
 .text.cm_backtrace_init
                0x0000000000009a08       0x74 .pio/build/uno_r4_wifi/libFrameworkArduino.a(cm_backtrace.c.o)
                0x0000000000009a08                cm_backtrace_init
 .text.cm_backtrace_firmware_info
                0x0000000000009a7c       0x2c .pio/build/uno_r4_wifi/libFrameworkArduino.a(cm_backtrace.c.o)
                0x0000000000009a7c                cm_backtrace_firmware_info
 .text.cm_backtrace_call_stack
                0x0000000000009aa8       0xe4 .pio/build/uno_r4_wifi/libFrameworkArduino.a(cm_backtrace.c.o)
                0x0000000000009aa8                cm_backtrace_call_stack
 .text.print_call_stack
                0x0000000000009b8c       0x94 .pio/build/uno_r4_wifi/libFrameworkArduino.a(cm_backtrace.c.o)
 .text.cm_backtrace_fault
                0x0000000000009c20      0x470 .pio/build/uno_r4_wifi/libFrameworkArduino.a(cm_backtrace.c.o)
                0x0000000000009c20                cm_backtrace_fault
 .text.Stacktrace_Handler
                0x000000000000a090        0xa .pio/build/uno_r4_wifi/libFrameworkArduino.a(cortex_handlers.c.o)
                0x000000000000a090                Stacktrace_Handler
 *fill*         0x000000000000a09a        0x2 ff
 .text.r_spi_call_callback
                0x000000000000a09c       0x40 /Users/oscartesniere/.platformio/packages/framework-arduinorenesas-uno/variants/UNOWIFIR4/libs/libfsp.a(r_spi.o)
 .text.spi_rxi_isr
                0x000000000000a0dc       0x9c /Users/oscartesniere/.platformio/packages/framework-arduinorenesas-uno/variants/UNOWIFIR4/libs/libfsp.a(r_spi.o)
                0x000000000000a0dc                spi_rxi_isr
 .text.spi_txi_isr
                0x000000000000a178       0xd8 /Users/oscartesniere/.platformio/packages/framework-arduinorenesas-uno/variants/UNOWIFIR4/libs/libfsp.a(r_spi.o)
                0x000000000000a178                spi_txi_isr
 .text.spi_tei_isr
                0x000000000000a250       0xe0 /Users/oscartesniere/.platformio/packages/framework-arduinorenesas-uno/variants/UNOWIFIR4/libs/libfsp.a(r_spi.o)
                0x000000000000a250                spi_tei_isr
 .text.spi_eri_isr
                0x000000000000a330       0xdc /Users/oscartesniere/.platformio/packages/framework-arduinorenesas-uno/variants/UNOWIFIR4/libs/libfsp.a(r_spi.o)
                0x000000000000a330                spi_eri_isr
 .text.R_SCI_UART_Write
                0x000000000000a40c       0xb0 /Users/oscartesniere/.platformio/packages/framework-arduinorenesas-uno/variants/UNOWIFIR4/libs/libfsp.a(r_sci_uart.o)
                0x000000000000a40c                R_SCI_UART_Write
 .text.R_SCI_UART_BaudSet
                0x000000000000a4bc       0x44 /Users/oscartesniere/.platformio/packages/framework-arduinorenesas-uno/variants/UNOWIFIR4/libs/libfsp.a(r_sci_uart.o)
                0x000000000000a4bc                R_SCI_UART_BaudSet
 .text.R_SCI_UART_Close
                0x000000000000a500       0xd8 /Users/oscartesniere/.platformio/packages/framework-arduinorenesas-uno/variants/UNOWIFIR4/libs/libfsp.a(r_sci_uart.o)
                0x000000000000a500                R_SCI_UART_Close
 .text.r_sci_uart_call_callback
                0x000000000000a5d8       0x44 /Users/oscartesniere/.platformio/packages/framework-arduinorenesas-uno/variants/UNOWIFIR4/libs/libfsp.a(r_sci_uart.o)
 .text.r_sci_uart_transfer_configure.isra.0
                0x000000000000a61c       0x38 /Users/oscartesniere/.platformio/packages/framework-arduinorenesas-uno/variants/UNOWIFIR4/libs/libfsp.a(r_sci_uart.o)
 .text.R_SCI_UART_Open
                0x000000000000a654      0x448 /Users/oscartesniere/.platformio/packages/framework-arduinorenesas-uno/variants/UNOWIFIR4/libs/libfsp.a(r_sci_uart.o)
                0x000000000000a654                R_SCI_UART_Open
 .text.R_SCI_UART_BaudCalculate
                0x000000000000aa9c      0x184 /Users/oscartesniere/.platformio/packages/framework-arduinorenesas-uno/variants/UNOWIFIR4/libs/libfsp.a(r_sci_uart.o)
                0x000000000000aa9c                R_SCI_UART_BaudCalculate
 .text.sci_uart_txi_isr
                0x000000000000ac20       0xec /Users/oscartesniere/.platformio/packages/framework-arduinorenesas-uno/variants/UNOWIFIR4/libs/libfsp.a(r_sci_uart.o)
                0x000000000000ac20                sci_uart_txi_isr
 .text.sci_uart_rxi_isr
                0x000000000000ad0c      0x184 /Users/oscartesniere/.platformio/packages/framework-arduinorenesas-uno/variants/UNOWIFIR4/libs/libfsp.a(r_sci_uart.o)
                0x000000000000ad0c                sci_uart_rxi_isr
 .text.sci_uart_tei_isr
                0x000000000000ae90       0x40 /Users/oscartesniere/.platformio/packages/framework-arduinorenesas-uno/variants/UNOWIFIR4/libs/libfsp.a(r_sci_uart.o)
                0x000000000000ae90                sci_uart_tei_isr
 .text.sci_uart_eri_isr
                0x000000000000aed0       0x78 /Users/oscartesniere/.platformio/packages/framework-arduinorenesas-uno/variants/UNOWIFIR4/libs/libfsp.a(r_sci_uart.o)
                0x000000000000aed0                sci_uart_eri_isr
 .text.r_sci_spi_call_callback
                0x000000000000af48       0x40 /Users/oscartesniere/.platformio/packages/framework-arduinorenesas-uno/variants/UNOWIFIR4/libs/libfsp.a(r_sci_spi.o)
 .text.sci_spi_txi_isr
                0x000000000000af88       0x68 /Users/oscartesniere/.platformio/packages/framework-arduinorenesas-uno/variants/UNOWIFIR4/libs/libfsp.a(r_sci_spi.o)
                0x000000000000af88                sci_spi_txi_isr
 .text.sci_spi_rxi_isr
                0x000000000000aff0       0x74 /Users/oscartesniere/.platformio/packages/framework-arduinorenesas-uno/variants/UNOWIFIR4/libs/libfsp.a(r_sci_spi.o)
                0x000000000000aff0                sci_spi_rxi_isr
 .text.sci_spi_tei_isr
                0x000000000000b064       0x3c /Users/oscartesniere/.platformio/packages/framework-arduinorenesas-uno/variants/UNOWIFIR4/libs/libfsp.a(r_sci_spi.o)
                0x000000000000b064                sci_spi_tei_isr
 .text.sci_spi_eri_isr
                0x000000000000b0a0       0x44 /Users/oscartesniere/.platformio/packages/framework-arduinorenesas-uno/variants/UNOWIFIR4/libs/libfsp.a(r_sci_spi.o)
                0x000000000000b0a0                sci_spi_eri_isr
 .text.sci_i2c_enable_transfer_support_tx
                0x000000000000b0e4       0x34 /Users/oscartesniere/.platformio/packages/framework-arduinorenesas-uno/variants/UNOWIFIR4/libs/libfsp.a(r_sci_i2c.o)
 .text.sci_i2c_notify
                0x000000000000b118       0x64 /Users/oscartesniere/.platformio/packages/framework-arduinorenesas-uno/variants/UNOWIFIR4/libs/libfsp.a(r_sci_i2c.o)
                0x000000000000b118                sci_i2c_notify
 .text.sci_i2c_rxi_isr
                0x000000000000b17c       0x20 /Users/oscartesniere/.platformio/packages/framework-arduinorenesas-uno/variants/UNOWIFIR4/libs/libfsp.a(r_sci_i2c.o)
                0x000000000000b17c                sci_i2c_rxi_isr
 .text.sci_i2c_txi_isr
                0x000000000000b19c      0x198 /Users/oscartesniere/.platformio/packages/framework-arduinorenesas-uno/variants/UNOWIFIR4/libs/libfsp.a(r_sci_i2c.o)
                0x000000000000b19c                sci_i2c_txi_isr
 .text.sci_i2c_tei_isr
                0x000000000000b334       0xf0 /Users/oscartesniere/.platformio/packages/framework-arduinorenesas-uno/variants/UNOWIFIR4/libs/libfsp.a(r_sci_i2c.o)
                0x000000000000b334                sci_i2c_tei_isr
 .text.rtc_alarm_periodic_isr
                0x000000000000b424       0x68 /Users/oscartesniere/.platformio/packages/framework-arduinorenesas-uno/variants/UNOWIFIR4/libs/libfsp.a(r_rtc.o)
                0x000000000000b424                rtc_alarm_periodic_isr
 .text.rtc_carry_isr
                0x000000000000b48c       0x2c /Users/oscartesniere/.platformio/packages/framework-arduinorenesas-uno/variants/UNOWIFIR4/libs/libfsp.a(r_rtc.o)
                0x000000000000b48c                rtc_carry_isr
 .text.R_IOPORT_PinWrite
                0x000000000000b4b8       0x20 /Users/oscartesniere/.platformio/packages/framework-arduinorenesas-uno/variants/UNOWIFIR4/libs/libfsp.a(r_ioport.o)
                0x000000000000b4b8                R_IOPORT_PinWrite
 .text.bsp_vbatt_init
                0x000000000000b4d8       0xac /Users/oscartesniere/.platformio/packages/framework-arduinorenesas-uno/variants/UNOWIFIR4/libs/libfsp.a(r_ioport.o)
 .text.R_IOPORT_PinCfg
                0x000000000000b584       0xa8 /Users/oscartesniere/.platformio/packages/framework-arduinorenesas-uno/variants/UNOWIFIR4/libs/libfsp.a(r_ioport.o)
                0x000000000000b584                R_IOPORT_PinCfg
 .text.r_iic_slave_call_callback
                0x000000000000b62c       0x3c /Users/oscartesniere/.platformio/packages/framework-arduinorenesas-uno/variants/UNOWIFIR4/libs/libfsp.a(r_iic_slave.o)
 .text.iic_slave_initiate_transaction
                0x000000000000b668       0x74 /Users/oscartesniere/.platformio/packages/framework-arduinorenesas-uno/variants/UNOWIFIR4/libs/libfsp.a(r_iic_slave.o)
 .text.iic_slave_rxi_isr
                0x000000000000b6dc      0x12c /Users/oscartesniere/.platformio/packages/framework-arduinorenesas-uno/variants/UNOWIFIR4/libs/libfsp.a(r_iic_slave.o)
                0x000000000000b6dc                iic_slave_rxi_isr
 .text.iic_slave_txi_isr
                0x000000000000b808       0xa8 /Users/oscartesniere/.platformio/packages/framework-arduinorenesas-uno/variants/UNOWIFIR4/libs/libfsp.a(r_iic_slave.o)
                0x000000000000b808                iic_slave_txi_isr
 .text.iic_slave_tei_isr
                0x000000000000b8b0       0x94 /Users/oscartesniere/.platformio/packages/framework-arduinorenesas-uno/variants/UNOWIFIR4/libs/libfsp.a(r_iic_slave.o)
                0x000000000000b8b0                iic_slave_tei_isr
 .text.iic_slave_eri_isr
                0x000000000000b944      0x10c /Users/oscartesniere/.platformio/packages/framework-arduinorenesas-uno/variants/UNOWIFIR4/libs/libfsp.a(r_iic_slave.o)
                0x000000000000b944                iic_slave_eri_isr
 .text.iic_master_notify
                0x000000000000ba50       0x3c /Users/oscartesniere/.platformio/packages/framework-arduinorenesas-uno/variants/UNOWIFIR4/libs/libfsp.a(r_iic_master.o)
 .text.iic_master_open_hw_master
                0x000000000000ba8c      0x184 /Users/oscartesniere/.platformio/packages/framework-arduinorenesas-uno/variants/UNOWIFIR4/libs/libfsp.a(r_iic_master.o)
 .text.iic_master_rxi_isr
                0x000000000000bc10      0x13c /Users/oscartesniere/.platformio/packages/framework-arduinorenesas-uno/variants/UNOWIFIR4/libs/libfsp.a(r_iic_master.o)
                0x000000000000bc10                iic_master_rxi_isr
 .text.iic_master_txi_isr
                0x000000000000bd4c       0xec /Users/oscartesniere/.platformio/packages/framework-arduinorenesas-uno/variants/UNOWIFIR4/libs/libfsp.a(r_iic_master.o)
                0x000000000000bd4c                iic_master_txi_isr
 .text.iic_master_tei_isr
                0x000000000000be38       0xc4 /Users/oscartesniere/.platformio/packages/framework-arduinorenesas-uno/variants/UNOWIFIR4/libs/libfsp.a(r_iic_master.o)
                0x000000000000be38                iic_master_tei_isr
 .text.iic_master_eri_isr
                0x000000000000befc      0x140 /Users/oscartesniere/.platformio/packages/framework-arduinorenesas-uno/variants/UNOWIFIR4/libs/libfsp.a(r_iic_master.o)
                0x000000000000befc                iic_master_eri_isr
 .text.r_icu_isr
                0x000000000000c03c       0x6c /Users/oscartesniere/.platformio/packages/framework-arduinorenesas-uno/variants/UNOWIFIR4/libs/libfsp.a(r_icu.o)
                0x000000000000c03c                r_icu_isr
 .text.R_GPT_Start
                0x000000000000c0a8        0xc /Users/oscartesniere/.platformio/packages/framework-arduinorenesas-uno/variants/UNOWIFIR4/libs/libfsp.a(r_gpt.o)
                0x000000000000c0a8                R_GPT_Start
 .text.R_GPT_Enable
                0x000000000000c0b4       0x30 /Users/oscartesniere/.platformio/packages/framework-arduinorenesas-uno/variants/UNOWIFIR4/libs/libfsp.a(r_gpt.o)
                0x000000000000c0b4                R_GPT_Enable
 .text.r_gpt_enable_irq
                0x000000000000c0e4       0x5c /Users/oscartesniere/.platformio/packages/framework-arduinorenesas-uno/variants/UNOWIFIR4/libs/libfsp.a(r_gpt.o)
 .text.r_gpt_call_callback
                0x000000000000c140       0x3c /Users/oscartesniere/.platformio/packages/framework-arduinorenesas-uno/variants/UNOWIFIR4/libs/libfsp.a(r_gpt.o)
 .text.R_GPT_InfoGet
                0x000000000000c17c       0x44 /Users/oscartesniere/.platformio/packages/framework-arduinorenesas-uno/variants/UNOWIFIR4/libs/libfsp.a(r_gpt.o)
                0x000000000000c17c                R_GPT_InfoGet
 .text.gpt_calculate_duty_cycle.isra.0
                0x000000000000c1c0       0x78 /Users/oscartesniere/.platformio/packages/framework-arduinorenesas-uno/variants/UNOWIFIR4/libs/libfsp.a(r_gpt.o)
 .text.R_GPT_DutyCycleSet
                0x000000000000c238       0xc0 /Users/oscartesniere/.platformio/packages/framework-arduinorenesas-uno/variants/UNOWIFIR4/libs/libfsp.a(r_gpt.o)
                0x000000000000c238                R_GPT_DutyCycleSet
 .text.R_GPT_Open
                0x000000000000c2f8      0x264 /Users/oscartesniere/.platformio/packages/framework-arduinorenesas-uno/variants/UNOWIFIR4/libs/libfsp.a(r_gpt.o)
                0x000000000000c2f8                R_GPT_Open
 .text.R_GPT_Close
                0x000000000000c55c       0xd4 /Users/oscartesniere/.platformio/packages/framework-arduinorenesas-uno/variants/UNOWIFIR4/libs/libfsp.a(r_gpt.o)
                0x000000000000c55c                R_GPT_Close
 .text.gpt_counter_overflow_isr
                0x000000000000c630       0x78 /Users/oscartesniere/.platformio/packages/framework-arduinorenesas-uno/variants/UNOWIFIR4/libs/libfsp.a(r_gpt.o)
                0x000000000000c630                gpt_counter_overflow_isr
 .text.R_DAC_Open
                0x000000000000c6a8       0x88 /Users/oscartesniere/.platformio/packages/framework-arduinorenesas-uno/variants/UNOWIFIR4/libs/libfsp.a(r_dac.o)
                0x000000000000c6a8                R_DAC_Open
 .text.R_DAC_Write
                0x000000000000c730        0xc /Users/oscartesniere/.platformio/packages/framework-arduinorenesas-uno/variants/UNOWIFIR4/libs/libfsp.a(r_dac.o)
                0x000000000000c730                R_DAC_Write
 .text.R_DAC_Start
                0x000000000000c73c       0x30 /Users/oscartesniere/.platformio/packages/framework-arduinorenesas-uno/variants/UNOWIFIR4/libs/libfsp.a(r_dac.o)
                0x000000000000c73c                R_DAC_Start
 .text.R_DAC_Stop
                0x000000000000c76c       0x34 /Users/oscartesniere/.platformio/packages/framework-arduinorenesas-uno/variants/UNOWIFIR4/libs/libfsp.a(r_dac.o)
                0x000000000000c76c                R_DAC_Stop
 .text.R_DAC_Close
                0x000000000000c7a0       0x40 /Users/oscartesniere/.platformio/packages/framework-arduinorenesas-uno/variants/UNOWIFIR4/libs/libfsp.a(r_dac.o)
                0x000000000000c7a0                R_DAC_Close
 .text.r_can_call_callback
                0x000000000000c7e0       0x68 /Users/oscartesniere/.platformio/packages/framework-arduinorenesas-uno/variants/UNOWIFIR4/libs/libfsp.a(r_can.o)
 .text.can_error_isr
                0x000000000000c848       0xd4 /Users/oscartesniere/.platformio/packages/framework-arduinorenesas-uno/variants/UNOWIFIR4/libs/libfsp.a(r_can.o)
                0x000000000000c848                can_error_isr
 .text.can_rx_isr
                0x000000000000c91c      0x118 /Users/oscartesniere/.platformio/packages/framework-arduinorenesas-uno/variants/UNOWIFIR4/libs/libfsp.a(r_can.o)
                0x000000000000c91c                can_rx_isr
 .text.can_tx_isr
                0x000000000000ca34       0xa0 /Users/oscartesniere/.platformio/packages/framework-arduinorenesas-uno/variants/UNOWIFIR4/libs/libfsp.a(r_can.o)
                0x000000000000ca34                can_tx_isr
 .text.R_AGT_Start
                0x000000000000cad4       0x38 /Users/oscartesniere/.platformio/packages/framework-arduinorenesas-uno/variants/UNOWIFIR4/libs/libfsp.a(r_agt.o)
                0x000000000000cad4                R_AGT_Start
 .text.R_AGT_Enable
                0x000000000000cb0c       0x14 /Users/oscartesniere/.platformio/packages/framework-arduinorenesas-uno/variants/UNOWIFIR4/libs/libfsp.a(r_agt.o)
                0x000000000000cb0c                R_AGT_Enable
 .text.R_AGT_DutyCycleSet
                0x000000000000cb20        0x4 /Users/oscartesniere/.platformio/packages/framework-arduinorenesas-uno/variants/UNOWIFIR4/libs/libfsp.a(r_agt.o)
                0x000000000000cb20                R_AGT_DutyCycleSet
 .text.R_AGT_Close
                0x000000000000cb24       0x84 /Users/oscartesniere/.platformio/packages/framework-arduinorenesas-uno/variants/UNOWIFIR4/libs/libfsp.a(r_agt.o)
                0x000000000000cb24                R_AGT_Close
 .text.R_AGT_Open
                0x000000000000cba8      0x118 /Users/oscartesniere/.platformio/packages/framework-arduinorenesas-uno/variants/UNOWIFIR4/libs/libfsp.a(r_agt.o)
                0x000000000000cba8                R_AGT_Open
 .text.R_AGT_InfoGet
                0x000000000000ccc0       0xcc /Users/oscartesniere/.platformio/packages/framework-arduinorenesas-uno/variants/UNOWIFIR4/libs/libfsp.a(r_agt.o)
                0x000000000000ccc0                R_AGT_InfoGet
 .text.agt_int_isr
                0x000000000000cd8c       0x88 /Users/oscartesniere/.platformio/packages/framework-arduinorenesas-uno/variants/UNOWIFIR4/libs/libfsp.a(r_agt.o)
                0x000000000000cd8c                agt_int_isr
 .text.R_ADC_ScanStart
                0x000000000000ce14        0xc /Users/oscartesniere/.platformio/packages/framework-arduinorenesas-uno/variants/UNOWIFIR4/libs/libfsp.a(r_adc.o)
                0x000000000000ce14                R_ADC_ScanStart
 .text.R_ADC_StatusGet
                0x000000000000ce20       0x10 /Users/oscartesniere/.platformio/packages/framework-arduinorenesas-uno/variants/UNOWIFIR4/libs/libfsp.a(r_adc.o)
                0x000000000000ce20                R_ADC_StatusGet
 .text.R_ADC_Read
                0x000000000000ce30       0x10 /Users/oscartesniere/.platformio/packages/framework-arduinorenesas-uno/variants/UNOWIFIR4/libs/libfsp.a(r_adc.o)
                0x000000000000ce30                R_ADC_Read
 .text.R_ADC_ScanCfg
                0x000000000000ce40      0x1a0 /Users/oscartesniere/.platformio/packages/framework-arduinorenesas-uno/variants/UNOWIFIR4/libs/libfsp.a(r_adc.o)
                0x000000000000ce40                R_ADC_ScanCfg
 .text.R_ADC_Open
                0x000000000000cfe0      0x240 /Users/oscartesniere/.platformio/packages/framework-arduinorenesas-uno/variants/UNOWIFIR4/libs/libfsp.a(r_adc.o)
                0x000000000000cfe0                R_ADC_Open
 .text.R_ADC_Close
                0x000000000000d220       0xfc /Users/oscartesniere/.platformio/packages/framework-arduinorenesas-uno/variants/UNOWIFIR4/libs/libfsp.a(r_adc.o)
                0x000000000000d220                R_ADC_Close
 .text.bsp_prv_software_delay_loop
                0x000000000000d31c        0xc /Users/oscartesniere/.platformio/packages/framework-arduinorenesas-uno/variants/UNOWIFIR4/libs/libfsp.a(bsp_delay.o)
                0x000000000000d31c                bsp_prv_software_delay_loop
 .text.R_BSP_SoftwareDelay
                0x000000000000d328       0x5c /Users/oscartesniere/.platformio/packages/framework-arduinorenesas-uno/variants/UNOWIFIR4/libs/libfsp.a(bsp_delay.o)
                0x000000000000d328                R_BSP_SoftwareDelay
 .text.bsp_irq_cfg
                0x000000000000d384       0x2c /Users/oscartesniere/.platformio/packages/framework-arduinorenesas-uno/variants/UNOWIFIR4/libs/libfsp.a(bsp_irq.o)
                0x000000000000d384                bsp_irq_cfg
 .text.R_BSP_RegisterProtectEnable
                0x000000000000d3b0       0x60 /Users/oscartesniere/.platformio/packages/framework-arduinorenesas-uno/variants/UNOWIFIR4/libs/libfsp.a(bsp_register_protection.o)
                0x000000000000d3b0                R_BSP_RegisterProtectEnable
 .text.R_BSP_RegisterProtectDisable
                0x000000000000d410       0x54 /Users/oscartesniere/.platformio/packages/framework-arduinorenesas-uno/variants/UNOWIFIR4/libs/libfsp.a(bsp_register_protection.o)
                0x000000000000d410                R_BSP_RegisterProtectDisable
 .text.Default_Handler
                0x000000000000d464        0x4 /Users/oscartesniere/.platformio/packages/framework-arduinorenesas-uno/variants/UNOWIFIR4/libs/libfsp.a(startup.o)
                0x000000000000d464                BusFault_Handler
                0x000000000000d464                HardFault_Handler
                0x000000000000d464                SysTick_Handler
                0x000000000000d464                PendSV_Handler
                0x000000000000d464                UsageFault_Handler
                0x000000000000d464                SecureFault_Handler
                0x000000000000d464                Default_Handler
                0x000000000000d464                MemManage_Handler
                0x000000000000d464                SVC_Handler
                0x000000000000d464                DebugMon_Handler
 .text.Reset_Handler
                0x000000000000d468        0xc /Users/oscartesniere/.platformio/packages/framework-arduinorenesas-uno/variants/UNOWIFIR4/libs/libfsp.a(startup.o)
                0x000000000000d468                Reset_Handler
 .text.R_BSP_WarmStart
                0x000000000000d474        0x4 /Users/oscartesniere/.platformio/packages/framework-arduinorenesas-uno/variants/UNOWIFIR4/libs/libfsp.a(system.o)