Archive member included to satisfy reference by file (symbol)

.pio/build/uno_r4_wifi/lib883/libWiFiS3.a(WiFiClient.cpp.o)
                              .pio/build/uno_r4_wifi/src/main.cpp.o (WiFiClient::~WiFiClient())
.pio/build/uno_r4_wifi/lib883/libWiFiS3.a(WiFiServer.cpp.o)
                              .pio/build/uno_r4_wifi/src/main.cpp.o (vtable for WiFiServer)
.pio/build/uno_r4_wifi/lib883/libWiFiS3.a(Modem.cpp.o)
                              .pio/build/uno_r4_wifi/lib883/libWiFiS3.a(WiFiClient.cpp.o) (ModemClass::write_nowait(std::__cxx11::basic_string<char, std::char_traits<char>, std::allocator<char> > const&, std::__cxx11::basic_string<char, std::char_traits<char>, std::allocator<char> >&, char const*, ...))
.pio/build/uno_r4_wifi/lib5ab/libController.a(Controller.cpp.o)
                              .pio/build/uno_r4_wifi/src/main.cpp.o (Controller::Controller(char const*, char const*))
.pio/build/uno_r4_wifi/libFrameworkArduinoVariant.a(main.c.o)
                              /Users/oscartesniere/.platformio/packages/toolchain-gccarmnoneeabi/bin/../lib/gcc/arm-none-eabi/7.2.1/../../../../arm-none-eabi/lib/thumb/v7e-m/fpv4-sp/hard/crt0.o (main)
.pio/build/uno_r4_wifi/libFrameworkArduino.a(Serial.cpp.o)
                              .pio/build/uno_r4_wifi/src/main.cpp.o (UART::operator bool())
.pio/build/uno_r4_wifi/libFrameworkArduino.a(SerialObj1.cpp.o)
                              .pio/build/uno_r4_wifi/src/main.cpp.o (_UART1_)
.pio/build/uno_r4_wifi/libFrameworkArduino.a(SerialObj3.cpp.o)
                              .pio/build/uno_r4_wifi/lib883/libWiFiS3.a(Modem.cpp.o) (_UART3_)
.pio/build/uno_r4_wifi/libFrameworkArduino.a(analog.cpp.o)
                              .pio/build/uno_r4_wifi/src/main.cpp.o (analogWrite)
.pio/build/uno_r4_wifi/libFrameworkArduino.a(Common.cpp.o)
                              .pio/build/uno_r4_wifi/src/main.cpp.o (map(long, long, long, long, long))
.pio/build/uno_r4_wifi/libFrameworkArduino.a(IPAddress.cpp.o)
                              .pio/build/uno_r4_wifi/lib883/libWiFiS3.a(WiFiClient.cpp.o) (arduino::IPAddress::IPAddress())
.pio/build/uno_r4_wifi/libFrameworkArduino.a(Print.cpp.o)
                              .pio/build/uno_r4_wifi/libFrameworkArduino.a(Serial.cpp.o) (arduino::Print::write(unsigned char const*, unsigned int))
.pio/build/uno_r4_wifi/libFrameworkArduino.a(Stream.cpp.o)
                              .pio/build/uno_r4_wifi/lib5ab/libController.a(Controller.cpp.o) (arduino::Stream::setTimeout(unsigned long))
.pio/build/uno_r4_wifi/libFrameworkArduino.a(String.cpp.o)
                              .pio/build/uno_r4_wifi/lib5ab/libController.a(Controller.cpp.o) (arduino::String::String(arduino::String&&))
.pio/build/uno_r4_wifi/libFrameworkArduino.a(dac.cpp.o)
                              .pio/build/uno_r4_wifi/libFrameworkArduino.a(analog.cpp.o) (CDac::analogWrite(int))
.pio/build/uno_r4_wifi/libFrameworkArduino.a(digital.cpp.o)
                              .pio/build/uno_r4_wifi/src/main.cpp.o (pinMode)
.pio/build/uno_r4_wifi/libFrameworkArduino.a(itoa.c.o)
                              .pio/build/uno_r4_wifi/libFrameworkArduino.a(String.cpp.o) (dtostrf)
.pio/build/uno_r4_wifi/libFrameworkArduino.a(main.cpp.o)
                              .pio/build/uno_r4_wifi/libFrameworkArduinoVariant.a(main.c.o) (hal_entry)
.pio/build/uno_r4_wifi/libFrameworkArduino.a(pinDefinitions.cpp.o)
                              .pio/build/uno_r4_wifi/libFrameworkArduino.a(analog.cpp.o) (pinPeripheral(e_bsp_io_port_pin_t, unsigned long))
.pio/build/uno_r4_wifi/libFrameworkArduino.a(pwm.cpp.o)
                              .pio/build/uno_r4_wifi/libFrameworkArduino.a(analog.cpp.o) (PwmOut::PwmOut(int))
.pio/build/uno_r4_wifi/libFrameworkArduino.a(time.cpp.o)
                              .pio/build/uno_r4_wifi/libFrameworkArduino.a(analog.cpp.o) (delayMicroseconds)
.pio/build/uno_r4_wifi/libFrameworkArduino.a(variant_helper.cpp.o)
                              .pio/build/uno_r4_wifi/libFrameworkArduino.a(Serial.cpp.o) (getPinCfgs(unsigned char, PinCfgReq_t))
.pio/build/uno_r4_wifi/libFrameworkArduino.a(vector_table.c.o)
                              .pio/build/uno_r4_wifi/libFrameworkArduino.a(main.cpp.o) (g_vector_table)
.pio/build/uno_r4_wifi/libFrameworkArduino.a(FspTimer.cpp.o)
                              .pio/build/uno_r4_wifi/libFrameworkArduino.a(pwm.cpp.o) (FspTimer::FspTimer())
.pio/build/uno_r4_wifi/libFrameworkArduino.a(IRQManager.cpp.o)
                              .pio/build/uno_r4_wifi/libFrameworkArduino.a(Serial.cpp.o) (IRQManager::getInstance())
.pio/build/uno_r4_wifi/libFrameworkArduino.a(cm_backtrace.c.o)
                              .pio/build/uno_r4_wifi/libFrameworkArduino.a(main.cpp.o) (cm_backtrace_init)
.pio/build/uno_r4_wifi/libFrameworkArduino.a(cortex_handlers.c.o)
                              .pio/build/uno_r4_wifi/libFrameworkArduino.a(main.cpp.o) (Stacktrace_Handler)
[...]
Memory Configuration

Name             Origin             Length             Attributes
FLASH            0x0000000000004000 0x000000000003c000 xr
RAM              0x0000000020000000 0x0000000000008000 xrw
DATA_FLASH       0x0000000040100000 0x0000000000002000 xr
OPTION_SETTING   0x0000000000000000 0x0000000000000000 r
OPTION_SETTING_S 0x0000000000000000 0x0000000000000000 r
ID_CODE          0x0000000001010018 0x0000000000000020 xr
*default*        0x0000000000000000 0xffffffffffffffff

Linker script and memory map

LOAD /Users/oscartesniere/.platformio/packages/toolchain-gccarmnoneeabi/bin/../lib/gcc/arm-none-eabi/7.2.1/thumb/v7e-m/fpv4-sp/hard/crti.o
LOAD /Users/oscartesniere/.platformio/packages/toolchain-gccarmnoneeabi/bin/../lib/gcc/arm-none-eabi/7.2.1/thumb/v7e-m/fpv4-sp/hard/crtbegin.o
LOAD /Users/oscartesniere/.platformio/packages/toolchain-gccarmnoneeabi/bin/../lib/gcc/arm-none-eabi/7.2.1/../../../../arm-none-eabi/lib/thumb/v7e-m/fpv4-sp/hard/crt0.o
LOAD .pio/build/uno_r4_wifi/src/main.cpp.o
START GROUP
LOAD .pio/build/uno_r4_wifi/lib883/libWiFiS3.a
LOAD .pio/build/uno_r4_wifi/lib5ab/libController.a
LOAD .pio/build/uno_r4_wifi/libFrameworkArduinoVariant.a
LOAD .pio/build/uno_r4_wifi/libFrameworkArduino.a
LOAD /Users/oscartesniere/.platformio/packages/framework-arduinorenesas-uno/variants/UNOWIFIR4/libs/libfsp.a
LOAD /Users/oscartesniere/.platformio/packages/toolchain-gccarmnoneeabi/bin/../lib/gcc/arm-none-eabi/7.2.1/../../../../arm-none-eabi/lib/thumb/v7e-m/fpv4-sp/hard/libstdc++_nano.a
LOAD /Users/oscartesniere/.platformio/packages/toolchain-gccarmnoneeabi/bin/../lib/gcc/arm-none-eabi/7.2.1/../../../../arm-none-eabi/lib/thumb/v7e-m/fpv4-sp/hard/libsupc++_nano.a
LOAD /Users/oscartesniere/.platformio/packages/toolchain-gccarmnoneeabi/bin/../lib/gcc/arm-none-eabi/7.2.1/thumb/v7e-m/fpv4-sp/hard/libgcc.a
LOAD /Users/oscartesniere/.platformio/packages/toolchain-gccarmnoneeabi/bin/../lib/gcc/arm-none-eabi/7.2.1/../../../../arm-none-eabi/lib/thumb/v7e-m/fpv4-sp/hard/libnosys.a
END GROUP
LOAD /Users/oscartesniere/.platformio/packages/toolchain-gccarmnoneeabi/bin/../lib/gcc/arm-none-eabi/7.2.1/../../../../arm-none-eabi/lib/thumb/v7e-m/fpv4-sp/hard/libstdc++_nano.a
LOAD /Users/oscartesniere/.platformio/packages/toolchain-gccarmnoneeabi/bin/../lib/gcc/arm-none-eabi/7.2.1/../../../../arm-none-eabi/lib/thumb/v7e-m/fpv4-sp/hard/libm.a
LOAD /Users/oscartesniere/.platformio/packages/toolchain-gccarmnoneeabi/bin/../lib/gcc/arm-none-eabi/7.2.1/../../../../arm-none-eabi/lib/thumb/v7e-m/fpv4-sp/hard/libc_nano.a
START GROUP
LOAD /Users/oscartesniere/.platformio/packages/toolchain-gccarmnoneeabi/bin/../lib/gcc/arm-none-eabi/7.2.1/thumb/v7e-m/fpv4-sp/hard/libgcc.a
LOAD /Users/oscartesniere/.platformio/packages/toolchain-gccarmnoneeabi/bin/../lib/gcc/arm-none-eabi/7.2.1/../../../../arm-none-eabi/lib/thumb/v7e-m/fpv4-sp/hard/libc_nano.a
END GROUP
START GROUP
LOAD /Users/oscartesniere/.platformio/packages/toolchain-gccarmnoneeabi/bin/../lib/gcc/arm-none-eabi/7.2.1/thumb/v7e-m/fpv4-sp/hard/libgcc.a
LOAD /Users/oscartesniere/.platformio/packages/toolchain-gccarmnoneeabi/bin/../lib/gcc/arm-none-eabi/7.2.1/../../../../arm-none-eabi/lib/thumb/v7e-m/fpv4-sp/hard/libc_nano.a
LOAD /Users/oscartesniere/.platformio/packages/toolchain-gccarmnoneeabi/bin/../lib/gcc/arm-none-eabi/7.2.1/../../../../arm-none-eabi/lib/thumb/v7e-m/fpv4-sp/hard/libnosys.a
END GROUP
START GROUP
LOAD /Users/oscartesniere/.platformio/packages/toolchain-gccarmnoneeabi/bin/../lib/gcc/arm-none-eabi/7.2.1/thumb/v7e-m/fpv4-sp/hard/libgcc.a
LOAD /Users/oscartesniere/.platformio/packages/toolchain-gccarmnoneeabi/bin/../lib/gcc/arm-none-eabi/7.2.1/../../../../arm-none-eabi/lib/thumb/v7e-m/fpv4-sp/hard/libc_nano.a
LOAD /Users/oscartesniere/.platformio/packages/toolchain-gccarmnoneeabi/bin/../lib/gcc/arm-none-eabi/7.2.1/../../../../arm-none-eabi/lib/thumb/v7e-m/fpv4-sp/hard/libnosys.a
END GROUP
LOAD /Users/oscartesniere/.platformio/packages/toolchain-gccarmnoneeabi/bin/../lib/gcc/arm-none-eabi/7.2.1/thumb/v7e-m/fpv4-sp/hard/crtend.o
LOAD /Users/oscartesniere/.platformio/packages/toolchain-gccarmnoneeabi/bin/../lib/gcc/arm-none-eabi/7.2.1/thumb/v7e-m/fpv4-sp/hard/crtn.o
                0x0000000020000000                RAM_START = 0x20000000
                0x0000000000008000                RAM_LENGTH = 0x8000
                0x0000000000000000                FLASH_START = 0x0
                0x0000000000040000                FLASH_LENGTH = 0x40000
                0x0000000040100000                DATA_FLASH_START = 0x40100000
                0x0000000000002000                DATA_FLASH_LENGTH = 0x2000
                0x0000000000000000                OPTION_SETTING_START = 0x0
                0x0000000000000000                OPTION_SETTING_LENGTH = 0x0
                0x0000000000000000                OPTION_SETTING_S_START = 0x0
                0x0000000000000000                OPTION_SETTING_S_LENGTH = 0x0
                0x0000000001010018                ID_CODE_START = 0x1010018
                0x0000000000000020                ID_CODE_LENGTH = 0x20
                0x0000000090000000                SDRAM_START = 0x90000000
                0x0000000000000000                SDRAM_LENGTH = 0x0
                0x0000000060000000                QSPI_FLASH_START = 0x60000000
                0x0000000000000000                QSPI_FLASH_LENGTH = 0x0
                0x0000000068000000                OSPI_DEVICE_0_START = 0x68000000
                0x0000000000000000                OSPI_DEVICE_0_LENGTH = 0x0
                0x0000000070000000                OSPI_DEVICE_1_START = 0x70000000
                0x0000000000000000                OSPI_DEVICE_1_LENGTH = 0x0
                0x0000000000004000                FLASH_IMAGE_START = 0x4000
                0x0000000000000100                VECTOR_TABLE_LENGTH = 0x100
                0x0000000000000400                BSP_CFG_STACK_MAIN_BYTES = 0x400
START GROUP
LOAD /Users/oscartesniere/.platformio/packages/toolchain-gccarmnoneeabi/bin/../lib/gcc/arm-none-eabi/7.2.1/thumb/v7e-m/fpv4-sp/hard/libgcc.a
LOAD /Users/oscartesniere/.platformio/packages/toolchain-gccarmnoneeabi/bin/../lib/gcc/arm-none-eabi/7.2.1/../../../../arm-none-eabi/lib/thumb/v7e-m/fpv4-sp/hard/libc.a
LOAD /Users/oscartesniere/.platformio/packages/toolchain-gccarmnoneeabi/bin/../lib/gcc/arm-none-eabi/7.2.1/../../../../arm-none-eabi/lib/thumb/v7e-m/fpv4-sp/hard/libm.a
LOAD /Users/oscartesniere/.platformio/packages/toolchain-gccarmnoneeabi/bin/../lib/gcc/arm-none-eabi/7.2.1/../../../../arm-none-eabi/lib/thumb/v7e-m/fpv4-sp/hard/libnosys.a
END GROUP

.text           0x0000000000004000    0x10124
                0x0000000000000000                __tz_FLASH_S = ABSOLUTE (FLASH_START)
                0x0000000000004000                __ROM_Start = .
 *(.sketch_boot)
                0x0000000000004000                . = ALIGN (0x800)
 *(.fixed_vectors*)
 .fixed_vectors
                0x0000000000004000       0x40 /Users/oscartesniere/.platformio/packages/framework-arduinorenesas-uno/variants/UNOWIFIR4/libs/libfsp.a(startup.o)
                0x0000000000004000                __Vectors
 *(.application_vectors*)
 .application_vectors
                0x0000000000004040       0x80 .pio/build/uno_r4_wifi/libFrameworkArduino.a(vector_table.c.o)
                0x0000000000004040                g_vector_table
                0x00000000000040c0                __Vectors_End = .
 *(.text*)
 .text          0x00000000000040c0       0x40 /Users/oscartesniere/.platformio/packages/toolchain-gccarmnoneeabi/bin/../lib/gcc/arm-none-eabi/7.2.1/thumb/v7e-m/fpv4-sp/hard/crtbegin.o
 .text._ZL10speedToCmdaRbRh
                0x0000000000004100       0x30 .pio/build/uno_r4_wifi/src/main.cpp.o
 .text._Z7onPressv
                0x0000000000004130       0x10 .pio/build/uno_r4_wifi/src/main.cpp.o
                0x0000000000004130                onPress()
 .text._ZL8setMotoriiia
                0x0000000000004140       0x6c .pio/build/uno_r4_wifi/src/main.cpp.o
 .text._Z7onDriveaa
                0x00000000000041ac      0x10c .pio/build/uno_r4_wifi/src/main.cpp.o
                0x00000000000041ac                onDrive(signed char, signed char)
 .text.loop     0x00000000000042b8        0xc .pio/build/uno_r4_wifi/src/main.cpp.o
                0x00000000000042b8                loop
 .text.startup._GLOBAL__sub_I_ctrl
                0x00000000000042c4       0x18 .pio/build/uno_r4_wifi/src/main.cpp.o
 .text.exit._GLOBAL__sub_D_ctrl
                0x00000000000042dc       0x34 .pio/build/uno_r4_wifi/src/main.cpp.o
 .text.setup    0x0000000000004310       0xbc .pio/build/uno_r4_wifi/src/main.cpp.o
                0x0000000000004310                setup
 .text._ZN7arduino5Print17availableForWriteEv
                0x00000000000043cc        0x4 .pio/build/uno_r4_wifi/lib883/libWiFiS3.a(WiFiClient.cpp.o)
                0x00000000000043cc                arduino::Print::availableForWrite()
 .text._ZN10WiFiClientcvbEv
                0x00000000000043d0        0xa .pio/build/uno_r4_wifi/lib883/libWiFiS3.a(WiFiClient.cpp.o)
                0x00000000000043d0                WiFiClient::operator bool()
 .text._ZN10WiFiClientneERKS_
                0x00000000000043da       0x10 .pio/build/uno_r4_wifi/lib883/libWiFiS3.a(WiFiClient.cpp.o)
                0x00000000000043da                WiFiClient::operator!=(WiFiClient const&)
 .text._ZN10WiFiClient5writeEh
                0x00000000000043ea       0x16 .pio/build/uno_r4_wifi/lib883/libWiFiS3.a(WiFiClient.cpp.o)
                0x00000000000043ea                WiFiClient::write(unsigned char)
 .text._ZN10WiFiClient4readEv
                0x0000000000004400       0x20 .pio/build/uno_r4_wifi/lib883/libWiFiS3.a(WiFiClient.cpp.o)
                0x0000000000004400                WiFiClient::read()
 .text._ZN10WiFiClienteqERKS_
                0x0000000000004420        0xc .pio/build/uno_r4_wifi/lib883/libWiFiS3.a(WiFiClient.cpp.o)
                0x0000000000004420                WiFiClient::operator==(WiFiClient const&)
 .text._ZNSt15_Sp_counted_ptrIPN7arduino10FifoBufferIhLm1024EEELN9__gnu_cxx12_Lock_policyE0EED2Ev
                0x000000000000442c        0x2 .pio/build/uno_r4_wifi/lib883/libWiFiS3.a(WiFiClient.cpp.o)
                0x000000000000442c                std::_Sp_counted_ptr<arduino::FifoBuffer<unsigned char, 1024ul>*, (__gnu_cxx::_Lock_policy)0>::~_Sp_counted_ptr()
                0x000000000000442c                std::_Sp_counted_ptr<arduino::FifoBuffer<unsigned char, 1024ul>*, (__gnu_cxx::_Lock_policy)0>::~_Sp_counted_ptr()
 .text._ZNSt15_Sp_counted_ptrIPN7arduino10FifoBufferIhLm1024EEELN9__gnu_cxx12_Lock_policyE0EE14_M_get_deleterERKSt9type_info
                0x000000000000442e        0x4 .pio/build/uno_r4_wifi/lib883/libWiFiS3.a(WiFiClient.cpp.o)
                0x000000000000442e                std::_Sp_counted_ptr<arduino::FifoBuffer<unsigned char, 1024ul>*, (__gnu_cxx::_Lock_policy)0>::_M_get_deleter(std::type_info const&)
 .text._ZNSt15_Sp_counted_ptrIPN7arduino10FifoBufferIhLm1024EEELN9__gnu_cxx12_Lock_policyE0EE10_M_disposeEv
                0x0000000000004432        0xa .pio/build/uno_r4_wifi/lib883/libWiFiS3.a(WiFiClient.cpp.o)
                0x0000000000004432                std::_Sp_counted_ptr<arduino::FifoBuffer<unsigned char, 1024ul>*, (__gnu_cxx::_Lock_policy)0>::_M_dispose()
 .text._ZNSt15_Sp_counted_ptrIPN7arduino10FifoBufferIhLm1024EEELN9__gnu_cxx12_Lock_policyE0EED0Ev
                0x000000000000443c        0xe .pio/build/uno_r4_wifi/lib883/libWiFiS3.a(WiFiClient.cpp.o)
                0x000000000000443c                std::_Sp_counted_ptr<arduino::FifoBuffer<unsigned char, 1024ul>*, (__gnu_cxx::_Lock_policy)0>::~_Sp_counted_ptr()
 .text._ZNSt15_Sp_counted_ptrIPN7arduino10FifoBufferIhLm1024EEELN9__gnu_cxx12_Lock_policyE0EE10_M_destroyEv
                0x000000000000444a        0x8 .pio/build/uno_r4_wifi/lib883/libWiFiS3.a(WiFiClient.cpp.o)
                0x000000000000444a                std::_Sp_counted_ptr<arduino::FifoBuffer<unsigned char, 1024ul>*, (__gnu_cxx::_Lock_policy)0>::_M_destroy()
 .text._ZN10WiFiClient7connectEN7arduino9IPAddressEt
                0x0000000000004452       0x26 .pio/build/uno_r4_wifi/lib883/libWiFiS3.a(WiFiClient.cpp.o)
                0x0000000000004452                WiFiClient::connect(arduino::IPAddress, unsigned short)
 .text._ZNSt16_Sp_counted_baseILN9__gnu_cxx12_Lock_policyE0EE10_M_releaseEv.part.6
                0x0000000000004478       0x20 .pio/build/uno_r4_wifi/lib883/libWiFiS3.a(WiFiClient.cpp.o)
 .text._ZNSt7__cxx1112basic_stringIcSt11char_traitsIcESaIcEEC2EPKcRKS3_.constprop.43
                0x0000000000004498       0x54 .pio/build/uno_r4_wifi/lib883/libWiFiS3.a(WiFiClient.cpp.o)
 .text._ZN7__GuardD2Ev
                0x00000000000044ec        0xc .pio/build/uno_r4_wifi/lib883/libWiFiS3.a(WiFiClient.cpp.o)
                0x00000000000044ec                __Guard::~__Guard()
                0x00000000000044ec                __Guard::~__Guard()
 .text._ZN7arduino10FifoBufferIhLm1024EE9availableEv.isra.7
                0x00000000000044f8       0x2c .pio/build/uno_r4_wifi/lib883/libWiFiS3.a(WiFiClient.cpp.o)
 .text._ZN7arduino10FifoBufferIhLm1024EE9nextIndexEm.isra.14
                0x0000000000004524       0x2e .pio/build/uno_r4_wifi/lib883/libWiFiS3.a(WiFiClient.cpp.o)
 *fill*         0x0000000000004552        0x2 ff
 .text._ZN10WiFiClientC2ERKS_
                0x0000000000004554       0x30 .pio/build/uno_r4_wifi/lib883/libWiFiS3.a(WiFiClient.cpp.o)
                0x0000000000004554                WiFiClient::WiFiClient(WiFiClient const&)
                0x0000000000004554                WiFiClient::WiFiClient(WiFiClient const&)
 .text._ZNSt14__shared_countILN9__gnu_cxx12_Lock_policyE0EED2Ev
                0x0000000000004584       0x18 .pio/build/uno_r4_wifi/lib883/libWiFiS3.a(WiFiClient.cpp.o)
                0x0000000000004584                std::__shared_count<(__gnu_cxx::_Lock_policy)0>::~__shared_count()
                0x0000000000004584                std::__shared_count<(__gnu_cxx::_Lock_policy)0>::~__shared_count()
 .text._ZN10WiFiClientD2Ev
                0x000000000000459c       0x18 .pio/build/uno_r4_wifi/lib883/libWiFiS3.a(WiFiClient.cpp.o)
                0x000000000000459c                WiFiClient::~WiFiClient()
                0x000000000000459c                WiFiClient::~WiFiClient()
 .text._ZNSt7__cxx1112basic_stringIcSt11char_traitsIcESaIcEE10_M_disposeEv
                0x00000000000045b4       0x10 .pio/build/uno_r4_wifi/lib883/libWiFiS3.a(WiFiClient.cpp.o)
                0x00000000000045b4                std::__cxx11::basic_string<char, std::char_traits<char>, std::allocator<char> >::_M_dispose()
 .text._ZN10WiFiClient9getSocketEv
                0x00000000000045c4       0x80 .pio/build/uno_r4_wifi/lib883/libWiFiS3.a(WiFiClient.cpp.o)
                0x00000000000045c4                WiFiClient::getSocket()
 .text._ZN10WiFiClient7connectEPKct
                0x0000000000004644       0xb0 .pio/build/uno_r4_wifi/lib883/libWiFiS3.a(WiFiClient.cpp.o)
                0x0000000000004644                WiFiClient::connect(char const*, unsigned short)
 .text._ZN10WiFiClient5writeEPKhj
                0x00000000000046f4       0x80 .pio/build/uno_r4_wifi/lib883/libWiFiS3.a(WiFiClient.cpp.o)
                0x00000000000046f4                WiFiClient::write(unsigned char const*, unsigned int)
 .text._ZN10WiFiClient9availableEv
                0x0000000000004774       0x98 .pio/build/uno_r4_wifi/lib883/libWiFiS3.a(WiFiClient.cpp.o)
                0x0000000000004774                WiFiClient::available()
 .text._ZN10WiFiClient5_readEv
                0x000000000000480c      0x138 .pio/build/uno_r4_wifi/lib883/libWiFiS3.a(WiFiClient.cpp.o)
                0x000000000000480c                WiFiClient::_read()
 .text._ZN10WiFiClient14read_if_neededEj
                0x0000000000004944       0x22 .pio/build/uno_r4_wifi/lib883/libWiFiS3.a(WiFiClient.cpp.o)
                0x0000000000004944                WiFiClient::read_if_needed(unsigned int)
 .text._ZN10WiFiClient4readEPhj
                0x0000000000004966       0x88 .pio/build/uno_r4_wifi/lib883/libWiFiS3.a(WiFiClient.cpp.o)
                0x0000000000004966                WiFiClient::read(unsigned char*, unsigned int)
 .text._ZN10WiFiClient4peekEv
                0x00000000000049ee       0x2c .pio/build/uno_r4_wifi/lib883/libWiFiS3.a(WiFiClient.cpp.o)
                0x00000000000049ee                WiFiClient::peek()
 *fill*         0x0000000000004a1a        0x2 ff
 .text._ZN10WiFiClient5flushEv
                0x0000000000004a1c       0x60 .pio/build/uno_r4_wifi/lib883/libWiFiS3.a(WiFiClient.cpp.o)
                0x0000000000004a1c                WiFiClient::flush()
 .text._ZN10WiFiClient4stopEv
                0x0000000000004a7c       0x78 .pio/build/uno_r4_wifi/lib883/libWiFiS3.a(WiFiClient.cpp.o)
                0x0000000000004a7c                WiFiClient::stop()
 .text._ZN10WiFiClient9connectedEv
                0x0000000000004af4       0x80 .pio/build/uno_r4_wifi/lib883/libWiFiS3.a(WiFiClient.cpp.o)
                0x0000000000004af4                WiFiClient::connected()
 .text._ZN10WiFiClient8remoteIPEv
                0x0000000000004b74       0xa8 .pio/build/uno_r4_wifi/lib883/libWiFiS3.a(WiFiClient.cpp.o)
                0x0000000000004b74                WiFiClient::remoteIP()
 .text._ZN10WiFiClient10remotePortEv
                0x0000000000004c1c       0x74 .pio/build/uno_r4_wifi/lib883/libWiFiS3.a(WiFiClient.cpp.o)
                0x0000000000004c1c                WiFiClient::remotePort()
 .text._ZNSt12__shared_ptrIN7arduino10FifoBufferIhLm1024EEELN9__gnu_cxx12_Lock_policyE0EEaSEOS5_
                0x0000000000004c90       0x28 .pio/build/uno_r4_wifi/lib883/libWiFiS3.a(WiFiClient.cpp.o)
                0x0000000000004c90                std::__shared_ptr<arduino::FifoBuffer<unsigned char, 1024ul>, (__gnu_cxx::_Lock_policy)0>::operator=(std::__shared_ptr<arduino::FifoBuffer<unsigned char, 1024ul>, (__gnu_cxx::_Lock_policy)0>&&)
 .text._ZN10WiFiClientC2Ev
                0x0000000000004cb8       0x74 .pio/build/uno_r4_wifi/lib883/libWiFiS3.a(WiFiClient.cpp.o)
                0x0000000000004cb8                WiFiClient::WiFiClient()
                0x0000000000004cb8                WiFiClient::WiFiClient()
 .text._ZN10WiFiClientC2Ei
                0x0000000000004d2c       0x70 .pio/build/uno_r4_wifi/lib883/libWiFiS3.a(WiFiClient.cpp.o)
                0x0000000000004d2c                WiFiClient::WiFiClient(int)
                0x0000000000004d2c                WiFiClient::WiFiClient(int)
 .text._ZN7arduino5Print5flushEv
                0x0000000000004d9c        0x2 .pio/build/uno_r4_wifi/lib883/libWiFiS3.a(WiFiServer.cpp.o)
                0x0000000000004d9c                arduino::Print::flush()
 .text._ZN10WiFiServerneERKS_
                0x0000000000004d9e       0x10 .pio/build/uno_r4_wifi/lib883/libWiFiS3.a(WiFiServer.cpp.o)
                0x0000000000004d9e                WiFiServer::operator!=(WiFiServer const&)
 .text._ZN10WiFiServer5writeEh
                0x0000000000004dae       0x16 .pio/build/uno_r4_wifi/lib883/libWiFiS3.a(WiFiServer.cpp.o)
                0x0000000000004dae                WiFiServer::write(unsigned char)
 .text._ZN10WiFiServereqERKS_
                0x0000000000004dc4        0xc .pio/build/uno_r4_wifi/lib883/libWiFiS3.a(WiFiServer.cpp.o)
                0x0000000000004dc4                WiFiServer::operator==(WiFiServer const&)
 .text._ZN10WiFiServerC2Ei
                0x0000000000004dd0       0x24 .pio/build/uno_r4_wifi/lib883/libWiFiS3.a(WiFiServer.cpp.o)
                0x0000000000004dd0                WiFiServer::WiFiServer(int)
                0x0000000000004dd0                WiFiServer::WiFiServer(int)
 .text._ZNSt7__cxx1112basic_stringIcSt11char_traitsIcESaIcEEC2EPKcRKS3_
                0x0000000000004df4       0x54 .pio/build/uno_r4_wifi/lib883/libWiFiS3.a(WiFiServer.cpp.o)
                0x0000000000004df4                std::__cxx11::basic_string<char, std::char_traits<char>, std::allocator<char> >::basic_string(char const*, std::allocator<char> const&)
                0x0000000000004df4                std::__cxx11::basic_string<char, std::char_traits<char>, std::allocator<char> >::basic_string(char const*, std::allocator<char> const&)
 .text._ZN10WiFiServer9availableEv
                0x0000000000004e48       0xf4 .pio/build/uno_r4_wifi/lib883/libWiFiS3.a(WiFiServer.cpp.o)
                0x0000000000004e48                WiFiServer::available()
 .text._ZN10WiFiServer5beginEi
                0x0000000000004f3c       0x70 .pio/build/uno_r4_wifi/lib883/libWiFiS3.a(WiFiServer.cpp.o)
                0x0000000000004f3c                WiFiServer::begin(int)
 .text._ZN10WiFiServer5beginEv
                0x0000000000004fac        0x6 .pio/build/uno_r4_wifi/lib883/libWiFiS3.a(WiFiServer.cpp.o)
                0x0000000000004fac                WiFiServer::begin()
 *fill*         0x0000000000004fb2        0x2 ff
 .text._ZN10WiFiServer5writeEPKhj
                0x0000000000004fb4       0x84 .pio/build/uno_r4_wifi/lib883/libWiFiS3.a(WiFiServer.cpp.o)
                0x0000000000004fb4                WiFiServer::write(unsigned char const*, unsigned int)
 .text._ZNSt7__cxx1112basic_stringIcSt11char_traitsIcESaIcEE9_M_createERjj.isra.21
                0x0000000000005038       0x34 .pio/build/uno_r4_wifi/lib883/libWiFiS3.a(Modem.cpp.o)
 .text._ZN10ModemClassD2Ev
                0x000000000000506c       0x18 .pio/build/uno_r4_wifi/lib883/libWiFiS3.a(Modem.cpp.o)
                0x000000000000506c                ModemClass::~ModemClass()
                0x000000000000506c                ModemClass::~ModemClass()
 .text._ZN10ModemClass12write_nowaitERKNSt7__cxx1112basic_stringIcSt11char_traitsIcESaIcEEERS5_PKcz
                0x0000000000005084       0x6c .pio/build/uno_r4_wifi/lib883/libWiFiS3.a(Modem.cpp.o)
                0x0000000000005084                ModemClass::write_nowait(std::__cxx11::basic_string<char, std::char_traits<char>, std::allocator<char> > const&, std::__cxx11::basic_string<char, std::char_traits<char>, std::allocator<char> >&, char const*, ...)
 .text._ZNKSt7__cxx1112basic_stringIcSt11char_traitsIcESaIcEE7compareEPKc
                0x00000000000050f0       0x28 .pio/build/uno_r4_wifi/lib883/libWiFiS3.a(Modem.cpp.o)
                0x00000000000050f0                std::__cxx11::basic_string<char, std::char_traits<char>, std::allocator<char> >::compare(char const*) const
 .text._ZNSt7__cxx1112basic_stringIcSt11char_traitsIcESaIcEE7_S_copyEPcPKcj
                0x0000000000005118       0x1a .pio/build/uno_r4_wifi/lib883/libWiFiS3.a(Modem.cpp.o)
                0x0000000000005118                std::__cxx11::basic_string<char, std::char_traits<char>, std::allocator<char> >::_S_copy(char*, char const*, unsigned int)
 .text._ZNSt7__cxx1112basic_stringIcSt11char_traitsIcESaIcEE9_M_mutateEjjPKcj
                0x0000000000005132       0x7e .pio/build/uno_r4_wifi/lib883/libWiFiS3.a(Modem.cpp.o)
                0x0000000000005132                std::__cxx11::basic_string<char, std::char_traits<char>, std::allocator<char> >::_M_mutate(unsigned int, unsigned int, char const*, unsigned int)
 .text._ZNSt7__cxx1112basic_stringIcSt11char_traitsIcESaIcEE9push_backEc
                0x00000000000051b0       0x3e .pio/build/uno_r4_wifi/lib883/libWiFiS3.a(Modem.cpp.o)
                0x00000000000051b0                std::__cxx11::basic_string<char, std::char_traits<char>, std::allocator<char> >::push_back(char)
 .text._ZNSt7__cxx1112basic_stringIcSt11char_traitsIcESaIcEE7_S_moveEPcPKcj
                0x00000000000051ee       0x1a .pio/build/uno_r4_wifi/lib883/libWiFiS3.a(Modem.cpp.o)
                0x00000000000051ee                std::__cxx11::basic_string<char, std::char_traits<char>, std::allocator<char> >::_S_move(char*, char const*, unsigned int)
 .text._ZNSt7__cxx1112basic_stringIcSt11char_traitsIcESaIcEE10_M_replaceEjjPKcj
                0x0000000000005208       0xfc .pio/build/uno_r4_wifi/lib883/libWiFiS3.a(Modem.cpp.o)
                0x0000000000005208                std::__cxx11::basic_string<char, std::char_traits<char>, std::allocator<char> >::_M_replace(unsigned int, unsigned int, char const*, unsigned int)
 .text._ZNSt7__cxx1112basic_stringIcSt11char_traitsIcESaIcEEaSEPKc
                0x0000000000005304       0x1e .pio/build/uno_r4_wifi/lib883/libWiFiS3.a(Modem.cpp.o)
                0x0000000000005304                std::__cxx11::basic_string<char, std::char_traits<char>, std::allocator<char> >::operator=(char const*)
 *fill*         0x0000000000005322        0x2 ff
 .text._ZN10ModemClass8buf_readERKNSt7__cxx1112basic_stringIcSt11char_traitsIcESaIcEEERS5_
                0x0000000000005324      0x338 .pio/build/uno_r4_wifi/lib883/libWiFiS3.a(Modem.cpp.o)
                0x0000000000005324                ModemClass::buf_read(std::__cxx11::basic_string<char, std::char_traits<char>, std::allocator<char> > const&, std::__cxx11::basic_string<char, std::char_traits<char>, std::allocator<char> >&)
 .text._ZN10ModemClass11passthroughEPKhj
                0x000000000000565c       0xa0 .pio/build/uno_r4_wifi/lib883/libWiFiS3.a(Modem.cpp.o)
                0x000000000000565c                ModemClass::passthrough(unsigned char const*, unsigned int)
 .text._ZN10ModemClass5writeERKNSt7__cxx1112basic_stringIcSt11char_traitsIcESaIcEEERS5_PKcz
                0x00000000000056fc       0xdc .pio/build/uno_r4_wifi/lib883/libWiFiS3.a(Modem.cpp.o)
                0x00000000000056fc                ModemClass::write(std::__cxx11::basic_string<char, std::char_traits<char>, std::allocator<char> > const&, std::__cxx11::basic_string<char, std::char_traits<char>, std::allocator<char> >&, char const*, ...)
 .text._ZN10ModemClass5beginEii
                0x00000000000057d8       0x94 .pio/build/uno_r4_wifi/lib883/libWiFiS3.a(Modem.cpp.o)
                0x00000000000057d8                ModemClass::begin(int, int)
 .text.startup._GLOBAL__sub_I__ZN10ModemClassC2Eii
                0x000000000000586c       0x28 .pio/build/uno_r4_wifi/lib883/libWiFiS3.a(Modem.cpp.o)
 .text.exit._GLOBAL__sub_D__ZN10ModemClassC2Eii
                0x0000000000005894        0xc .pio/build/uno_r4_wifi/lib883/libWiFiS3.a(Modem.cpp.o)
 .text._ZN10ControllerC2EPKcS1_
                0x00000000000058a0       0x5c .pio/build/uno_r4_wifi/lib5ab/libController.a(Controller.cpp.o)
                0x00000000000058a0                Controller::Controller(char const*, char const*)
                0x00000000000058a0                Controller::Controller(char const*, char const*)
 .text._ZN10Controller14registerButtonEPKcPFvvE
                0x00000000000058fc       0x30 .pio/build/uno_r4_wifi/lib5ab/libController.a(Controller.cpp.o)
                0x00000000000058fc                Controller::registerButton(char const*, void (*)())
 .text._ZN10Controller21registerDriveCallbackEPFvaaE
                0x000000000000592c        0x4 .pio/build/uno_r4_wifi/lib5ab/libController.a(Controller.cpp.o)
                0x000000000000592c                Controller::registerDriveCallback(void (*)(signed char, signed char))
 .text._ZN10Controller20setFailsafeTimeoutMsEt
                0x0000000000005930        0x6 .pio/build/uno_r4_wifi/lib5ab/libController.a(Controller.cpp.o)
                0x0000000000005930                Controller::setFailsafeTimeoutMs(unsigned short)
 .text._ZN10Controller23applySmoothingAndNotifyEv
                0x0000000000005936       0xa2 .pio/build/uno_r4_wifi/lib5ab/libController.a(Controller.cpp.o)
                0x0000000000005936                Controller::applySmoothingAndNotify()
 .text._ZNK10Controller15printWiFiStatusEv
                0x00000000000059d8       0x6c .pio/build/uno_r4_wifi/lib5ab/libController.a(Controller.cpp.o)
                0x00000000000059d8                Controller::printWiFiStatus() const
 .text._ZN10Controller15readRequestLineER10WiFiClient
                0x0000000000005a44       0x64 .pio/build/uno_r4_wifi/lib5ab/libController.a(Controller.cpp.o)
                0x0000000000005a44                Controller::readRequestLine(WiFiClient&)
 .text._ZN10Controller10sendHttpOkER10WiFiClientPKcRKN7arduino6StringE
                0x0000000000005aa8       0x5c .pio/build/uno_r4_wifi/lib5ab/libController.a(Controller.cpp.o)
                0x0000000000005aa8                Controller::sendHttpOk(WiFiClient&, char const*, arduino::String const&)
 .text._ZN10Controller16sendHttpNotFoundER10WiFiClient
                0x0000000000005b04       0x64 .pio/build/uno_r4_wifi/lib5ab/libController.a(Controller.cpp.o)
                0x0000000000005b04                Controller::sendHttpNotFound(WiFiClient&)
 .text._ZN10Controller15extractQueryIntERKN7arduino6StringEPKcRi
                0x0000000000005b68       0xe0 .pio/build/uno_r4_wifi/lib5ab/libController.a(Controller.cpp.o)
                0x0000000000005b68                Controller::extractQueryInt(arduino::String const&, char const*, int&)
 .text._ZN10Controller12handleHealthER10WiFiClient
                0x0000000000005c48       0x30 .pio/build/uno_r4_wifi/lib5ab/libController.a(Controller.cpp.o)
                0x0000000000005c48                Controller::handleHealth(WiFiClient&)
 .text._ZN10Controller16handleControlMsgER10WiFiClientRKN7arduino6StringE
                0x0000000000005c78       0xa8 .pio/build/uno_r4_wifi/lib5ab/libController.a(Controller.cpp.o)
                0x0000000000005c78                Controller::handleControlMsg(WiFiClient&, arduino::String const&)
 .text._ZN10Controller9handleBtnER10WiFiClientRKN7arduino6StringE
                0x0000000000005d20       0xa4 .pio/build/uno_r4_wifi/lib5ab/libController.a(Controller.cpp.o)
                0x0000000000005d20                Controller::handleBtn(WiFiClient&, arduino::String const&)
 .text._ZN10Controller11handleDriveER10WiFiClientRKN7arduino6StringE
                0x0000000000005dc4       0xd8 .pio/build/uno_r4_wifi/lib5ab/libController.a(Controller.cpp.o)
                0x0000000000005dc4                Controller::handleDrive(WiFiClient&, arduino::String const&)
 .text._ZN10Controller10handleRootER10WiFiClient
                0x0000000000005e9c      0x5e0 .pio/build/uno_r4_wifi/lib5ab/libController.a(Controller.cpp.o)
                0x0000000000005e9c                Controller::handleRoot(WiFiClient&)
 .text._ZN10Controller12handleClientER10WiFiClient
                0x000000000000647c      0x148 .pio/build/uno_r4_wifi/lib5ab/libController.a(Controller.cpp.o)
                0x000000000000647c                Controller::handleClient(WiFiClient&)
 .text._ZN10Controller7beginAPEv
                0x00000000000065c4       0xc0 .pio/build/uno_r4_wifi/lib5ab/libController.a(Controller.cpp.o)
                0x00000000000065c4                Controller::beginAP()
 .text._ZN10Controller6updateEv
                0x0000000000006684       0x5a .pio/build/uno_r4_wifi/lib5ab/libController.a(Controller.cpp.o)
                0x0000000000006684                Controller::update()
 .text.startup.main
                0x00000000000066de        0xa .pio/build/uno_r4_wifi/libFrameworkArduinoVariant.a(main.c.o)
                0x00000000000066de                main
 .text._ZN4UARTcvbEv
                0x00000000000066e8        0x4 .pio/build/uno_r4_wifi/libFrameworkArduino.a(Serial.cpp.o)
                0x00000000000066e8                UART::operator bool()
 .text._ZN4UART5beginEm
                0x00000000000066ec        0xa .pio/build/uno_r4_wifi/libFrameworkArduino.a(Serial.cpp.o)
                0x00000000000066ec                UART::begin(unsigned long)
 .text._ZN4UART5flushEv
                0x00000000000066f6        0xa .pio/build/uno_r4_wifi/libFrameworkArduino.a(Serial.cpp.o)
                0x00000000000066f6                UART::flush()
 .text._ZN4UART4peekEv
                0x0000000000006700       0x18 .pio/build/uno_r4_wifi/libFrameworkArduino.a(Serial.cpp.o)
                0x0000000000006700                UART::peek()
 .text._ZN4UART5writeEh
                0x0000000000006718       0x34 .pio/build/uno_r4_wifi/libFrameworkArduino.a(Serial.cpp.o)
                0x0000000000006718                UART::write(unsigned char)
 .text._ZN4UART3endEv
                0x000000000000674c       0x22 .pio/build/uno_r4_wifi/libFrameworkArduino.a(Serial.cpp.o)
                0x000000000000674c                UART::end()
 .text._ZN4UART9availableEv
                0x000000000000676e       0x32 .pio/build/uno_r4_wifi/libFrameworkArduino.a(Serial.cpp.o)
                0x000000000000676e                UART::available()
 .text._ZN4UART15WrapperCallbackEP20st_uart_callback_arg
                0x00000000000067a0       0x90 .pio/build/uno_r4_wifi/libFrameworkArduino.a(Serial.cpp.o)
                0x00000000000067a0                UART::WrapperCallback(st_uart_callback_arg*)
 .text._ZN4UART4readEv
                0x0000000000006830       0x5c .pio/build/uno_r4_wifi/libFrameworkArduino.a(Serial.cpp.o)
                0x0000000000006830                UART::read()
 .text._ZN4UARTC2Eiiii
                0x000000000000688c       0x78 .pio/build/uno_r4_wifi/libFrameworkArduino.a(Serial.cpp.o)
                0x000000000000688c                UART::UART(int, int, int, int)
                0x000000000000688c                UART::UART(int, int, int, int)
 .text._ZN4UART13setUpUartIrqsER11st_uart_cfg
                0x0000000000006904       0x14 .pio/build/uno_r4_wifi/libFrameworkArduino.a(Serial.cpp.o)
                0x0000000000006904                UART::setUpUartIrqs(st_uart_cfg&)
 .text._ZN4UART5writeEPhj
                0x0000000000006918       0x2e .pio/build/uno_r4_wifi/libFrameworkArduino.a(Serial.cpp.o)
                0x0000000000006918                UART::write(unsigned char*, unsigned int)
 *fill*         0x0000000000006946        0x2 ff
 .text._ZN4UART8cfg_pinsEi
                0x0000000000006948       0xe8 .pio/build/uno_r4_wifi/libFrameworkArduino.a(Serial.cpp.o)
                0x0000000000006948                UART::cfg_pins(int)
 .text._ZN4UART5beginEmt
                0x0000000000006a30      0x1a8 .pio/build/uno_r4_wifi/libFrameworkArduino.a(Serial.cpp.o)
                0x0000000000006a30                UART::begin(unsigned long, unsigned short)
 .text._ZN4UART9write_rawEPhj
                0x0000000000006bd8       0x1e .pio/build/uno_r4_wifi/libFrameworkArduino.a(Serial.cpp.o)
                0x0000000000006bd8                UART::write_raw(unsigned char*, unsigned int)
 *fill*         0x0000000000006bf6        0x2 ff
 .text.startup._GLOBAL__sub_I__UART1_
                0x0000000000006bf8       0x1c .pio/build/uno_r4_wifi/libFrameworkArduino.a(SerialObj1.cpp.o)
 .text.startup._GLOBAL__sub_I__UART3_
                0x0000000000006c14       0x1c .pio/build/uno_r4_wifi/libFrameworkArduino.a(SerialObj3.cpp.o)
 .text._ZL13readAllGroupAP13ADC_Container
                0x0000000000006c30       0x2c .pio/build/uno_r4_wifi/libFrameworkArduino.a(analog.cpp.o)
 .text._ZL11ADC_irq_cbkP20st_adc_callback_args
                0x0000000000006c5c       0x58 .pio/build/uno_r4_wifi/libFrameworkArduino.a(analog.cpp.o)
 .text._ZL10adcConvertP13ADC_Containert
                0x0000000000006cb4       0xa4 .pio/build/uno_r4_wifi/libFrameworkArduino.a(analog.cpp.o)
 .text._ZL21get_ADC_container_ptrlRt.constprop.4
                0x0000000000006d58       0x38 .pio/build/uno_r4_wifi/libFrameworkArduino.a(analog.cpp.o)
 .text._ZN13ADC_ContainerC2EhPFvP20st_adc_callback_argsEPv
                0x0000000000006d90       0x6e .pio/build/uno_r4_wifi/libFrameworkArduino.a(analog.cpp.o)
                0x0000000000006d90                ADC_Container::ADC_Container(unsigned char, void (*)(st_adc_callback_args*), void*)
                0x0000000000006d90                ADC_Container::ADC_Container(unsigned char, void (*)(st_adc_callback_args*), void*)
 .text._ZN13ADC_ContainerD2Ev
                0x0000000000006dfe       0x12 .pio/build/uno_r4_wifi/libFrameworkArduino.a(analog.cpp.o)
                0x0000000000006dfe                ADC_Container::~ADC_Container()
                0x0000000000006dfe                ADC_Container::~ADC_Container()
 .text.analogRead
                0x0000000000006e10       0x3c .pio/build/uno_r4_wifi/libFrameworkArduino.a(analog.cpp.o)
                0x0000000000006e10                analogRead
 .text.analogReference
                0x0000000000006e4c       0x5c .pio/build/uno_r4_wifi/libFrameworkArduino.a(analog.cpp.o)
                0x0000000000006e4c                analogReference
 .text._Z15analogReferencev
                0x0000000000006ea8      0x10c .pio/build/uno_r4_wifi/libFrameworkArduino.a(analog.cpp.o)
                0x0000000000006ea8                analogReference()
 .text._Z21analogWriteResolutionv
                0x0000000000006fb4        0xc .pio/build/uno_r4_wifi/libFrameworkArduino.a(analog.cpp.o)
                0x0000000000006fb4                analogWriteResolution()
 .text.analogWrite
                0x0000000000006fc0      0x120 .pio/build/uno_r4_wifi/libFrameworkArduino.a(analog.cpp.o)
                0x0000000000006fc0                analogWrite
 .text._Z23__get_timer_for_channeli
                0x00000000000070e0       0x2c .pio/build/uno_r4_wifi/libFrameworkArduino.a(analog.cpp.o)
                0x00000000000070e0                __get_timer_for_channel(int)
 .text.startup._GLOBAL__sub_I__ZN13ADC_ContainerC2EhPFvP20st_adc_callback_argsEPv
                0x000000000000710c       0x4c .pio/build/uno_r4_wifi/libFrameworkArduino.a(analog.cpp.o)
 .text.exit._GLOBAL__sub_D__ZN13ADC_ContainerC2EhPFvP20st_adc_callback_argsEPv
                0x0000000000007158       0x1c .pio/build/uno_r4_wifi/libFrameworkArduino.a(analog.cpp.o)
 .text._Z3maplllll
                0x0000000000007174       0x14 .pio/build/uno_r4_wifi/libFrameworkArduino.a(Common.cpp.o)
                0x0000000000007174                map(long, long, long, long, long)
 .text._ZNK7arduino9IPAddress7printToERNS_5PrintE
                0x0000000000007188      0x17c .pio/build/uno_r4_wifi/libFrameworkArduino.a(IPAddress.cpp.o)
                0x0000000000007188                arduino::IPAddress::printTo(arduino::Print&) const
 .text._ZN7arduino9IPAddressC2ENS_6IPTypeE
                0x0000000000007304       0x1c .pio/build/uno_r4_wifi/libFrameworkArduino.a(IPAddress.cpp.o)
                0x0000000000007304                arduino::IPAddress::IPAddress(arduino::IPType)
                0x0000000000007304                arduino::IPAddress::IPAddress(arduino::IPType)
 .text._ZN7arduino9IPAddressC2Ev
                0x0000000000007320        0xe .pio/build/uno_r4_wifi/libFrameworkArduino.a(IPAddress.cpp.o)
                0x0000000000007320                arduino::IPAddress::IPAddress()
                0x0000000000007320                arduino::IPAddress::IPAddress()
 *fill*         0x000000000000732e        0x2 ff
 .text._ZN7arduino9IPAddressC2Ehhhh
                0x0000000000007330       0x30 .pio/build/uno_r4_wifi/libFrameworkArduino.a(IPAddress.cpp.o)
                0x0000000000007330                arduino::IPAddress::IPAddress(unsigned char, unsigned char, unsigned char, unsigned char)
                0x0000000000007330                arduino::IPAddress::IPAddress(unsigned char, unsigned char, unsigned char, unsigned char)
 .text._ZNK7arduino9IPAddress9toString4Ev
                0x0000000000007360       0x34 .pio/build/uno_r4_wifi/libFrameworkArduino.a(IPAddress.cpp.o)
                0x0000000000007360                arduino::IPAddress::toString4() const
 .text._ZNK7arduino9IPAddress9toString6Ev
                0x0000000000007394       0x60 .pio/build/uno_r4_wifi/libFrameworkArduino.a(IPAddress.cpp.o)
                0x0000000000007394                arduino::IPAddress::toString6() const
 .text._ZNK7arduino9IPAddress8toStringEv
                0x00000000000073f4       0x16 .pio/build/uno_r4_wifi/libFrameworkArduino.a(IPAddress.cpp.o)
                0x00000000000073f4                arduino::IPAddress::toString() const
 .text._ZN7arduino9IPAddress11fromString4EPKc
                0x000000000000740a       0x70 .pio/build/uno_r4_wifi/libFrameworkArduino.a(IPAddress.cpp.o)
                0x000000000000740a                arduino::IPAddress::fromString4(char const*)
 .text._ZN7arduino9IPAddress11fromString6EPKc
                0x000000000000747a       0xfa .pio/build/uno_r4_wifi/libFrameworkArduino.a(IPAddress.cpp.o)
                0x000000000000747a                arduino::IPAddress::fromString6(char const*)
 .text._ZN7arduino9IPAddress10fromStringEPKc
                0x0000000000007574       0x1a .pio/build/uno_r4_wifi/libFrameworkArduino.a(IPAddress.cpp.o)
                0x0000000000007574                arduino::IPAddress::fromString(char const*)
 .text._ZN7arduino9IPAddressixEi
                0x000000000000758e        0xe .pio/build/uno_r4_wifi/libFrameworkArduino.a(IPAddress.cpp.o)
                0x000000000000758e                arduino::IPAddress::operator[](int)
 .text.startup._GLOBAL__sub_I__ZN7arduino9IPAddressC2Ev
                0x000000000000759c       0x28 .pio/build/uno_r4_wifi/libFrameworkArduino.a(IPAddress.cpp.o)
 .text._ZN7arduino5Print5writeEPKhj
                0x00000000000075c4       0x2c .pio/build/uno_r4_wifi/libFrameworkArduino.a(Print.cpp.o)
                0x00000000000075c4                arduino::Print::write(unsigned char const*, unsigned int)
 .text._ZN7arduino5Print5writeEPKc.part.2
                0x00000000000075f0       0x1e .pio/build/uno_r4_wifi/libFrameworkArduino.a(Print.cpp.o)
 .text._ZN7arduino5Print5writeEPKc
                0x000000000000760e        0xa .pio/build/uno_r4_wifi/libFrameworkArduino.a(Print.cpp.o)
                0x000000000000760e                arduino::Print::write(char const*)
 .text._ZN7arduino5Print5printERKNS_6StringE
                0x0000000000007618        0xa .pio/build/uno_r4_wifi/libFrameworkArduino.a(Print.cpp.o)
                0x0000000000007618                arduino::Print::print(arduino::String const&)
 .text._ZN7arduino5Print5printEPKc
                0x0000000000007622        0x8 .pio/build/uno_r4_wifi/libFrameworkArduino.a(Print.cpp.o)
                0x0000000000007622                arduino::Print::print(char const*)
 .text._ZN7arduino5Print5printEc
                0x000000000000762a        0x8 .pio/build/uno_r4_wifi/libFrameworkArduino.a(Print.cpp.o)
                0x000000000000762a                arduino::Print::print(char)
 .text._ZN7arduino5Print5printERKNS_9PrintableE
                0x0000000000007632        0xc .pio/build/uno_r4_wifi/libFrameworkArduino.a(Print.cpp.o)
                0x0000000000007632                arduino::Print::print(arduino::Printable const&)
 *fill*         0x000000000000763e        0x2 ff
 .text._ZN7arduino5Print7printlnEv
                0x0000000000007640        0xc .pio/build/uno_r4_wifi/libFrameworkArduino.a(Print.cpp.o)
                0x0000000000007640                arduino::Print::println()
 .text._ZN7arduino5Print7printlnEPKc
                0x000000000000764c       0x14 .pio/build/uno_r4_wifi/libFrameworkArduino.a(Print.cpp.o)
                0x000000000000764c                arduino::Print::println(char const*)
 .text._ZN7arduino5Print7printlnERKNS_9PrintableE
                0x0000000000007660       0x14 .pio/build/uno_r4_wifi/libFrameworkArduino.a(Print.cpp.o)
                0x0000000000007660                arduino::Print::println(arduino::Printable const&)
 .text._ZN7arduino5Print11printNumberEmh
                0x0000000000007674       0x3c .pio/build/uno_r4_wifi/libFrameworkArduino.a(Print.cpp.o)
                0x0000000000007674                arduino::Print::printNumber(unsigned long, unsigned char)
 .text._ZN7arduino5Print5printEli
                0x00000000000076b0       0x44 .pio/build/uno_r4_wifi/libFrameworkArduino.a(Print.cpp.o)
                0x00000000000076b0                arduino::Print::print(long, int)
 .text._ZN7arduino5Print5printEii
                0x00000000000076f4        0x4 .pio/build/uno_r4_wifi/libFrameworkArduino.a(Print.cpp.o)
                0x00000000000076f4                arduino::Print::print(int, int)
 .text._ZN7arduino5Print7printlnEii
                0x00000000000076f8       0x14 .pio/build/uno_r4_wifi/libFrameworkArduino.a(Print.cpp.o)
                0x00000000000076f8                arduino::Print::println(int, int)
 .text._ZN7arduino5Print5printEmi
                0x000000000000770c       0x1a .pio/build/uno_r4_wifi/libFrameworkArduino.a(Print.cpp.o)
                0x000000000000770c                arduino::Print::print(unsigned long, int)
 .text._ZN7arduino5Print5printEhi
                0x0000000000007726        0x4 .pio/build/uno_r4_wifi/libFrameworkArduino.a(Print.cpp.o)
                0x0000000000007726                arduino::Print::print(unsigned char, int)
 .text._ZN7arduino5Print7printlnEhi
                0x000000000000772a       0x14 .pio/build/uno_r4_wifi/libFrameworkArduino.a(Print.cpp.o)
                0x000000000000772a                arduino::Print::println(unsigned char, int)
 .text._ZN7arduino5Print5printEji
                0x000000000000773e        0x4 .pio/build/uno_r4_wifi/libFrameworkArduino.a(Print.cpp.o)
                0x000000000000773e                arduino::Print::print(unsigned int, int)
 .text._ZN7arduino5Print7printlnEji
                0x0000000000007742       0x14 .pio/build/uno_r4_wifi/libFrameworkArduino.a(Print.cpp.o)
                0x0000000000007742                arduino::Print::println(unsigned int, int)
 .text._ZN7arduino6Stream9timedReadEv
                0x0000000000007756       0x2a .pio/build/uno_r4_wifi/libFrameworkArduino.a(Stream.cpp.o)
                0x0000000000007756                arduino::Stream::timedRead()
 .text._ZN7arduino6Stream10setTimeoutEm
                0x0000000000007780        0x4 .pio/build/uno_r4_wifi/libFrameworkArduino.a(Stream.cpp.o)
                0x0000000000007780                arduino::Stream::setTimeout(unsigned long)
 .text._ZN7arduino6Stream15readStringUntilEc
                0x0000000000007784       0x30 .pio/build/uno_r4_wifi/libFrameworkArduino.a(Stream.cpp.o)
                0x0000000000007784                arduino::Stream::readStringUntil(char)
 .text._ZN7arduino6StringC2EOS0_
                0x00000000000077b4       0x16 .pio/build/uno_r4_wifi/libFrameworkArduino.a(String.cpp.o)
                0x00000000000077b4                arduino::String::String(arduino::String&&)
                0x00000000000077b4                arduino::String::String(arduino::String&&)
 .text._ZN7arduino6StringD2Ev
                0x00000000000077ca       0x10 .pio/build/uno_r4_wifi/libFrameworkArduino.a(String.cpp.o)
                0x00000000000077ca                arduino::String::~String()
                0x00000000000077ca                arduino::String::~String()
 .text._ZN7arduino6String10invalidateEv
                0x00000000000077da       0x16 .pio/build/uno_r4_wifi/libFrameworkArduino.a(String.cpp.o)
                0x00000000000077da                arduino::String::invalidate()
 .text._ZN7arduino6String12changeBufferEj
                0x00000000000077f0       0x18 .pio/build/uno_r4_wifi/libFrameworkArduino.a(String.cpp.o)
                0x00000000000077f0                arduino::String::changeBuffer(unsigned int)
 .text._ZN7arduino6String7reserveEj
                0x0000000000007808       0x28 .pio/build/uno_r4_wifi/libFrameworkArduino.a(String.cpp.o)
                0x0000000000007808                arduino::String::reserve(unsigned int)
 .text._ZN7arduino6String4copyEPKcj
                0x0000000000007830       0x30 .pio/build/uno_r4_wifi/libFrameworkArduino.a(String.cpp.o)
                0x0000000000007830                arduino::String::copy(char const*, unsigned int)
 .text._ZN7arduino6StringC2EPKc
                0x0000000000007860       0x24 .pio/build/uno_r4_wifi/libFrameworkArduino.a(String.cpp.o)
                0x0000000000007860                arduino::String::String(char const*)
                0x0000000000007860                arduino::String::String(char const*)
 .text._ZN7arduino6StringaSEPKc.part.4
                0x0000000000007884       0x1a .pio/build/uno_r4_wifi/libFrameworkArduino.a(String.cpp.o)
 .text._ZN7arduino6StringaSERKS0_
                0x000000000000789e       0x1e .pio/build/uno_r4_wifi/libFrameworkArduino.a(String.cpp.o)
                0x000000000000789e                arduino::String::operator=(arduino::String const&)
 .text._ZN7arduino6StringC2ERKS0_
                0x00000000000078bc       0x14 .pio/build/uno_r4_wifi/libFrameworkArduino.a(String.cpp.o)
                0x00000000000078bc                arduino::String::String(arduino::String const&)
                0x00000000000078bc                arduino::String::String(arduino::String const&)
 .text._ZN7arduino6StringaSEPKc
                0x00000000000078d0       0x14 .pio/build/uno_r4_wifi/libFrameworkArduino.a(String.cpp.o)
                0x00000000000078d0                arduino::String::operator=(char const*)
 .text._ZN7arduino6String6concatEPKcj
                0x00000000000078e4       0x42 .pio/build/uno_r4_wifi/libFrameworkArduino.a(String.cpp.o)
                0x00000000000078e4                arduino::String::concat(char const*, unsigned int)
 .text._ZN7arduino6String6concatERKS0_
                0x0000000000007926        0x8 .pio/build/uno_r4_wifi/libFrameworkArduino.a(String.cpp.o)
                0x0000000000007926                arduino::String::concat(arduino::String const&)
 .text._ZN7arduino6String6concatEPKc.part.6
                0x000000000000792e       0x1a .pio/build/uno_r4_wifi/libFrameworkArduino.a(String.cpp.o)
 .text._ZN7arduino6String6concatEPKc
                0x0000000000007948        0xa .pio/build/uno_r4_wifi/libFrameworkArduino.a(String.cpp.o)
                0x0000000000007948                arduino::String::concat(char const*)
 .text._ZN7arduino6String6concatEc
                0x0000000000007952       0x16 .pio/build/uno_r4_wifi/libFrameworkArduino.a(String.cpp.o)
                0x0000000000007952                arduino::String::concat(char)
 .text._ZN7arduino6String6concatEh
                0x0000000000007968       0x1a .pio/build/uno_r4_wifi/libFrameworkArduino.a(String.cpp.o)
                0x0000000000007968                arduino::String::concat(unsigned char)
 .text._ZN7arduinoplERKNS_15StringSumHelperERKNS_6StringE
                0x0000000000007982       0x18 .pio/build/uno_r4_wifi/libFrameworkArduino.a(String.cpp.o)
                0x0000000000007982                arduino::operator+(arduino::StringSumHelper const&, arduino::String const&)
 .text._ZN7arduinoplERKNS_15StringSumHelperEPKc
                0x000000000000799a       0x1a .pio/build/uno_r4_wifi/libFrameworkArduino.a(String.cpp.o)
                0x000000000000799a                arduino::operator+(arduino::StringSumHelper const&, char const*)
 .text._ZNK7arduino6String9compareToEPKc
                0x00000000000079b4       0x2a .pio/build/uno_r4_wifi/libFrameworkArduino.a(String.cpp.o)
                0x00000000000079b4                arduino::String::compareTo(char const*) const
 .text._ZNK7arduino6String6equalsEPKc
                0x00000000000079de       0x28 .pio/build/uno_r4_wifi/libFrameworkArduino.a(String.cpp.o)
                0x00000000000079de                arduino::String::equals(char const*) const
 .text._ZNK7arduino6String10startsWithERKS0_j
                0x0000000000007a06       0x2c .pio/build/uno_r4_wifi/libFrameworkArduino.a(String.cpp.o)
                0x0000000000007a06                arduino::String::startsWith(arduino::String const&, unsigned int) const
 .text._ZNK7arduino6String10startsWithERKS0_
                0x0000000000007a32       0x12 .pio/build/uno_r4_wifi/libFrameworkArduino.a(String.cpp.o)
                0x0000000000007a32                arduino::String::startsWith(arduino::String const&) const
 .text._ZNK7arduino6String7indexOfEcj
                0x0000000000007a44       0x22 .pio/build/uno_r4_wifi/libFrameworkArduino.a(String.cpp.o)
                0x0000000000007a44                arduino::String::indexOf(char, unsigned int) const
 .text._ZNK7arduino6String7indexOfEc
                0x0000000000007a66        0x6 .pio/build/uno_r4_wifi/libFrameworkArduino.a(String.cpp.o)
                0x0000000000007a66                arduino::String::indexOf(char) const
 .text._ZNK7arduino6String7indexOfERKS0_j
                0x0000000000007a6c       0x24 .pio/build/uno_r4_wifi/libFrameworkArduino.a(String.cpp.o)
                0x0000000000007a6c                arduino::String::indexOf(arduino::String const&, unsigned int) const
 .text._ZNK7arduino6String7indexOfERKS0_
                0x0000000000007a90        0x6 .pio/build/uno_r4_wifi/libFrameworkArduino.a(String.cpp.o)
                0x0000000000007a90                arduino::String::indexOf(arduino::String const&) const
 .text._ZNK7arduino6String11lastIndexOfERKS0_j
                0x0000000000007a96       0x48 .pio/build/uno_r4_wifi/libFrameworkArduino.a(String.cpp.o)
                0x0000000000007a96                arduino::String::lastIndexOf(arduino::String const&, unsigned int) const
 *fill*         0x0000000000007ade        0x2 ff
 .text._ZNK7arduino6String9substringEjj
                0x0000000000007ae0       0x40 .pio/build/uno_r4_wifi/libFrameworkArduino.a(String.cpp.o)
                0x0000000000007ae0                arduino::String::substring(unsigned int, unsigned int) const
 .text._ZN7arduino6String7replaceERKS0_S2_
                0x0000000000007b20      0x110 .pio/build/uno_r4_wifi/libFrameworkArduino.a(String.cpp.o)
                0x0000000000007b20                arduino::String::replace(arduino::String const&, arduino::String const&)
 .text._ZN7arduino6String4trimEv
                0x0000000000007c30       0x52 .pio/build/uno_r4_wifi/libFrameworkArduino.a(String.cpp.o)
                0x0000000000007c30                arduino::String::trim()
 .text._ZNK7arduino6String5toIntEv
                0x0000000000007c82        0xa .pio/build/uno_r4_wifi/libFrameworkArduino.a(String.cpp.o)
                0x0000000000007c82                arduino::String::toInt() const
 .text._ZN4CDacC2Eh
                0x0000000000007c8c       0x6c .pio/build/uno_r4_wifi/libFrameworkArduino.a(dac.cpp.o)
                0x0000000000007c8c                CDac::CDac(unsigned char)
                0x0000000000007c8c                CDac::CDac(unsigned char)
 .text._ZN4CDac11analogWriteEi
                0x0000000000007cf8       0x88 .pio/build/uno_r4_wifi/libFrameworkArduino.a(dac.cpp.o)
                0x0000000000007cf8                CDac::analogWrite(int)
 .text.startup._GLOBAL__sub_I__ZN4CDacC2Eh
                0x0000000000007d80        0xc .pio/build/uno_r4_wifi/libFrameworkArduino.a(dac.cpp.o)
 .text.pinMode  0x0000000000007d8c       0x30 .pio/build/uno_r4_wifi/libFrameworkArduino.a(digital.cpp.o)
                0x0000000000007d8c                pinMode
 .text.digitalWrite
                0x0000000000007dbc       0x18 .pio/build/uno_r4_wifi/libFrameworkArduino.a(digital.cpp.o)
                0x0000000000007dbc                digitalWrite
 .text.ltoa     0x0000000000007dd4       0x70 .pio/build/uno_r4_wifi/libFrameworkArduino.a(itoa.c.o)
                0x0000000000007dd4                ltoa
 .text.itoa     0x0000000000007e44        0x4 .pio/build/uno_r4_wifi/libFrameworkArduino.a(itoa.c.o)
                0x0000000000007e44                itoa
 .text.R_BSP_PinAccessEnable
                0x0000000000007e48       0x2c .pio/build/uno_r4_wifi/libFrameworkArduino.a(main.cpp.o)
 .text.start_freertos_on_header_inclusion
                0x0000000000007e74        0x2 .pio/build/uno_r4_wifi/libFrameworkArduino.a(main.cpp.o)
                0x0000000000007e74                start_freertos_on_header_inclusion
 .text.early_start_freertos_on_header_inclusion
                0x0000000000007e76        0x2 .pio/build/uno_r4_wifi/libFrameworkArduino.a(main.cpp.o)
                0x0000000000007e76                early_start_freertos_on_header_inclusion
 .text._Z12arduino_mainv
                0x0000000000007e78       0x94 .pio/build/uno_r4_wifi/libFrameworkArduino.a(main.cpp.o)
                0x0000000000007e78                arduino_main()
 .text._write   0x0000000000007f0c        0xc .pio/build/uno_r4_wifi/libFrameworkArduino.a(main.cpp.o)
                0x0000000000007f0c                _write
 .text.hal_entry
                0x0000000000007f18        0x6 .pio/build/uno_r4_wifi/libFrameworkArduino.a(main.cpp.o)
                0x0000000000007f18                hal_entry
 .text.atexit   0x0000000000007f1e        0x4 .pio/build/uno_r4_wifi/libFrameworkArduino.a(main.cpp.o)
                0x0000000000007f1e                atexit
 *fill*         0x0000000000007f22        0x2 ff
 .text._Z13pinPeripheral19e_bsp_io_port_pin_tm
                0x0000000000007f24       0x10 .pio/build/uno_r4_wifi/libFrameworkArduino.a(pinDefinitions.cpp.o)
                0x0000000000007f24                pinPeripheral(e_bsp_io_port_pin_t, unsigned long)
 .text._ZN6PwmOutC2Ei
                0x0000000000007f34       0x14 .pio/build/uno_r4_wifi/libFrameworkArduino.a(pwm.cpp.o)
                0x0000000000007f34                PwmOut::PwmOut(int)
                0x0000000000007f34                PwmOut::PwmOut(int)
 .text._ZN6PwmOutD2Ev
                0x0000000000007f48        0xe .pio/build/uno_r4_wifi/libFrameworkArduino.a(pwm.cpp.o)
                0x0000000000007f48                PwmOut::~PwmOut()
                0x0000000000007f48                PwmOut::~PwmOut()
 *fill*         0x0000000000007f56        0x2 ff
 .text._ZN6PwmOut7cfg_pinEi
                0x0000000000007f58       0x74 .pio/build/uno_r4_wifi/libFrameworkArduino.a(pwm.cpp.o)
                0x0000000000007f58                PwmOut::cfg_pin(int)
 .text._ZN6PwmOut5beginEv
                0x0000000000007fcc       0x28 .pio/build/uno_r4_wifi/libFrameworkArduino.a(pwm.cpp.o)
                0x0000000000007fcc                PwmOut::begin()
 .text._ZN6PwmOut14pulseWidth_rawEi
                0x0000000000007ff4        0x8 .pio/build/uno_r4_wifi/libFrameworkArduino.a(pwm.cpp.o)
                0x0000000000007ff4                PwmOut::pulseWidth_raw(int)
 .text._ZN6PwmOut10pulse_percEf
                0x0000000000007ffc       0x40 .pio/build/uno_r4_wifi/libFrameworkArduino.a(pwm.cpp.o)
                0x0000000000007ffc                PwmOut::pulse_perc(float)
 .text._ZN6PwmOut3endEv
                0x000000000000803c       0x10 .pio/build/uno_r4_wifi/libFrameworkArduino.a(pwm.cpp.o)
                0x000000000000803c                PwmOut::end()
 .text._ZL21timer_micros_callbackP22st_timer_callback_args
                0x000000000000804c       0x10 .pio/build/uno_r4_wifi/libFrameworkArduino.a(time.cpp.o)
 .text.delayMicroseconds
                0x000000000000805c        0x6 .pio/build/uno_r4_wifi/libFrameworkArduino.a(time.cpp.o)
                0x000000000000805c                delayMicroseconds
 .text.yield    0x0000000000008062        0x2 .pio/build/uno_r4_wifi/libFrameworkArduino.a(time.cpp.o)
                0x0000000000008062                yield
 .text.delay    0x0000000000008064       0x1c .pio/build/uno_r4_wifi/libFrameworkArduino.a(time.cpp.o)
                0x0000000000008064                delay
 .text._Z8startAgtv
                0x0000000000008080       0x6c .pio/build/uno_r4_wifi/libFrameworkArduino.a(time.cpp.o)
                0x0000000000008080                startAgt()
 .text.millis   0x00000000000080ec        0xc .pio/build/uno_r4_wifi/libFrameworkArduino.a(time.cpp.o)
                0x00000000000080ec                millis
 .text.startup._GLOBAL__sub_I_delayMicroseconds
                0x00000000000080f8        0xc .pio/build/uno_r4_wifi/libFrameworkArduino.a(time.cpp.o)
 .text.exit._GLOBAL__sub_D_delayMicroseconds
                0x0000000000008104        0xc .pio/build/uno_r4_wifi/libFrameworkArduino.a(time.cpp.o)
 .text._Z10getPinCfgsh11PinCfgReq_t
                0x0000000000008110       0xe0 .pio/build/uno_r4_wifi/libFrameworkArduino.a(variant_helper.cpp.o)
                0x0000000000008110                getPinCfgs(unsigned char, PinCfgReq_t)
 .text.R_FSP_SystemClockHzGet
                0x00000000000081f0       0x24 .pio/build/uno_r4_wifi/libFrameworkArduino.a(FspTimer.cpp.o)
 .text._ZN8FspTimer17set_period_countsEhfm.part.2
                0x0000000000008214      0x158 .pio/build/uno_r4_wifi/libFrameworkArduino.a(FspTimer.cpp.o)
 .text._ZN8FspTimerC2Ev
                0x000000000000836c       0x18 .pio/build/uno_r4_wifi/libFrameworkArduino.a(FspTimer.cpp.o)
                0x000000000000836c                FspTimer::FspTimer()
                0x000000000000836c                FspTimer::FspTimer()
 .text._ZN8FspTimer5beginE12e_timer_modehhmm18e_timer_source_divPFvP22st_timer_callback_argsEPv
                0x0000000000008384      0x16c .pio/build/uno_r4_wifi/libFrameworkArduino.a(FspTimer.cpp.o)
                0x0000000000008384                FspTimer::begin(e_timer_mode, unsigned char, unsigned char, unsigned long, unsigned long, e_timer_source_div, void (*)(st_timer_callback_args*), void*)
 .text._ZN8FspTimer17set_period_countsEhfm
                0x00000000000084f0       0xd8 .pio/build/uno_r4_wifi/libFrameworkArduino.a(FspTimer.cpp.o)
                0x00000000000084f0                FspTimer::set_period_counts(unsigned char, float, unsigned long)
 .text._ZN8FspTimer5beginE12e_timer_modehhffPFvP22st_timer_callback_argsEPv
                0x00000000000085c8       0xb8 .pio/build/uno_r4_wifi/libFrameworkArduino.a(FspTimer.cpp.o)
                0x00000000000085c8                FspTimer::begin(e_timer_mode, unsigned char, unsigned char, float, float, void (*)(st_timer_callback_args*), void*)
 .text._ZN8FspTimer18enable_pwm_channelE17TimerPWMChannel_t
                0x0000000000008680       0x36 .pio/build/uno_r4_wifi/libFrameworkArduino.a(FspTimer.cpp.o)
                0x0000000000008680                FspTimer::enable_pwm_channel(TimerPWMChannel_t)
 .text._ZN8FspTimer14get_period_rawEv
                0x00000000000086b6       0x2c .pio/build/uno_r4_wifi/libFrameworkArduino.a(FspTimer.cpp.o)
                0x00000000000086b6                FspTimer::get_period_raw()
 .text._ZN8FspTimer20add_pwm_extended_cfgEv
                0x00000000000086e2       0x38 .pio/build/uno_r4_wifi/libFrameworkArduino.a(FspTimer.cpp.o)
                0x00000000000086e2                FspTimer::add_pwm_extended_cfg()
 .text._ZN8FspTimer4openEv
                0x000000000000871a       0x4e .pio/build/uno_r4_wifi/libFrameworkArduino.a(FspTimer.cpp.o)
                0x000000000000871a                FspTimer::open()
 .text._ZN8FspTimer5startEv
                0x0000000000008768       0x2e .pio/build/uno_r4_wifi/libFrameworkArduino.a(FspTimer.cpp.o)
                0x0000000000008768                FspTimer::start()
 *fill*         0x0000000000008796        0x2 ff
 .text._ZN8FspTimer9begin_pwmEhh17TimerPWMChannel_t
                0x0000000000008798       0x60 .pio/build/uno_r4_wifi/libFrameworkArduino.a(FspTimer.cpp.o)
                0x0000000000008798                FspTimer::begin_pwm(unsigned char, unsigned char, TimerPWMChannel_t)
 .text._ZN8FspTimer14set_duty_cycleEm17TimerPWMChannel_t
                0x00000000000087f8       0x3c .pio/build/uno_r4_wifi/libFrameworkArduino.a(FspTimer.cpp.o)
                0x00000000000087f8                FspTimer::set_duty_cycle(unsigned long, TimerPWMChannel_t)
 .text._ZN8FspTimer5closeEv
                0x0000000000008834       0x2e .pio/build/uno_r4_wifi/libFrameworkArduino.a(FspTimer.cpp.o)
                0x0000000000008834                FspTimer::close()
 *fill*         0x0000000000008862        0x2 ff
 .text._ZN8FspTimer3endEv
                0x0000000000008864       0x48 .pio/build/uno_r4_wifi/libFrameworkArduino.a(FspTimer.cpp.o)
                0x0000000000008864                FspTimer::end()
 .text._ZN8FspTimerD2Ev
                0x00000000000088ac        0xc .pio/build/uno_r4_wifi/libFrameworkArduino.a(FspTimer.cpp.o)
                0x00000000000088ac                FspTimer::~FspTimer()
                0x00000000000088ac                FspTimer::~FspTimer()
 .text._ZN8FspTimer15get_cfg_for_irqEv
                0x00000000000088b8       0x14 .pio/build/uno_r4_wifi/libFrameworkArduino.a(FspTimer.cpp.o)
                0x00000000000088b8                FspTimer::get_cfg_for_irq()
 .text._ZN8FspTimer9is_openedEv
                0x00000000000088cc       0x18 .pio/build/uno_r4_wifi/libFrameworkArduino.a(FspTimer.cpp.o)
                0x00000000000088cc                FspTimer::is_opened()
 .text._ZN8FspTimer18setup_overflow_irqEhPFvvE
                0x00000000000088e4       0x4e .pio/build/uno_r4_wifi/libFrameworkArduino.a(FspTimer.cpp.o)
                0x00000000000088e4                FspTimer::setup_overflow_irq(unsigned char, void (*)())
 *fill*         0x0000000000008932        0x2 ff
 .text.__NVIC_SetPriority
                0x0000000000008934       0x28 .pio/build/uno_r4_wifi/libFrameworkArduino.a(IRQManager.cpp.o)
 .text.R_BSP_IrqEnable
                0x000000000000895c       0x34 .pio/build/uno_r4_wifi/libFrameworkArduino.a(IRQManager.cpp.o)
 .text.R_BSP_IrqDisable
                0x0000000000008990       0x24 .pio/build/uno_r4_wifi/libFrameworkArduino.a(IRQManager.cpp.o)
 .text.__tcf_0  0x00000000000089b4        0x2 .pio/build/uno_r4_wifi/libFrameworkArduino.a(IRQManager.cpp.o)
 *fill*         0x00000000000089b6        0x2 ff
 .text._ZN10IRQManager11getInstanceEv
                0x00000000000089b8       0x38 .pio/build/uno_r4_wifi/libFrameworkArduino.a(IRQManager.cpp.o)
                0x00000000000089b8                IRQManager::getInstance()
 .text._ZN10IRQManager18set_ext_link_eventEii
                0x00000000000089f0       0xc8 .pio/build/uno_r4_wifi/libFrameworkArduino.a(IRQManager.cpp.o)
                0x00000000000089f0                IRQManager::set_ext_link_event(int, int)
 .text._ZN10IRQManager23set_gpt_over_link_eventEii
                0x0000000000008ab8       0x70 .pio/build/uno_r4_wifi/libFrameworkArduino.a(IRQManager.cpp.o)
                0x0000000000008ab8                IRQManager::set_gpt_over_link_event(int, int)
 .text._ZN10IRQManager18set_agt_link_eventEii
                0x0000000000008b28       0x28 .pio/build/uno_r4_wifi/libFrameworkArduino.a(IRQManager.cpp.o)
                0x0000000000008b28                IRQManager::set_agt_link_event(int, int)
 .text._ZN10IRQManager16addTimerOverflowER5timerPFvvE
                0x0000000000008b50       0x80 .pio/build/uno_r4_wifi/libFrameworkArduino.a(IRQManager.cpp.o)
                0x0000000000008b50                IRQManager::addTimerOverflow(timer&, void (*)())
 .text._ZN10IRQManager21set_iic_tx_link_eventEii
                0x0000000000008bd0       0x20 .pio/build/uno_r4_wifi/libFrameworkArduino.a(IRQManager.cpp.o)
                0x0000000000008bd0                IRQManager::set_iic_tx_link_event(int, int)
 .text._ZN10IRQManager21set_iic_rx_link_eventEii
                0x0000000000008bf0       0x20 .pio/build/uno_r4_wifi/libFrameworkArduino.a(IRQManager.cpp.o)
                0x0000000000008bf0                IRQManager::set_iic_rx_link_event(int, int)
 .text._ZN10IRQManager22set_iic_tei_link_eventEii
                0x0000000000008c10       0x20 .pio/build/uno_r4_wifi/libFrameworkArduino.a(IRQManager.cpp.o)
                0x0000000000008c10                IRQManager::set_iic_tei_link_event(int, int)
 .text._ZN10IRQManager22set_iic_eri_link_eventEii
                0x0000000000008c30       0x20 .pio/build/uno_r4_wifi/libFrameworkArduino.a(IRQManager.cpp.o)
                0x0000000000008c30                IRQManager::set_iic_eri_link_event(int, int)
 .text._ZN10IRQManager21set_sci_tx_link_eventEii
                0x0000000000008c50       0x38 .pio/build/uno_r4_wifi/libFrameworkArduino.a(IRQManager.cpp.o)
                0x0000000000008c50                IRQManager::set_sci_tx_link_event(int, int)
 .text._ZN10IRQManager21set_sci_rx_link_eventEii
                0x0000000000008c88       0x38 .pio/build/uno_r4_wifi/libFrameworkArduino.a(IRQManager.cpp.o)
                0x0000000000008c88                IRQManager::set_sci_rx_link_event(int, int)
 .text._ZN10IRQManager22set_sci_tei_link_eventEii
                0x0000000000008cc0       0x38 .pio/build/uno_r4_wifi/libFrameworkArduino.a(IRQManager.cpp.o)
                0x0000000000008cc0                IRQManager::set_sci_tei_link_event(int, int)
 .text._ZN10IRQManager22set_sci_eri_link_eventEii
                0x0000000000008cf8       0x38 .pio/build/uno_r4_wifi/libFrameworkArduino.a(IRQManager.cpp.o)
                0x0000000000008cf8                IRQManager::set_sci_eri_link_event(int, int)
 .text._ZN10IRQManager21set_spi_tx_link_eventEii
                0x0000000000008d30       0x20 .pio/build/uno_r4_wifi/libFrameworkArduino.a(IRQManager.cpp.o)
                0x0000000000008d30                IRQManager::set_spi_tx_link_event(int, int)
 .text._ZN10IRQManager21set_spi_rx_link_eventEii
                0x0000000000008d50       0x20 .pio/build/uno_r4_wifi/libFrameworkArduino.a(IRQManager.cpp.o)
                0x0000000000008d50                IRQManager::set_spi_rx_link_event(int, int)
 .text._ZN10IRQManager22set_spi_tei_link_eventEii
                0x0000000000008d70       0x20 .pio/build/uno_r4_wifi/libFrameworkArduino.a(IRQManager.cpp.o)
                0x0000000000008d70                IRQManager::set_spi_tei_link_event(int, int)
 .text._ZN10IRQManager22set_spi_eri_link_eventEii
                0x0000000000008d90       0x20 .pio/build/uno_r4_wifi/libFrameworkArduino.a(IRQManager.cpp.o)
                0x0000000000008d90                IRQManager::set_spi_eri_link_event(int, int)
 .text._ZN10IRQManager13addPeripheralE12Peripheral_tPv
                0x0000000000008db0      0x904 .pio/build/uno_r4_wifi/libFrameworkArduino.a(IRQManager.cpp.o)
                0x0000000000008db0                IRQManager::addPeripheral(Peripheral_t, void*)
 .text.dump_stack
                0x00000000000096b4       0x7c .pio/build/uno_r4_wifi/libFrameworkArduino.a(cm_backtrace.c.o)
 .text.cm_backtrace_init
                0x0000000000009730       0x74 .pio/build/uno_r4_wifi/libFrameworkArduino.a(cm_backtrace.c.o)
                0x0000000000009730                cm_backtrace_init
 .text.cm_backtrace_firmware_info
                0x00000000000097a4       0x2c .pio/build/uno_r4_wifi/libFrameworkArduino.a(cm_backtrace.c.o)
                0x00000000000097a4                cm_backtrace_firmware_info
 .text.cm_backtrace_call_stack
                0x00000000000097d0       0xe4 .pio/build/uno_r4_wifi/libFrameworkArduino.a(cm_backtrace.c.o)
                0x00000000000097d0                cm_backtrace_call_stack
 .text.print_call_stack
                0x00000000000098b4       0x94 .pio/build/uno_r4_wifi/libFrameworkArduino.a(cm_backtrace.c.o)
 .text.cm_backtrace_fault
                0x0000000000009948      0x470 .pio/build/uno_r4_wifi/libFrameworkArduino.a(cm_backtrace.c.o)
                0x0000000000009948                cm_backtrace_fault
 .text.Stacktrace_Handler
                0x0000000000009db8        0xa .pio/build/uno_r4_wifi/libFrameworkArduino.a(cortex_handlers.c.o)
                0x0000000000009db8                Stacktrace_Handler
 *fill*         0x0000000000009dc2        0x2 ff
 .text.r_spi_call_callback
                0x0000000000009dc4       0x40 /Users/oscartesniere/.platformio/packages/framework-arduinorenesas-uno/variants/UNOWIFIR4/libs/libfsp.a(r_spi.o)
 .text.spi_rxi_isr
                0x0000000000009e04       0x9c /Users/oscartesniere/.platformio/packages/framework-arduinorenesas-uno/variants/UNOWIFIR4/libs/libfsp.a(r_spi.o)
                0x0000000000009e04                spi_rxi_isr
 .text.spi_txi_isr
                0x0000000000009ea0       0xd8 /Users/oscartesniere/.platformio/packages/framework-arduinorenesas-uno/variants/UNOWIFIR4/libs/libfsp.a(r_spi.o)
                0x0000000000009ea0                spi_txi_isr
 .text.spi_tei_isr
                0x0000000000009f78       0xe0 /Users/oscartesniere/.platformio/packages/framework-arduinorenesas-uno/variants/UNOWIFIR4/libs/libfsp.a(r_spi.o)
                0x0000000000009f78                spi_tei_isr
 .text.spi_eri_isr
                0x000000000000a058       0xdc /Users/oscartesniere/.platformio/packages/framework-arduinorenesas-uno/variants/UNOWIFIR4/libs/libfsp.a(r_spi.o)
                0x000000000000a058                spi_eri_isr
 .text.R_SCI_UART_Write
                0x000000000000a134       0xb0 /Users/oscartesniere/.platformio/packages/framework-arduinorenesas-uno/variants/UNOWIFIR4/libs/libfsp.a(r_sci_uart.o)
                0x000000000000a134                R_SCI_UART_Write
 .text.R_SCI_UART_BaudSet
                0x000000000000a1e4       0x44 /Users/oscartesniere/.platformio/packages/framework-arduinorenesas-uno/variants/UNOWIFIR4/libs/libfsp.a(r_sci_uart.o)
                0x000000000000a1e4                R_SCI_UART_BaudSet
 .text.R_SCI_UART_Close
                0x000000000000a228       0xd8 /Users/oscartesniere/.platformio/packages/framework-arduinorenesas-uno/variants/UNOWIFIR4/libs/libfsp.a(r_sci_uart.o)
                0x000000000000a228                R_SCI_UART_Close
 .text.r_sci_uart_call_callback
                0x000000000000a300       0x44 /Users/oscartesniere/.platformio/packages/framework-arduinorenesas-uno/variants/UNOWIFIR4/libs/libfsp.a(r_sci_uart.o)
 .text.r_sci_uart_transfer_configure.isra.0
                0x000000000000a344       0x38 /Users/oscartesniere/.platformio/packages/framework-arduinorenesas-uno/variants/UNOWIFIR4/libs/libfsp.a(r_sci_uart.o)
 .text.R_SCI_UART_Open
                0x000000000000a37c      0x448 /Users/oscartesniere/.platformio/packages/framework-arduinorenesas-uno/variants/UNOWIFIR4/libs/libfsp.a(r_sci_uart.o)
                0x000000000000a37c                R_SCI_UART_Open
 .text.R_SCI_UART_BaudCalculate
                0x000000000000a7c4      0x184 /Users/oscartesniere/.platformio/packages/framework-arduinorenesas-uno/variants/UNOWIFIR4/libs/libfsp.a(r_sci_uart.o)
                0x000000000000a7c4                R_SCI_UART_BaudCalculate
 .text.sci_uart_txi_isr
                0x000000000000a948       0xec /Users/oscartesniere/.platformio/packages/framework-arduinorenesas-uno/variants/UNOWIFIR4/libs/libfsp.a(r_sci_uart.o)
                0x000000000000a948                sci_uart_txi_isr
 .text.sci_uart_rxi_isr
                0x000000000000aa34      0x184 /Users/oscartesniere/.platformio/packages/framework-arduinorenesas-uno/variants/UNOWIFIR4/libs/libfsp.a(r_sci_uart.o)
                0x000000000000aa34                sci_uart_rxi_isr
 .text.sci_uart_tei_isr
                0x000000000000abb8       0x40 /Users/oscartesniere/.platformio/packages/framework-arduinorenesas-uno/variants/UNOWIFIR4/libs/libfsp.a(r_sci_uart.o)
                0x000000000000abb8                sci_uart_tei_isr
 .text.sci_uart_eri_isr
                0x000000000000abf8       0x78 /Users/oscartesniere/.platformio/packages/framework-arduinorenesas-uno/variants/UNOWIFIR4/libs/libfsp.a(r_sci_uart.o)
                0x000000000000abf8                sci_uart_eri_isr
 .text.r_sci_spi_call_callback
                0x000000000000ac70       0x40 /Users/oscartesniere/.platformio/packages/framework-arduinorenesas-uno/variants/UNOWIFIR4/libs/libfsp.a(r_sci_spi.o)
 .text.sci_spi_txi_isr
                0x000000000000acb0       0x68 /Users/oscartesniere/.platformio/packages/framework-arduinorenesas-uno/variants/UNOWIFIR4/libs/libfsp.a(r_sci_spi.o)
                0x000000000000acb0                sci_spi_txi_isr
 .text.sci_spi_rxi_isr
                0x000000000000ad18       0x74 /Users/oscartesniere/.platformio/packages/framework-arduinorenesas-uno/variants/UNOWIFIR4/libs/libfsp.a(r_sci_spi.o)
                0x000000000000ad18                sci_spi_rxi_isr
 .text.sci_spi_tei_isr
                0x000000000000ad8c       0x3c /Users/oscartesniere/.platformio/packages/framework-arduinorenesas-uno/variants/UNOWIFIR4/libs/libfsp.a(r_sci_spi.o)
                0x000000000000ad8c                sci_spi_tei_isr
 .text.sci_spi_eri_isr
                0x000000000000adc8       0x44 /Users/oscartesniere/.platformio/packages/framework-arduinorenesas-uno/variants/UNOWIFIR4/libs/libfsp.a(r_sci_spi.o)
                0x000000000000adc8                sci_spi_eri_isr
 .text.sci_i2c_enable_transfer_support_tx
                0x000000000000ae0c       0x34 /Users/oscartesniere/.platformio/packages/framework-arduinorenesas-uno/variants/UNOWIFIR4/libs/libfsp.a(r_sci_i2c.o)
 .text.sci_i2c_notify
                0x000000000000ae40       0x64 /Users/oscartesniere/.platformio/packages/framework-arduinorenesas-uno/variants/UNOWIFIR4/libs/libfsp.a(r_sci_i2c.o)
                0x000000000000ae40                sci_i2c_notify
 .text.sci_i2c_rxi_isr
                0x000000000000aea4       0x20 /Users/oscartesniere/.platformio/packages/framework-arduinorenesas-uno/variants/UNOWIFIR4/libs/libfsp.a(r_sci_i2c.o)
                0x000000000000aea4                sci_i2c_rxi_isr
 .text.sci_i2c_txi_isr
                0x000000000000aec4      0x198 /Users/oscartesniere/.platformio/packages/framework-arduinorenesas-uno/variants/UNOWIFIR4/libs/libfsp.a(r_sci_i2c.o)
                0x000000000000aec4                sci_i2c_txi_isr
 .text.sci_i2c_tei_isr
                0x000000000000b05c       0xf0 /Users/oscartesniere/.platformio/packages/framework-arduinorenesas-uno/variants/UNOWIFIR4/libs/libfsp.a(r_sci_i2c.o)
                0x000000000000b05c                sci_i2c_tei_isr
 .text.rtc_alarm_periodic_isr
                0x000000000000b14c       0x68 /Users/oscartesniere/.platformio/packages/framework-arduinorenesas-uno/variants/UNOWIFIR4/libs/libfsp.a(r_rtc.o)
                0x000000000000b14c                rtc_alarm_periodic_isr
 .text.rtc_carry_isr
                0x000000000000b1b4       0x2c /Users/oscartesniere/.platformio/packages/framework-arduinorenesas-uno/variants/UNOWIFIR4/libs/libfsp.a(r_rtc.o)
                0x000000000000b1b4                rtc_carry_isr
 .text.R_IOPORT_PinWrite
                0x000000000000b1e0       0x20 /Users/oscartesniere/.platformio/packages/framework-arduinorenesas-uno/variants/UNOWIFIR4/libs/libfsp.a(r_ioport.o)
                0x000000000000b1e0                R_IOPORT_PinWrite
 .text.bsp_vbatt_init
                0x000000000000b200       0xac /Users/oscartesniere/.platformio/packages/framework-arduinorenesas-uno/variants/UNOWIFIR4/libs/libfsp.a(r_ioport.o)
 .text.R_IOPORT_PinCfg
                0x000000000000b2ac       0xa8 /Users/oscartesniere/.platformio/packages/framework-arduinorenesas-uno/variants/UNOWIFIR4/libs/libfsp.a(r_ioport.o)
                0x000000000000b2ac                R_IOPORT_PinCfg
 .text.r_iic_slave_call_callback
                0x000000000000b354       0x3c /Users/oscartesniere/.platformio/packages/framework-arduinorenesas-uno/variants/UNOWIFIR4/libs/libfsp.a(r_iic_slave.o)
 .text.iic_slave_initiate_transaction
                0x000000000000b390       0x74 /Users/oscartesniere/.platformio/packages/framework-arduinorenesas-uno/variants/UNOWIFIR4/libs/libfsp.a(r_iic_slave.o)
 .text.iic_slave_rxi_isr
                0x000000000000b404      0x12c /Users/oscartesniere/.platformio/packages/framework-arduinorenesas-uno/variants/UNOWIFIR4/libs/libfsp.a(r_iic_slave.o)
                0x000000000000b404                iic_slave_rxi_isr
 .text.iic_slave_txi_isr
                0x000000000000b530       0xa8 /Users/oscartesniere/.platformio/packages/framework-arduinorenesas-uno/variants/UNOWIFIR4/libs/libfsp.a(r_iic_slave.o)
                0x000000000000b530                iic_slave_txi_isr
 .text.iic_slave_tei_isr
                0x000000000000b5d8       0x94 /Users/oscartesniere/.platformio/packages/framework-arduinorenesas-uno/variants/UNOWIFIR4/libs/libfsp.a(r_iic_slave.o)
                0x000000000000b5d8                iic_slave_tei_isr
 .text.iic_slave_eri_isr
                0x000000000000b66c      0x10c /Users/oscartesniere/.platformio/packages/framework-arduinorenesas-uno/variants/UNOWIFIR4/libs/libfsp.a(r_iic_slave.o)
                0x000000000000b66c                iic_slave_eri_isr
 .text.iic_master_notify
                0x000000000000b778       0x3c /Users/oscartesniere/.platformio/packages/framework-arduinorenesas-uno/variants/UNOWIFIR4/libs/libfsp.a(r_iic_master.o)
 .text.iic_master_open_hw_master
                0x000000000000b7b4      0x184 /Users/oscartesniere/.platformio/packages/framework-arduinorenesas-uno/variants/UNOWIFIR4/libs/libfsp.a(r_iic_master.o)
 .text.iic_master_rxi_isr
                0x000000000000b938      0x13c /Users/oscartesniere/.platformio/packages/framework-arduinorenesas-uno/variants/UNOWIFIR4/libs/libfsp.a(r_iic_master.o)
                0x000000000000b938                iic_master_rxi_isr
 .text.iic_master_txi_isr
                0x000000000000ba74       0xec /Users/oscartesniere/.platformio/packages/framework-arduinorenesas-uno/variants/UNOWIFIR4/libs/libfsp.a(r_iic_master.o)
                0x000000000000ba74                iic_master_txi_isr
 .text.iic_master_tei_isr
                0x000000000000bb60       0xc4 /Users/oscartesniere/.platformio/packages/framework-arduinorenesas-uno/variants/UNOWIFIR4/libs/libfsp.a(r_iic_master.o)
                0x000000000000bb60                iic_master_tei_isr
 .text.iic_master_eri_isr
                0x000000000000bc24      0x140 /Users/oscartesniere/.platformio/packages/framework-arduinorenesas-uno/variants/UNOWIFIR4/libs/libfsp.a(r_iic_master.o)
                0x000000000000bc24                iic_master_eri_isr
 .text.r_icu_isr
                0x000000000000bd64       0x6c /Users/oscartesniere/.platformio/packages/framework-arduinorenesas-uno/variants/UNOWIFIR4/libs/libfsp.a(r_icu.o)
                0x000000000000bd64                r_icu_isr
 .text.R_GPT_Start
                0x000000000000bdd0        0xc /Users/oscartesniere/.platformio/packages/framework-arduinorenesas-uno/variants/UNOWIFIR4/libs/libfsp.a(r_gpt.o)
                0x000000000000bdd0                R_GPT_Start
 .text.R_GPT_Enable
                0x000000000000bddc       0x30 /Users/oscartesniere/.platformio/packages/framework-arduinorenesas-uno/variants/UNOWIFIR4/libs/libfsp.a(r_gpt.o)
                0x000000000000bddc                R_GPT_Enable
 .text.r_gpt_enable_irq
                0x000000000000be0c       0x5c /Users/oscartesniere/.platformio/packages/framework-arduinorenesas-uno/variants/UNOWIFIR4/libs/libfsp.a(r_gpt.o)
 .text.r_gpt_call_callback
                0x000000000000be68       0x3c /Users/oscartesniere/.platformio/packages/framework-arduinorenesas-uno/variants/UNOWIFIR4/libs/libfsp.a(r_gpt.o)
 .text.R_GPT_InfoGet
                0x000000000000bea4       0x44 /Users/oscartesniere/.platformio/packages/framework-arduinorenesas-uno/variants/UNOWIFIR4/libs/libfsp.a(r_gpt.o)
                0x000000000000bea4                R_GPT_InfoGet
 .text.gpt_calculate_duty_cycle.isra.0
                0x000000000000bee8       0x78 /Users/oscartesniere/.platformio/packages/framework-arduinorenesas-uno/variants/UNOWIFIR4/libs/libfsp.a(r_gpt.o)
 .text.R_GPT_DutyCycleSet
                0x000000000000bf60       0xc0 /Users/oscartesniere/.platformio/packages/framework-arduinorenesas-uno/variants/UNOWIFIR4/libs/libfsp.a(r_gpt.o)
                0x000000000000bf60                R_GPT_DutyCycleSet
 .text.R_GPT_Open
                0x000000000000c020      0x264 /Users/oscartesniere/.platformio/packages/framework-arduinorenesas-uno/variants/UNOWIFIR4/libs/libfsp.a(r_gpt.o)
                0x000000000000c020                R_GPT_Open
 .text.R_GPT_Close
                0x000000000000c284       0xd4 /Users/oscartesniere/.platformio/packages/framework-arduinorenesas-uno/variants/UNOWIFIR4/libs/libfsp.a(r_gpt.o)
                0x000000000000c284                R_GPT_Close
 .text.gpt_counter_overflow_isr
                0x000000000000c358       0x78 /Users/oscartesniere/.platformio/packages/framework-arduinorenesas-uno/variants/UNOWIFIR4/libs/libfsp.a(r_gpt.o)
                0x000000000000c358                gpt_counter_overflow_isr
 .text.R_DAC_Open
                0x000000000000c3d0       0x88 /Users/oscartesniere/.platformio/packages/framework-arduinorenesas-uno/variants/UNOWIFIR4/libs/libfsp.a(r_dac.o)
                0x000000000000c3d0                R_DAC_Open
 .text.R_DAC_Write
                0x000000000000c458        0xc /Users/oscartesniere/.platformio/packages/framework-arduinorenesas-uno/variants/UNOWIFIR4/libs/libfsp.a(r_dac.o)
                0x000000000000c458                R_DAC_Write
 .text.R_DAC_Start
                0x000000000000c464       0x30 /Users/oscartesniere/.platformio/packages/framework-arduinorenesas-uno/variants/UNOWIFIR4/libs/libfsp.a(r_dac.o)
                0x000000000000c464                R_DAC_Start
 .text.R_DAC_Stop
                0x000000000000c494       0x34 /Users/oscartesniere/.platformio/packages/framework-arduinorenesas-uno/variants/UNOWIFIR4/libs/libfsp.a(r_dac.o)
                0x000000000000c494                R_DAC_Stop
 .text.R_DAC_Close
                0x000000000000c4c8       0x40 /Users/oscartesniere/.platformio/packages/framework-arduinorenesas-uno/variants/UNOWIFIR4/libs/libfsp.a(r_dac.o)
                0x000000000000c4c8                R_DAC_Close
 .text.r_can_call_callback
                0x000000000000c508       0x68 /Users/oscartesniere/.platformio/packages/framework-arduinorenesas-uno/variants/UNOWIFIR4/libs/libfsp.a(r_can.o)
 .text.can_error_isr
                0x000000000000c570       0xd4 /Users/oscartesniere/.platformio/packages/framework-arduinorenesas-uno/variants/UNOWIFIR4/libs/libfsp.a(r_can.o)
                0x000000000000c570                can_error_isr
 .text.can_rx_isr
                0x000000000000c644      0x118 /Users/oscartesniere/.platformio/packages/framework-arduinorenesas-uno/variants/UNOWIFIR4/libs/libfsp.a(r_can.o)
                0x000000000000c644                can_rx_isr
 .text.can_tx_isr
                0x000000000000c75c       0xa0 /Users/oscartesniere/.platformio/packages/framework-arduinorenesas-uno/variants/UNOWIFIR4/libs/libfsp.a(r_can.o)
                0x000000000000c75c                can_tx_isr
 .text.R_AGT_Start
                0x000000000000c7fc       0x38 /Users/oscartesniere/.platformio/packages/framework-arduinorenesas-uno/variants/UNOWIFIR4/libs/libfsp.a(r_agt.o)
                0x000000000000c7fc                R_AGT_Start
 .text.R_AGT_Enable
                0x000000000000c834       0x14 /Users/oscartesniere/.platformio/packages/framework-arduinorenesas-uno/variants/UNOWIFIR4/libs/libfsp.a(r_agt.o)
                0x000000000000c834                R_AGT_Enable
 .text.R_AGT_DutyCycleSet
                0x000000000000c848        0x4 /Users/oscartesniere/.platformio/packages/framework-arduinorenesas-uno/variants/UNOWIFIR4/libs/libfsp.a(r_agt.o)
                0x000000000000c848                R_AGT_DutyCycleSet
 .text.R_AGT_Close
                0x000000000000c84c       0x84 /Users/oscartesniere/.platformio/packages/framework-arduinorenesas-uno/variants/UNOWIFIR4/libs/libfsp.a(r_agt.o)
                0x000000000000c84c                R_AGT_Close
 .text.R_AGT_Open
                0x000000000000c8d0      0x118 /Users/oscartesniere/.platformio/packages/framework-arduinorenesas-uno/variants/UNOWIFIR4/libs/libfsp.a(r_agt.o)
                0x000000000000c8d0                R_AGT_Open
 .text.R_AGT_InfoGet
                0x000000000000c9e8       0xcc /Users/oscartesniere/.platformio/packages/framework-arduinorenesas-uno/variants/UNOWIFIR4/libs/libfsp.a(r_agt.o)
                0x000000000000c9e8                R_AGT_InfoGet
 .text.agt_int_isr
                0x000000000000cab4       0x88 /Users/oscartesniere/.platformio/packages/framework-arduinorenesas-uno/variants/UNOWIFIR4/libs/libfsp.a(r_agt.o)
                0x000000000000cab4                agt_int_isr
 .text.R_ADC_ScanStart
                0x000000000000cb3c        0xc /Users/oscartesniere/.platformio/packages/framework-arduinorenesas-uno/variants/UNOWIFIR4/libs/libfsp.a(r_adc.o)
                0x000000000000cb3c                R_ADC_ScanStart
 .text.R_ADC_StatusGet
                0x000000000000cb48       0x10 /Users/oscartesniere/.platformio/packages/framework-arduinorenesas-uno/variants/UNOWIFIR4/libs/libfsp.a(r_adc.o)
                0x000000000000cb48                R_ADC_StatusGet
 .text.R_ADC_Read
                0x000000000000cb58       0x10 /Users/oscartesniere/.platformio/packages/framework-arduinorenesas-uno/variants/UNOWIFIR4/libs/libfsp.a(r_adc.o)
                0x000000000000cb58                R_ADC_Read
 .text.R_ADC_ScanCfg
                0x000000000000cb68      0x1a0 /Users/oscartesniere/.platformio/packages/framework-arduinorenesas-uno/variants/UNOWIFIR4/libs/libfsp.a(r_adc.o)
                0x000000000000cb68                R_ADC_ScanCfg
 .text.R_ADC_Open
                0x000000000000cd08      0x240 /Users/oscartesniere/.platformio/packages/framework-arduinorenesas-uno/variants/UNOWIFIR4/libs/libfsp.a(r_adc.o)
                0x000000000000cd08                R_ADC_Open
 .text.R_ADC_Close
                0x000000000000cf48       0xfc /Users/oscartesniere/.platformio/packages/framework-arduinorenesas-uno/variants/UNOWIFIR4/libs/libfsp.a(r_adc.o)
                0x000000000000cf48                R_ADC_Close
 .text.bsp_prv_software_delay_loop
                0x000000000000d044        0xc /Users/oscartesniere/.platformio/packages/framework-arduinorenesas-uno/variants/UNOWIFIR4/libs/libfsp.a(bsp_delay.o)
                0x000000000000d044                bsp_prv_software_delay_loop
 .text.R_BSP_SoftwareDelay
                0x000000000000d050       0x5c /Users/oscartesniere/.platformio/packages/framework-arduinorenesas-uno/variants/UNOWIFIR4/libs/libfsp.a(bsp_delay.o)
                0x000000000000d050                R_BSP_SoftwareDelay
 .text.bsp_irq_cfg
                0x000000000000d0ac       0x2c /Users/oscartesniere/.platformio/packages/framework-arduinorenesas-uno/variants/UNOWIFIR4/libs/libfsp.a(bsp_irq.o)
                0x000000000000d0ac                bsp_irq_cfg
 .text.R_BSP_RegisterProtectEnable
                0x000000000000d0d8       0x60 /Users/oscartesniere/.platformio/packages/framework-arduinorenesas-uno/variants/UNOWIFIR4/libs/libfsp.a(bsp_register_protection.o)
                0x000000000000d0d8                R_BSP_RegisterProtectEnable
 .text.R_BSP_RegisterProtectDisable
                0x000000000000d138       0x54 /Users/oscartesniere/.platformio/packages/framework-arduinorenesas-uno/variants/UNOWIFIR4/libs/libfsp.a(bsp_register_protection.o)
                0x000000000000d138                R_BSP_RegisterProtectDisable
 .text.Default_Handler
                0x000000000000d18c        0x4 /Users/oscartesniere/.platformio/packages/framework-arduinorenesas-uno/variants/UNOWIFIR4/libs/libfsp.a(startup.o)
                0x000000000000d18c                BusFault_Handler
                0x000000000000d18c                HardFault_Handler
                0x000000000000d18c                SysTick_Handler
                0x000000000000d18c                PendSV_Handler
                0x000000000000d18c                UsageFault_Handler
                0x000000000000d18c                SecureFault_Handler
                0x000000000000d18c                Default_Handler
                0x000000000000d18c                MemManage_Handler
                0x000000000000d18c                SVC_Handler
                0x000000000000d18c                DebugMon_Handler
 .text.Reset_Handler
                0x000000000000d190        0xc /Users/oscartesniere/.platformio/packages/framework-arduinorenesas-uno/variants/UNOWIFIR4/libs/libfsp.a(startup.o)
                0x000000000000d190                Reset_Handler
 .text.R_BSP_WarmStart
                0x000000000000d19c        0x4 /Users/oscartesniere/.platformio/packages/framework-arduinorenesas-uno/variants/UNOWIFIR4/libs/libfsp.a(system.o)
                0x000000000000d19c                R_BSP_WarmStart
 .text.SystemInit
                0x000000000000d1a0      0x15c /Users/oscartesniere/.platformio/packages/framework-arduinorenesas-uno/variants/UNOWIFIR4/libs/libfsp.a(system.o)
                0x000000000000d1a0                SystemInit
 .text.SystemCoreClockUpdate
                0x000000000000d2fc       0x28 /Users/oscartesniere/.platformio/packages/framework-arduinorenesas-uno/variants/UNOWIFIR4/libs/libfsp.a(bsp_clocks.o)
                0x000000000000d2fc                SystemCoreClockUpdate
 .text.bsp_clock_init
                0x000000000000d324      0x12c /Users/oscartesniere/.platformio/packages/framework-arduinorenesas-uno/variants/UNOWIFIR4/libs/libfsp.a(bsp_clocks.o)
                0x000000000000d324                bsp_clock_init
 .text.bsp_init_internal
                0x000000000000d450        0x4 /Users/oscartesniere/.platformio/packages/framework-arduinorenesas-uno/variants/UNOWIFIR4/libs/libfsp.a(bsp_common.o)
                0x000000000000d450                bsp_init
                0x000000000000d450                bsp_init_internal
 .text.NMI_Handler
                0x000000000000d454       0x38 /Users/oscartesniere/.platformio/packages/framework-arduinorenesas-uno/variants/UNOWIFIR4/libs/libfsp.a(bsp_group_irq.o)
                0x000000000000d454                NMI_Handler
 .text._ZdlPv   0x000000000000d48c        0x4 /Users/oscartesniere/.platformio/packages/toolchain-gccarmnoneeabi/bin/../lib/gcc/arm-none-eabi/7.2.1/../../../../arm-none-eabi/lib/thumb/v7e-m/fpv4-sp/hard/libstdc++_nano.a(del_op.o)
                0x000000000000d48c                operator delete(void*)
 .text._ZdlPvj  0x000000000000d490        0x4 /Users/oscartesniere/.platformio/packages/toolchain-gccarmnoneeabi/bin/../lib/gcc/arm-none-eabi/7.2.1/../../../../arm-none-eabi/lib/thumb/v7e-m/fpv4-sp/hard/libstdc++_nano.a(del_ops.o)
                0x000000000000d490                operator delete(void*, unsigned int)
 .text.__cxa_guard_acquire
                0x000000000000d494       0x18 /Users/oscartesniere/.platformio/packages/toolchain-gccarmnoneeabi/bin/../lib/gcc/arm-none-eabi/7.2.1/../../../../arm-none-eabi/lib/thumb/v7e-m/fpv4-sp/hard/libstdc++_nano.a(guard.o)
                0x000000000000d494                __cxa_guard_acquire
 .text.__cxa_guard_release
                0x000000000000d4ac        0x6 /Users/oscartesniere/.platformio/packages/toolchain-gccarmnoneeabi/bin/../lib/gcc/arm-none-eabi/7.2.1/../../../../arm-none-eabi/lib/thumb/v7e-m/fpv4-sp/hard/libstdc++_nano.a(guard.o)